Archive member included to satisfy reference by file (symbol)

c:/st/stm32cubeide_1.7.0/stm32cubeide/plugins/com.st.stm32cube.ide.mcu.externaltools.gnu-tools-for-stm32.9-2020-q2-update.win32_2.0.0.202105311346/tools/bin/../lib/gcc/arm-none-eabi/9.3.1/../../../../arm-none-eabi/lib/thumb/v7-m/nofp\libc_nano.a(lib_a-errno.o)
                              ./Core/Src/syscalls.o (__errno)
c:/st/stm32cubeide_1.7.0/stm32cubeide/plugins/com.st.stm32cube.ide.mcu.externaltools.gnu-tools-for-stm32.9-2020-q2-update.win32_2.0.0.202105311346/tools/bin/../lib/gcc/arm-none-eabi/9.3.1/../../../../arm-none-eabi/lib/thumb/v7-m/nofp\libc_nano.a(lib_a-exit.o)
                              c:/st/stm32cubeide_1.7.0/stm32cubeide/plugins/com.st.stm32cube.ide.mcu.externaltools.gnu-tools-for-stm32.9-2020-q2-update.win32_2.0.0.202105311346/tools/bin/../lib/gcc/arm-none-eabi/9.3.1/../../../../arm-none-eabi/lib/thumb/v7-m/nofp/crt0.o (exit)
c:/st/stm32cubeide_1.7.0/stm32cubeide/plugins/com.st.stm32cube.ide.mcu.externaltools.gnu-tools-for-stm32.9-2020-q2-update.win32_2.0.0.202105311346/tools/bin/../lib/gcc/arm-none-eabi/9.3.1/../../../../arm-none-eabi/lib/thumb/v7-m/nofp\libc_nano.a(lib_a-impure.o)
                              c:/st/stm32cubeide_1.7.0/stm32cubeide/plugins/com.st.stm32cube.ide.mcu.externaltools.gnu-tools-for-stm32.9-2020-q2-update.win32_2.0.0.202105311346/tools/bin/../lib/gcc/arm-none-eabi/9.3.1/../../../../arm-none-eabi/lib/thumb/v7-m/nofp\libc_nano.a(lib_a-exit.o) (_global_impure_ptr)
c:/st/stm32cubeide_1.7.0/stm32cubeide/plugins/com.st.stm32cube.ide.mcu.externaltools.gnu-tools-for-stm32.9-2020-q2-update.win32_2.0.0.202105311346/tools/bin/../lib/gcc/arm-none-eabi/9.3.1/../../../../arm-none-eabi/lib/thumb/v7-m/nofp\libc_nano.a(lib_a-init.o)
                              c:/st/stm32cubeide_1.7.0/stm32cubeide/plugins/com.st.stm32cube.ide.mcu.externaltools.gnu-tools-for-stm32.9-2020-q2-update.win32_2.0.0.202105311346/tools/bin/../lib/gcc/arm-none-eabi/9.3.1/../../../../arm-none-eabi/lib/thumb/v7-m/nofp/crt0.o (__libc_init_array)
c:/st/stm32cubeide_1.7.0/stm32cubeide/plugins/com.st.stm32cube.ide.mcu.externaltools.gnu-tools-for-stm32.9-2020-q2-update.win32_2.0.0.202105311346/tools/bin/../lib/gcc/arm-none-eabi/9.3.1/../../../../arm-none-eabi/lib/thumb/v7-m/nofp\libc_nano.a(lib_a-memset.o)
                              c:/st/stm32cubeide_1.7.0/stm32cubeide/plugins/com.st.stm32cube.ide.mcu.externaltools.gnu-tools-for-stm32.9-2020-q2-update.win32_2.0.0.202105311346/tools/bin/../lib/gcc/arm-none-eabi/9.3.1/../../../../arm-none-eabi/lib/thumb/v7-m/nofp/crt0.o (memset)
c:/st/stm32cubeide_1.7.0/stm32cubeide/plugins/com.st.stm32cube.ide.mcu.externaltools.gnu-tools-for-stm32.9-2020-q2-update.win32_2.0.0.202105311346/tools/bin/../lib/gcc/arm-none-eabi/9.3.1/../../../../arm-none-eabi/lib/thumb/v7-m/nofp\libc_nano.a(lib_a-sprintf.o)
                              ./Core/Src/button.o (sprintf)
c:/st/stm32cubeide_1.7.0/stm32cubeide/plugins/com.st.stm32cube.ide.mcu.externaltools.gnu-tools-for-stm32.9-2020-q2-update.win32_2.0.0.202105311346/tools/bin/../lib/gcc/arm-none-eabi/9.3.1/../../../../arm-none-eabi/lib/thumb/v7-m/nofp\libc_nano.a(lib_a-nano-svfprintf.o)
                              c:/st/stm32cubeide_1.7.0/stm32cubeide/plugins/com.st.stm32cube.ide.mcu.externaltools.gnu-tools-for-stm32.9-2020-q2-update.win32_2.0.0.202105311346/tools/bin/../lib/gcc/arm-none-eabi/9.3.1/../../../../arm-none-eabi/lib/thumb/v7-m/nofp\libc_nano.a(lib_a-sprintf.o) (_svfprintf_r)
c:/st/stm32cubeide_1.7.0/stm32cubeide/plugins/com.st.stm32cube.ide.mcu.externaltools.gnu-tools-for-stm32.9-2020-q2-update.win32_2.0.0.202105311346/tools/bin/../lib/gcc/arm-none-eabi/9.3.1/../../../../arm-none-eabi/lib/thumb/v7-m/nofp\libc_nano.a(lib_a-nano-vfprintf_i.o)
                              c:/st/stm32cubeide_1.7.0/stm32cubeide/plugins/com.st.stm32cube.ide.mcu.externaltools.gnu-tools-for-stm32.9-2020-q2-update.win32_2.0.0.202105311346/tools/bin/../lib/gcc/arm-none-eabi/9.3.1/../../../../arm-none-eabi/lib/thumb/v7-m/nofp\libc_nano.a(lib_a-nano-svfprintf.o) (_printf_i)
c:/st/stm32cubeide_1.7.0/stm32cubeide/plugins/com.st.stm32cube.ide.mcu.externaltools.gnu-tools-for-stm32.9-2020-q2-update.win32_2.0.0.202105311346/tools/bin/../lib/gcc/arm-none-eabi/9.3.1/../../../../arm-none-eabi/lib/thumb/v7-m/nofp\libc_nano.a(lib_a-memchr-stub.o)
                              c:/st/stm32cubeide_1.7.0/stm32cubeide/plugins/com.st.stm32cube.ide.mcu.externaltools.gnu-tools-for-stm32.9-2020-q2-update.win32_2.0.0.202105311346/tools/bin/../lib/gcc/arm-none-eabi/9.3.1/../../../../arm-none-eabi/lib/thumb/v7-m/nofp\libc_nano.a(lib_a-nano-svfprintf.o) (memchr)
c:/st/stm32cubeide_1.7.0/stm32cubeide/plugins/com.st.stm32cube.ide.mcu.externaltools.gnu-tools-for-stm32.9-2020-q2-update.win32_2.0.0.202105311346/tools/bin/../lib/gcc/arm-none-eabi/9.3.1/../../../../arm-none-eabi/lib/thumb/v7-m/nofp\libc_nano.a(lib_a-memcpy-stub.o)
[...]
Memory Configuration

Name             Origin             Length             Attributes
RAM              0x0000000020000000 0x0000000000005000 xrw
FLASH            0x0000000008000000 0x0000000000020000 xr
*default*        0x0000000000000000 0xffffffffffffffff

Linker script and memory map

LOAD c:/st/stm32cubeide_1.7.0/stm32cubeide/plugins/com.st.stm32cube.ide.mcu.externaltools.gnu-tools-for-stm32.9-2020-q2-update.win32_2.0.0.202105311346/tools/bin/../lib/gcc/arm-none-eabi/9.3.1/thumb/v7-m/nofp/crti.o
LOAD c:/st/stm32cubeide_1.7.0/stm32cubeide/plugins/com.st.stm32cube.ide.mcu.externaltools.gnu-tools-for-stm32.9-2020-q2-update.win32_2.0.0.202105311346/tools/bin/../lib/gcc/arm-none-eabi/9.3.1/thumb/v7-m/nofp/crtbegin.o
LOAD c:/st/stm32cubeide_1.7.0/stm32cubeide/plugins/com.st.stm32cube.ide.mcu.externaltools.gnu-tools-for-stm32.9-2020-q2-update.win32_2.0.0.202105311346/tools/bin/../lib/gcc/arm-none-eabi/9.3.1/../../../../arm-none-eabi/lib/thumb/v7-m/nofp/crt0.o
LOAD ./Core/Src/button.o
LOAD ./Core/Src/fsm_automatic.o
LOAD ./Core/Src/fsm_manual.o
LOAD ./Core/Src/fsm_setting.o
LOAD ./Core/Src/global.o
LOAD ./Core/Src/i2c-lcd.o
LOAD ./Core/Src/led_traffic.o
LOAD ./Core/Src/main.o
LOAD ./Core/Src/scheduler.o
LOAD ./Core/Src/software_timer.o
LOAD ./Core/Src/stm32f1xx_hal_msp.o
LOAD ./Core/Src/stm32f1xx_it.o
LOAD ./Core/Src/syscalls.o
LOAD ./Core/Src/sysmem.o
LOAD ./Core/Src/system_stm32f1xx.o
LOAD ./Core/Startup/startup_stm32f103rbtx.o
LOAD ./Drivers/STM32F1xx_HAL_Driver/Src/stm32f1xx_hal.o
LOAD ./Drivers/STM32F1xx_HAL_Driver/Src/stm32f1xx_hal_cortex.o
LOAD ./Drivers/STM32F1xx_HAL_Driver/Src/stm32f1xx_hal_dma.o
LOAD ./Drivers/STM32F1xx_HAL_Driver/Src/stm32f1xx_hal_exti.o
LOAD ./Drivers/STM32F1xx_HAL_Driver/Src/stm32f1xx_hal_flash.o
LOAD ./Drivers/STM32F1xx_HAL_Driver/Src/stm32f1xx_hal_flash_ex.o
LOAD ./Drivers/STM32F1xx_HAL_Driver/Src/stm32f1xx_hal_gpio.o
LOAD ./Drivers/STM32F1xx_HAL_Driver/Src/stm32f1xx_hal_gpio_ex.o
LOAD ./Drivers/STM32F1xx_HAL_Driver/Src/stm32f1xx_hal_i2c.o
LOAD ./Drivers/STM32F1xx_HAL_Driver/Src/stm32f1xx_hal_pwr.o
LOAD ./Drivers/STM32F1xx_HAL_Driver/Src/stm32f1xx_hal_rcc.o
LOAD ./Drivers/STM32F1xx_HAL_Driver/Src/stm32f1xx_hal_rcc_ex.o
LOAD ./Drivers/STM32F1xx_HAL_Driver/Src/stm32f1xx_hal_tim.o
LOAD ./Drivers/STM32F1xx_HAL_Driver/Src/stm32f1xx_hal_tim_ex.o
LOAD ./Drivers/STM32F1xx_HAL_Driver/Src/stm32f1xx_hal_uart.o
START GROUP
LOAD c:/st/stm32cubeide_1.7.0/stm32cubeide/plugins/com.st.stm32cube.ide.mcu.externaltools.gnu-tools-for-stm32.9-2020-q2-update.win32_2.0.0.202105311346/tools/bin/../lib/gcc/arm-none-eabi/9.3.1/../../../../arm-none-eabi/lib/thumb/v7-m/nofp\libc_nano.a
LOAD c:/st/stm32cubeide_1.7.0/stm32cubeide/plugins/com.st.stm32cube.ide.mcu.externaltools.gnu-tools-for-stm32.9-2020-q2-update.win32_2.0.0.202105311346/tools/bin/../lib/gcc/arm-none-eabi/9.3.1/../../../../arm-none-eabi/lib/thumb/v7-m/nofp\libm.a
END GROUP
START GROUP
LOAD c:/st/stm32cubeide_1.7.0/stm32cubeide/plugins/com.st.stm32cube.ide.mcu.externaltools.gnu-tools-for-stm32.9-2020-q2-update.win32_2.0.0.202105311346/tools/bin/../lib/gcc/arm-none-eabi/9.3.1/thumb/v7-m/nofp\libgcc.a
LOAD c:/st/stm32cubeide_1.7.0/stm32cubeide/plugins/com.st.stm32cube.ide.mcu.externaltools.gnu-tools-for-stm32.9-2020-q2-update.win32_2.0.0.202105311346/tools/bin/../lib/gcc/arm-none-eabi/9.3.1/../../../../arm-none-eabi/lib/thumb/v7-m/nofp\libc_nano.a
END GROUP
START GROUP
LOAD c:/st/stm32cubeide_1.7.0/stm32cubeide/plugins/com.st.stm32cube.ide.mcu.externaltools.gnu-tools-for-stm32.9-2020-q2-update.win32_2.0.0.202105311346/tools/bin/../lib/gcc/arm-none-eabi/9.3.1/thumb/v7-m/nofp\libgcc.a
LOAD c:/st/stm32cubeide_1.7.0/stm32cubeide/plugins/com.st.stm32cube.ide.mcu.externaltools.gnu-tools-for-stm32.9-2020-q2-update.win32_2.0.0.202105311346/tools/bin/../lib/gcc/arm-none-eabi/9.3.1/../../../../arm-none-eabi/lib/thumb/v7-m/nofp\libc_nano.a
LOAD c:/st/stm32cubeide_1.7.0/stm32cubeide/plugins/com.st.stm32cube.ide.mcu.externaltools.gnu-tools-for-stm32.9-2020-q2-update.win32_2.0.0.202105311346/tools/bin/../lib/gcc/arm-none-eabi/9.3.1/../../../../arm-none-eabi/lib/thumb/v7-m/nofp\libnosys.a
END GROUP
START GROUP
LOAD c:/st/stm32cubeide_1.7.0/stm32cubeide/plugins/com.st.stm32cube.ide.mcu.externaltools.gnu-tools-for-stm32.9-2020-q2-update.win32_2.0.0.202105311346/tools/bin/../lib/gcc/arm-none-eabi/9.3.1/thumb/v7-m/nofp\libgcc.a
LOAD c:/st/stm32cubeide_1.7.0/stm32cubeide/plugins/com.st.stm32cube.ide.mcu.externaltools.gnu-tools-for-stm32.9-2020-q2-update.win32_2.0.0.202105311346/tools/bin/../lib/gcc/arm-none-eabi/9.3.1/../../../../arm-none-eabi/lib/thumb/v7-m/nofp\libc_nano.a
LOAD c:/st/stm32cubeide_1.7.0/stm32cubeide/plugins/com.st.stm32cube.ide.mcu.externaltools.gnu-tools-for-stm32.9-2020-q2-update.win32_2.0.0.202105311346/tools/bin/../lib/gcc/arm-none-eabi/9.3.1/../../../../arm-none-eabi/lib/thumb/v7-m/nofp\libnosys.a
END GROUP
LOAD c:/st/stm32cubeide_1.7.0/stm32cubeide/plugins/com.st.stm32cube.ide.mcu.externaltools.gnu-tools-for-stm32.9-2020-q2-update.win32_2.0.0.202105311346/tools/bin/../lib/gcc/arm-none-eabi/9.3.1/thumb/v7-m/nofp/crtend.o
LOAD c:/st/stm32cubeide_1.7.0/stm32cubeide/plugins/com.st.stm32cube.ide.mcu.externaltools.gnu-tools-for-stm32.9-2020-q2-update.win32_2.0.0.202105311346/tools/bin/../lib/gcc/arm-none-eabi/9.3.1/thumb/v7-m/nofp/crtn.o
                0x0000000020005000                _estack = (ORIGIN (RAM) + LENGTH (RAM))
                0x0000000000000200                _Min_Heap_Size = 0x200
                0x0000000000000400                _Min_Stack_Size = 0x400

.isr_vector     0x0000000008000000      0x10c
                0x0000000008000000                . = ALIGN (0x4)
 *(.isr_vector)
 .isr_vector    0x0000000008000000      0x10c ./Core/Startup/startup_stm32f103rbtx.o
                0x0000000008000000                g_pfnVectors
                0x000000000800010c                . = ALIGN (0x4)

.text           0x000000000800010c     0x46a4
                0x000000000800010c                . = ALIGN (0x4)
 *(.text)
 .text          0x000000000800010c       0x40 c:/st/stm32cubeide_1.7.0/stm32cubeide/plugins/com.st.stm32cube.ide.mcu.externaltools.gnu-tools-for-stm32.9-2020-q2-update.win32_2.0.0.202105311346/tools/bin/../lib/gcc/arm-none-eabi/9.3.1/thumb/v7-m/nofp/crtbegin.o
 *(.text*)
 .text.subKeyProcess
                0x000000000800014c       0x64 ./Core/Src/button.o
                0x000000000800014c                subKeyProcess
 .text.subKeyProcess0
                0x00000000080001b0       0x18 ./Core/Src/button.o
                0x00000000080001b0                subKeyProcess0
 .text.getKeyInput
                0x00000000080001c8      0x180 ./Core/Src/button.o
                0x00000000080001c8                getKeyInput
 .text.print    0x0000000008000348       0x2c ./Core/Src/fsm_automatic.o
                0x0000000008000348                print
 .text.Reset    0x0000000008000374       0xd0 ./Core/Src/fsm_automatic.o
                0x0000000008000374                Reset
 .text.case1    0x0000000008000444      0x284 ./Core/Src/fsm_automatic.o
                0x0000000008000444                case1
 .text.case3    0x00000000080006c8      0x128 ./Core/Src/fsm_automatic.o
                0x00000000080006c8                case3
 .text.case2    0x00000000080007f0      0x1ac ./Core/Src/fsm_manual.o
                0x00000000080007f0                case2
 .text.fsm_manual
                0x000000000800099c      0x258 ./Core/Src/fsm_manual.o
                0x000000000800099c                fsm_manual
 .text.setup_Led7SEG
                0x0000000008000bf4       0x30 ./Core/Src/fsm_setting.o
                0x0000000008000bf4                setup_Led7SEG
 .text.lcd_send_cmd
                0x0000000008000c24       0x60 ./Core/Src/i2c-lcd.o
                0x0000000008000c24                lcd_send_cmd
 .text.lcd_send_data
                0x0000000008000c84       0x60 ./Core/Src/i2c-lcd.o
                0x0000000008000c84                lcd_send_data
 .text.lcd_init
                0x0000000008000ce4       0x5c ./Core/Src/i2c-lcd.o
                0x0000000008000ce4                lcd_init
 .text.lcd_send_string
                0x0000000008000d40       0x2a ./Core/Src/i2c-lcd.o
                0x0000000008000d40                lcd_send_string
 .text.lcd_clear_display
                0x0000000008000d6a        0xe ./Core/Src/i2c-lcd.o
                0x0000000008000d6a                lcd_clear_display
 .text.lcd_goto_XY
                0x0000000008000d78       0x44 ./Core/Src/i2c-lcd.o
                0x0000000008000d78                lcd_goto_XY
 .text.LED_RED_1
                0x0000000008000dbc       0x20 ./Core/Src/led_traffic.o
                0x0000000008000dbc                LED_RED_1
 .text.LED_GREEN_1
                0x0000000008000ddc       0x20 ./Core/Src/led_traffic.o
                0x0000000008000ddc                LED_GREEN_1
 .text.LED_YELLOW_1
                0x0000000008000dfc       0x20 ./Core/Src/led_traffic.o
                0x0000000008000dfc                LED_YELLOW_1
 .text.LED_RED_2
                0x0000000008000e1c       0x24 ./Core/Src/led_traffic.o
                0x0000000008000e1c                LED_RED_2
 .text.LED_GREEN_2
                0x0000000008000e40       0x24 ./Core/Src/led_traffic.o
                0x0000000008000e40                LED_GREEN_2
 .text.LED_YELLOW_2
                0x0000000008000e64       0x24 ./Core/Src/led_traffic.o
                0x0000000008000e64                LED_YELLOW_2
 .text.LED_RED_3
                0x0000000008000e88       0x24 ./Core/Src/led_traffic.o
                0x0000000008000e88                LED_RED_3
 .text.LED_GREEN_3
                0x0000000008000eac       0x24 ./Core/Src/led_traffic.o
                0x0000000008000eac                LED_GREEN_3
 .text.LED_YELLOW_3
                0x0000000008000ed0       0x24 ./Core/Src/led_traffic.o
                0x0000000008000ed0                LED_YELLOW_3
 .text.LED_RED_4
                0x0000000008000ef4       0x24 ./Core/Src/led_traffic.o
                0x0000000008000ef4                LED_RED_4
 .text.LED_GREEN_4
                0x0000000008000f18       0x24 ./Core/Src/led_traffic.o
                0x0000000008000f18                LED_GREEN_4
 .text.LED_YELLOW_4
                0x0000000008000f3c       0x24 ./Core/Src/led_traffic.o
                0x0000000008000f3c                LED_YELLOW_4
 .text.off_LED  0x0000000008000f60       0x6c ./Core/Src/led_traffic.o
                0x0000000008000f60                off_LED
 .text.main     0x0000000008000fcc       0x44 ./Core/Src/main.o
                0x0000000008000fcc                main
 .text.SystemClock_Config
                0x0000000008001010       0x82 ./Core/Src/main.o
                0x0000000008001010                SystemClock_Config
 *fill*         0x0000000008001092        0x2 
 .text.MX_I2C1_Init
                0x0000000008001094       0x5c ./Core/Src/main.o
 .text.MX_TIM2_Init
                0x00000000080010f0       0x98 ./Core/Src/main.o
 .text.MX_USART2_UART_Init
                0x0000000008001188       0x54 ./Core/Src/main.o
 .text.MX_USART3_UART_Init
                0x00000000080011dc       0x54 ./Core/Src/main.o
 .text.MX_GPIO_Init
                0x0000000008001230      0x120 ./Core/Src/main.o
 .text.HAL_TIM_PeriodElapsedCallback
                0x0000000008001350       0x1c ./Core/Src/main.o
                0x0000000008001350                HAL_TIM_PeriodElapsedCallback
 .text.Error_Handler
                0x000000000800136c        0xa ./Core/Src/main.o
                0x000000000800136c                Error_Handler
 *fill*         0x0000000008001376        0x2 
 .text.SCH_Add_Task
                0x0000000008001378       0xac ./Core/Src/scheduler.o
                0x0000000008001378                SCH_Add_Task
 .text.SCH_Update
                0x0000000008001424       0xc0 ./Core/Src/scheduler.o
                0x0000000008001424                SCH_Update
 .text.SCH_Dispath_Tasks
                0x00000000080014e4       0xa4 ./Core/Src/scheduler.o
                0x00000000080014e4                SCH_Dispath_Tasks
 .text.SCH_Delete_Task
                0x0000000008001588       0xb0 ./Core/Src/scheduler.o
                0x0000000008001588                SCH_Delete_Task
 .text.SCH_Report_Status
                0x0000000008001638        0xc ./Core/Src/scheduler.o
                0x0000000008001638                SCH_Report_Status
 .text.setTimer
                0x0000000008001644       0x30 ./Core/Src/software_timer.o
                0x0000000008001644                setTimer
 .text.timer_run
                0x0000000008001674       0x50 ./Core/Src/software_timer.o
                0x0000000008001674                timer_run
 .text.timerRun
                0x00000000080016c4       0x44 ./Core/Src/software_timer.o
                0x00000000080016c4                timerRun
 .text.HAL_MspInit
                0x0000000008001708       0x64 ./Core/Src/stm32f1xx_hal_msp.o
                0x0000000008001708                HAL_MspInit
 .text.HAL_I2C_MspInit
                0x000000000800176c       0xa0 ./Core/Src/stm32f1xx_hal_msp.o
                0x000000000800176c                HAL_I2C_MspInit
 .text.HAL_TIM_Base_MspInit
                0x000000000800180c       0x48 ./Core/Src/stm32f1xx_hal_msp.o
                0x000000000800180c                HAL_TIM_Base_MspInit
 .text.HAL_UART_MspInit
                0x0000000008001854      0x134 ./Core/Src/stm32f1xx_hal_msp.o
                0x0000000008001854                HAL_UART_MspInit
 .text.NMI_Handler
                0x0000000008001988        0x6 ./Core/Src/stm32f1xx_it.o
                0x0000000008001988                NMI_Handler
 .text.HardFault_Handler
                0x000000000800198e        0x6 ./Core/Src/stm32f1xx_it.o
                0x000000000800198e                HardFault_Handler
 .text.MemManage_Handler
                0x0000000008001994        0x6 ./Core/Src/stm32f1xx_it.o
                0x0000000008001994                MemManage_Handler
 .text.BusFault_Handler
                0x000000000800199a        0x6 ./Core/Src/stm32f1xx_it.o
                0x000000000800199a                BusFault_Handler
 .text.UsageFault_Handler
                0x00000000080019a0        0x6 ./Core/Src/stm32f1xx_it.o
                0x00000000080019a0                UsageFault_Handler
 .text.SVC_Handler
                0x00000000080019a6        0xc ./Core/Src/stm32f1xx_it.o
                0x00000000080019a6                SVC_Handler
 .text.DebugMon_Handler
                0x00000000080019b2        0xc ./Core/Src/stm32f1xx_it.o
                0x00000000080019b2                DebugMon_Handler
 .text.PendSV_Handler
                0x00000000080019be        0xc ./Core/Src/stm32f1xx_it.o
                0x00000000080019be                PendSV_Handler
 .text.SysTick_Handler
                0x00000000080019ca        0xc ./Core/Src/stm32f1xx_it.o
                0x00000000080019ca                SysTick_Handler
 *fill*         0x00000000080019d6        0x2 
 .text.TIM2_IRQHandler
                0x00000000080019d8       0x14 ./Core/Src/stm32f1xx_it.o
                0x00000000080019d8                TIM2_IRQHandler
 .text._sbrk    0x00000000080019ec       0x6c ./Core/Src/sysmem.o
                0x00000000080019ec                _sbrk
 .text.SystemInit
                0x0000000008001a58        0xc ./Core/Src/system_stm32f1xx.o
                0x0000000008001a58                SystemInit
 .text.Reset_Handler
                0x0000000008001a64       0x48 ./Core/Startup/startup_stm32f103rbtx.o
                0x0000000008001a64                Reset_Handler
 .text.Default_Handler
                0x0000000008001aac        0x2 ./Core/Startup/startup_stm32f103rbtx.o
                0x0000000008001aac                RTC_Alarm_IRQHandler
                0x0000000008001aac                EXTI2_IRQHandler
                0x0000000008001aac                TIM1_CC_IRQHandler
                0x0000000008001aac                PVD_IRQHandler
                0x0000000008001aac                EXTI3_IRQHandler
                0x0000000008001aac                EXTI0_IRQHandler
                0x0000000008001aac                I2C2_EV_IRQHandler
                0x0000000008001aac                ADC1_2_IRQHandler
                0x0000000008001aac                SPI1_IRQHandler
                0x0000000008001aac                TAMPER_IRQHandler
                0x0000000008001aac                DMA1_Channel4_IRQHandler
                0x0000000008001aac                USART3_IRQHandler
                0x0000000008001aac                RTC_IRQHandler
                0x0000000008001aac                DMA1_Channel7_IRQHandler
                0x0000000008001aac                CAN1_RX1_IRQHandler
                0x0000000008001aac                TIM4_IRQHandler
                0x0000000008001aac                I2C1_EV_IRQHandler
                0x0000000008001aac                DMA1_Channel6_IRQHandler
                0x0000000008001aac                TIM3_IRQHandler
                0x0000000008001aac                RCC_IRQHandler
                0x0000000008001aac                TIM1_TRG_COM_IRQHandler
                0x0000000008001aac                DMA1_Channel1_IRQHandler
                0x0000000008001aac                Default_Handler
                0x0000000008001aac                EXTI15_10_IRQHandler
                0x0000000008001aac                EXTI9_5_IRQHandler
                0x0000000008001aac                SPI2_IRQHandler
                0x0000000008001aac                DMA1_Channel5_IRQHandler
                0x0000000008001aac                EXTI4_IRQHandler
                0x0000000008001aac                USB_LP_CAN1_RX0_IRQHandler
                0x0000000008001aac                USB_HP_CAN1_TX_IRQHandler
                0x0000000008001aac                DMA1_Channel3_IRQHandler
                0x0000000008001aac                TIM1_UP_IRQHandler
                0x0000000008001aac                WWDG_IRQHandler
                0x0000000008001aac                TIM1_BRK_IRQHandler
                0x0000000008001aac                EXTI1_IRQHandler
                0x0000000008001aac                USART2_IRQHandler
                0x0000000008001aac                I2C2_ER_IRQHandler
                0x0000000008001aac                DMA1_Channel2_IRQHandler
                0x0000000008001aac                CAN1_SCE_IRQHandler
                0x0000000008001aac                FLASH_IRQHandler
                0x0000000008001aac                USART1_IRQHandler
                0x0000000008001aac                I2C1_ER_IRQHandler
                0x0000000008001aac                USBWakeUp_IRQHandler
 *fill*         0x0000000008001aae        0x2 
 .text.HAL_Init
                0x0000000008001ab0       0x2c ./Drivers/STM32F1xx_HAL_Driver/Src/stm32f1xx_hal.o
                0x0000000008001ab0                HAL_Init
 .text.HAL_InitTick
                0x0000000008001adc       0x60 ./Drivers/STM32F1xx_HAL_Driver/Src/stm32f1xx_hal.o
                0x0000000008001adc                HAL_InitTick
 .text.HAL_IncTick
                0x0000000008001b3c       0x24 ./Drivers/STM32F1xx_HAL_Driver/Src/stm32f1xx_hal.o
                0x0000000008001b3c                HAL_IncTick
 .text.HAL_GetTick
                0x0000000008001b60       0x14 ./Drivers/STM32F1xx_HAL_Driver/Src/stm32f1xx_hal.o
                0x0000000008001b60                HAL_GetTick
 .text.HAL_Delay
                0x0000000008001b74       0x48 ./Drivers/STM32F1xx_HAL_Driver/Src/stm32f1xx_hal.o
                0x0000000008001b74                HAL_Delay
 .text.__NVIC_SetPriorityGrouping
                0x0000000008001bbc       0x48 ./Drivers/STM32F1xx_HAL_Driver/Src/stm32f1xx_hal_cortex.o
 .text.__NVIC_GetPriorityGrouping
                0x0000000008001c04       0x1c ./Drivers/STM32F1xx_HAL_Driver/Src/stm32f1xx_hal_cortex.o
 .text.__NVIC_EnableIRQ
                0x0000000008001c20       0x38 ./Drivers/STM32F1xx_HAL_Driver/Src/stm32f1xx_hal_cortex.o
 .text.__NVIC_SetPriority
                0x0000000008001c58       0x54 ./Drivers/STM32F1xx_HAL_Driver/Src/stm32f1xx_hal_cortex.o
 .text.NVIC_EncodePriority
                0x0000000008001cac       0x64 ./Drivers/STM32F1xx_HAL_Driver/Src/stm32f1xx_hal_cortex.o
 .text.SysTick_Config
                0x0000000008001d10       0x44 ./Drivers/STM32F1xx_HAL_Driver/Src/stm32f1xx_hal_cortex.o
 .text.HAL_NVIC_SetPriorityGrouping
                0x0000000008001d54       0x16 ./Drivers/STM32F1xx_HAL_Driver/Src/stm32f1xx_hal_cortex.o
                0x0000000008001d54                HAL_NVIC_SetPriorityGrouping
 .text.HAL_NVIC_SetPriority
                0x0000000008001d6a       0x38 ./Drivers/STM32F1xx_HAL_Driver/Src/stm32f1xx_hal_cortex.o
                0x0000000008001d6a                HAL_NVIC_SetPriority
 .text.HAL_NVIC_EnableIRQ
                0x0000000008001da2       0x1c ./Drivers/STM32F1xx_HAL_Driver/Src/stm32f1xx_hal_cortex.o
                0x0000000008001da2                HAL_NVIC_EnableIRQ
 .text.HAL_SYSTICK_Config
                0x0000000008001dbe       0x18 ./Drivers/STM32F1xx_HAL_Driver/Src/stm32f1xx_hal_cortex.o
                0x0000000008001dbe                HAL_SYSTICK_Config
 *fill*         0x0000000008001dd6        0x2 
 .text.HAL_GPIO_Init
                0x0000000008001dd8      0x308 ./Drivers/STM32F1xx_HAL_Driver/Src/stm32f1xx_hal_gpio.o
                0x0000000008001dd8                HAL_GPIO_Init
 .text.HAL_GPIO_ReadPin
                0x00000000080020e0       0x2e ./Drivers/STM32F1xx_HAL_Driver/Src/stm32f1xx_hal_gpio.o
                0x00000000080020e0                HAL_GPIO_ReadPin
 .text.HAL_GPIO_WritePin
                0x000000000800210e       0x30 ./Drivers/STM32F1xx_HAL_Driver/Src/stm32f1xx_hal_gpio.o
                0x000000000800210e                HAL_GPIO_WritePin
 *fill*         0x000000000800213e        0x2 
 .text.HAL_I2C_Init
                0x0000000008002140      0x288 ./Drivers/STM32F1xx_HAL_Driver/Src/stm32f1xx_hal_i2c.o
                0x0000000008002140                HAL_I2C_Init
 .text.HAL_I2C_Master_Transmit
                0x00000000080023c8      0x1fc ./Drivers/STM32F1xx_HAL_Driver/Src/stm32f1xx_hal_i2c.o
                0x00000000080023c8                HAL_I2C_Master_Transmit
 .text.I2C_MasterRequestWrite
                0x00000000080025c4      0x104 ./Drivers/STM32F1xx_HAL_Driver/Src/stm32f1xx_hal_i2c.o
 .text.I2C_WaitOnFlagUntilTimeout
                0x00000000080026c8       0xf4 ./Drivers/STM32F1xx_HAL_Driver/Src/stm32f1xx_hal_i2c.o
 .text.I2C_WaitOnMasterAddressFlagUntilTimeout
                0x00000000080027bc      0x140 ./Drivers/STM32F1xx_HAL_Driver/Src/stm32f1xx_hal_i2c.o
 .text.I2C_WaitOnTXEFlagUntilTimeout
                0x00000000080028fc       0x90 ./Drivers/STM32F1xx_HAL_Driver/Src/stm32f1xx_hal_i2c.o
 .text.I2C_WaitOnBTFFlagUntilTimeout
                0x000000000800298c       0x90 ./Drivers/STM32F1xx_HAL_Driver/Src/stm32f1xx_hal_i2c.o
 .text.I2C_IsAcknowledgeFailed
                0x0000000008002a1c       0x5c ./Drivers/STM32F1xx_HAL_Driver/Src/stm32f1xx_hal_i2c.o
 .text.HAL_RCC_OscConfig
                0x0000000008002a78      0x500 ./Drivers/STM32F1xx_HAL_Driver/Src/stm32f1xx_hal_rcc.o
                0x0000000008002a78                HAL_RCC_OscConfig
 .text.HAL_RCC_ClockConfig
                0x0000000008002f78      0x1d4 ./Drivers/STM32F1xx_HAL_Driver/Src/stm32f1xx_hal_rcc.o
                0x0000000008002f78                HAL_RCC_ClockConfig
 .text.HAL_RCC_GetSysClockFreq
                0x000000000800314c       0xa8 ./Drivers/STM32F1xx_HAL_Driver/Src/stm32f1xx_hal_rcc.o
                0x000000000800314c                HAL_RCC_GetSysClockFreq
 .text.HAL_RCC_GetHCLKFreq
                0x00000000080031f4       0x14 ./Drivers/STM32F1xx_HAL_Driver/Src/stm32f1xx_hal_rcc.o
                0x00000000080031f4                HAL_RCC_GetHCLKFreq
 .text.HAL_RCC_GetPCLK1Freq
                0x0000000008003208       0x28 ./Drivers/STM32F1xx_HAL_Driver/Src/stm32f1xx_hal_rcc.o
                0x0000000008003208                HAL_RCC_GetPCLK1Freq
 .text.HAL_RCC_GetPCLK2Freq
                0x0000000008003230       0x28 ./Drivers/STM32F1xx_HAL_Driver/Src/stm32f1xx_hal_rcc.o
                0x0000000008003230                HAL_RCC_GetPCLK2Freq
 .text.RCC_Delay
                0x0000000008003258       0x3c ./Drivers/STM32F1xx_HAL_Driver/Src/stm32f1xx_hal_rcc.o
 .text.HAL_TIM_Base_Init
                0x0000000008003294       0x9e ./Drivers/STM32F1xx_HAL_Driver/Src/stm32f1xx_hal_tim.o
                0x0000000008003294                HAL_TIM_Base_Init
 *fill*         0x0000000008003332        0x2 
 .text.HAL_TIM_Base_Start_IT
                0x0000000008003334       0xa4 ./Drivers/STM32F1xx_HAL_Driver/Src/stm32f1xx_hal_tim.o
                0x0000000008003334                HAL_TIM_Base_Start_IT
 .text.HAL_TIM_IRQHandler
                0x00000000080033d8      0x1e0 ./Drivers/STM32F1xx_HAL_Driver/Src/stm32f1xx_hal_tim.o
                0x00000000080033d8                HAL_TIM_IRQHandler
 .text.HAL_TIM_ConfigClockSource
                0x00000000080035b8      0x18e ./Drivers/STM32F1xx_HAL_Driver/Src/stm32f1xx_hal_tim.o
                0x00000000080035b8                HAL_TIM_ConfigClockSource
 .text.HAL_TIM_OC_DelayElapsedCallback
                0x0000000008003746       0x12 ./Drivers/STM32F1xx_HAL_Driver/Src/stm32f1xx_hal_tim.o
                0x0000000008003746                HAL_TIM_OC_DelayElapsedCallback
 .text.HAL_TIM_IC_CaptureCallback
                0x0000000008003758       0x12 ./Drivers/STM32F1xx_HAL_Driver/Src/stm32f1xx_hal_tim.o
                0x0000000008003758                HAL_TIM_IC_CaptureCallback
 .text.HAL_TIM_PWM_PulseFinishedCallback
                0x000000000800376a       0x12 ./Drivers/STM32F1xx_HAL_Driver/Src/stm32f1xx_hal_tim.o
                0x000000000800376a                HAL_TIM_PWM_PulseFinishedCallback
 .text.HAL_TIM_TriggerCallback
                0x000000000800377c       0x12 ./Drivers/STM32F1xx_HAL_Driver/Src/stm32f1xx_hal_tim.o
                0x000000000800377c                HAL_TIM_TriggerCallback
 *fill*         0x000000000800378e        0x2 
 .text.TIM_Base_SetConfig
                0x0000000008003790       0xdc ./Drivers/STM32F1xx_HAL_Driver/Src/stm32f1xx_hal_tim.o
                0x0000000008003790                TIM_Base_SetConfig
 .text.TIM_TI1_ConfigInputStage
                0x000000000800386c       0x5c ./Drivers/STM32F1xx_HAL_Driver/Src/stm32f1xx_hal_tim.o
 .text.TIM_TI2_ConfigInputStage
                0x00000000080038c8       0x5e ./Drivers/STM32F1xx_HAL_Driver/Src/stm32f1xx_hal_tim.o
 .text.TIM_ITRx_SetConfig
                0x0000000008003926       0x34 ./Drivers/STM32F1xx_HAL_Driver/Src/stm32f1xx_hal_tim.o
 .text.TIM_ETR_SetConfig
                0x000000000800395a       0x3e ./Drivers/STM32F1xx_HAL_Driver/Src/stm32f1xx_hal_tim.o
                0x000000000800395a                TIM_ETR_SetConfig
 .text.HAL_TIMEx_MasterConfigSynchronization
                0x0000000008003998       0xbc ./Drivers/STM32F1xx_HAL_Driver/Src/stm32f1xx_hal_tim_ex.o
                0x0000000008003998                HAL_TIMEx_MasterConfigSynchronization
 .text.HAL_TIMEx_CommutCallback
                0x0000000008003a54       0x12 ./Drivers/STM32F1xx_HAL_Driver/Src/stm32f1xx_hal_tim_ex.o
                0x0000000008003a54                HAL_TIMEx_CommutCallback
 .text.HAL_TIMEx_BreakCallback
                0x0000000008003a66       0x12 ./Drivers/STM32F1xx_HAL_Driver/Src/stm32f1xx_hal_tim_ex.o
                0x0000000008003a66                HAL_TIMEx_BreakCallback
 .text.HAL_UART_Init
                0x0000000008003a78       0xa0 ./Drivers/STM32F1xx_HAL_Driver/Src/stm32f1xx_hal_uart.o
                0x0000000008003a78                HAL_UART_Init
 .text.HAL_UART_Transmit
                0x0000000008003b18      0x116 ./Drivers/STM32F1xx_HAL_Driver/Src/stm32f1xx_hal_uart.o
                0x0000000008003b18                HAL_UART_Transmit
 .text.UART_WaitOnFlagUntilTimeout
                0x0000000008003c2e       0xb2 ./Drivers/STM32F1xx_HAL_Driver/Src/stm32f1xx_hal_uart.o
 .text.UART_EndRxTransfer
                0x0000000008003ce0       0xc4 ./Drivers/STM32F1xx_HAL_Driver/Src/stm32f1xx_hal_uart.o
 .text.UART_SetConfig
                0x0000000008003da4      0x11c ./Drivers/STM32F1xx_HAL_Driver/Src/stm32f1xx_hal_uart.o
 .text.__errno  0x0000000008003ec0        0xc c:/st/stm32cubeide_1.7.0/stm32cubeide/plugins/com.st.stm32cube.ide.mcu.externaltools.gnu-tools-for-stm32.9-2020-q2-update.win32_2.0.0.202105311346/tools/bin/../lib/gcc/arm-none-eabi/9.3.1/../../../../arm-none-eabi/lib/thumb/v7-m/nofp\libc_nano.a(lib_a-errno.o)
                0x0000000008003ec0                __errno
 .text.__libc_init_array
                0x0000000008003ecc       0x48 c:/st/stm32cubeide_1.7.0/stm32cubeide/plugins/com.st.stm32cube.ide.mcu.externaltools.gnu-tools-for-stm32.9-2020-q2-update.win32_2.0.0.202105311346/tools/bin/../lib/gcc/arm-none-eabi/9.3.1/../../../../arm-none-eabi/lib/thumb/v7-m/nofp\libc_nano.a(lib_a-init.o)
                0x0000000008003ecc                __libc_init_array
 .text.memset   0x0000000008003f14       0x10 c:/st/stm32cubeide_1.7.0/stm32cubeide/plugins/com.st.stm32cube.ide.mcu.externaltools.gnu-tools-for-stm32.9-2020-q2-update.win32_2.0.0.202105311346/tools/bin/../lib/gcc/arm-none-eabi/9.3.1/../../../../arm-none-eabi/lib/thumb/v7-m/nofp\libc_nano.a(lib_a-memset.o)
                0x0000000008003f14                memset
 .text.sprintf  0x0000000008003f24       0x40 c:/st/stm32cubeide_1.7.0/stm32cubeide/plugins/com.st.stm32cube.ide.mcu.externaltools.gnu-tools-for-stm32.9-2020-q2-update.win32_2.0.0.202105311346/tools/bin/../lib/gcc/arm-none-eabi/9.3.1/../../../../arm-none-eabi/lib/thumb/v7-m/nofp\libc_nano.a(lib_a-sprintf.o)
                0x0000000008003f24                siprintf
                0x0000000008003f24                sprintf
 .text.__ssputs_r
                0x0000000008003f64       0xb6 c:/st/stm32cubeide_1.7.0/stm32cubeide/plugins/com.st.stm32cube.ide.mcu.externaltools.gnu-tools-for-stm32.9-2020-q2-update.win32_2.0.0.202105311346/tools/bin/../lib/gcc/arm-none-eabi/9.3.1/../../../../arm-none-eabi/lib/thumb/v7-m/nofp\libc_nano.a(lib_a-nano-svfprintf.o)
                0x0000000008003f64                __ssputs_r
 *fill*         0x000000000800401a        0x2 
 .text._svfprintf_r
                0x000000000800401c      0x200 c:/st/stm32cubeide_1.7.0/stm32cubeide/plugins/com.st.stm32cube.ide.mcu.externaltools.gnu-tools-for-stm32.9-2020-q2-update.win32_2.0.0.202105311346/tools/bin/../lib/gcc/arm-none-eabi/9.3.1/../../../../arm-none-eabi/lib/thumb/v7-m/nofp\libc_nano.a(lib_a-nano-svfprintf.o)
                0x000000000800401c                _svfiprintf_r
                0x000000000800401c                _svfprintf_r
 .text._printf_common
                0x000000000800421c       0xde c:/st/stm32cubeide_1.7.0/stm32cubeide/plugins/com.st.stm32cube.ide.mcu.externaltools.gnu-tools-for-stm32.9-2020-q2-update.win32_2.0.0.202105311346/tools/bin/../lib/gcc/arm-none-eabi/9.3.1/../../../../arm-none-eabi/lib/thumb/v7-m/nofp\libc_nano.a(lib_a-nano-vfprintf_i.o)
                0x000000000800421c                _printf_common
 *fill*         0x00000000080042fa        0x2 
 .text._printf_i
                0x00000000080042fc      0x24c c:/st/stm32cubeide_1.7.0/stm32cubeide/plugins/com.st.stm32cube.ide.mcu.externaltools.gnu-tools-for-stm32.9-2020-q2-update.win32_2.0.0.202105311346/tools/bin/../lib/gcc/arm-none-eabi/9.3.1/../../../../arm-none-eabi/lib/thumb/v7-m/nofp\libc_nano.a(lib_a-nano-vfprintf_i.o)
                0x00000000080042fc                _printf_i
 .text.memchr   0x0000000008004548       0x1c c:/st/stm32cubeide_1.7.0/stm32cubeide/plugins/com.st.stm32cube.ide.mcu.externaltools.gnu-tools-for-stm32.9-2020-q2-update.win32_2.0.0.202105311346/tools/bin/../lib/gcc/arm-none-eabi/9.3.1/../../../../arm-none-eabi/lib/thumb/v7-m/nofp\libc_nano.a(lib_a-memchr-stub.o)
                0x0000000008004548                memchr
 .text.memcpy   0x0000000008004564       0x1c c:/st/stm32cubeide_1.7.0/stm32cubeide/plugins/com.st.stm32cube.ide.mcu.externaltools.gnu-tools-for-stm32.9-2020-q2-update.win32_2.0.0.202105311346/tools/bin/../lib/gcc/arm-none-eabi/9.3.1/../../../../arm-none-eabi/lib/thumb/v7-m/nofp\libc_nano.a(lib_a-memcpy-stub.o)
                0x0000000008004564                memcpy
 .text.memmove  0x0000000008004580       0x34 c:/st/stm32cubeide_1.7.0/stm32cubeide/plugins/com.st.stm32cube.ide.mcu.externaltools.gnu-tools-for-stm32.9-2020-q2-update.win32_2.0.0.202105311346/tools/bin/../lib/gcc/arm-none-eabi/9.3.1/../../../../arm-none-eabi/lib/thumb/v7-m/nofp\libc_nano.a(lib_a-memmove.o)
                0x0000000008004580                memmove
 .text._free_r  0x00000000080045b4       0x98 c:/st/stm32cubeide_1.7.0/stm32cubeide/plugins/com.st.stm32cube.ide.mcu.externaltools.gnu-tools-for-stm32.9-2020-q2-update.win32_2.0.0.202105311346/tools/bin/../lib/gcc/arm-none-eabi/9.3.1/../../../../arm-none-eabi/lib/thumb/v7-m/nofp\libc_nano.a(lib_a-nano-freer.o)
                0x00000000080045b4                _free_r
 .text._malloc_r
                0x000000000800464c       0xb4 c:/st/stm32cubeide_1.7.0/stm32cubeide/plugins/com.st.stm32cube.ide.mcu.externaltools.gnu-tools-for-stm32.9-2020-q2-update.win32_2.0.0.202105311346/tools/bin/../lib/gcc/arm-none-eabi/9.3.1/../../../../arm-none-eabi/lib/thumb/v7-m/nofp\libc_nano.a(lib_a-nano-mallocr.o)
                0x000000000800464c                _malloc_r
 .text._realloc_r
                0x0000000008004700       0x4c c:/st/stm32cubeide_1.7.0/stm32cubeide/plugins/com.st.stm32cube.ide.mcu.externaltools.gnu-tools-for-stm32.9-2020-q2-update.win32_2.0.0.202105311346/tools/bin/../lib/gcc/arm-none-eabi/9.3.1/../../../../arm-none-eabi/lib/thumb/v7-m/nofp\libc_nano.a(lib_a-nano-reallocr.o)
                0x0000000008004700                _realloc_r
 .text._sbrk_r  0x000000000800474c       0x20 c:/st/stm32cubeide_1.7.0/stm32cubeide/plugins/com.st.stm32cube.ide.mcu.externaltools.gnu-tools-for-stm32.9-2020-q2-update.win32_2.0.0.202105311346/tools/bin/../lib/gcc/arm-none-eabi/9.3.1/../../../../arm-none-eabi/lib/thumb/v7-m/nofp\libc_nano.a(lib_a-sbrkr.o)
                0x000000000800474c                _sbrk_r
 .text.__malloc_lock
                0x000000000800476c        0xc c:/st/stm32cubeide_1.7.0/stm32cubeide/plugins/com.st.stm32cube.ide.mcu.externaltools.gnu-tools-for-stm32.9-2020-q2-update.win32_2.0.0.202105311346/tools/bin/../lib/gcc/arm-none-eabi/9.3.1/../../../../arm-none-eabi/lib/thumb/v7-m/nofp\libc_nano.a(lib_a-mlock.o)
                0x000000000800476c                __malloc_lock
 .text.__malloc_unlock
                0x0000000008004778        0xc c:/st/stm32cubeide_1.7.0/stm32cubeide/plugins/com.st.stm32cube.ide.mcu.externaltools.gnu-tools-for-stm32.9-2020-q2-update.win32_2.0.0.202105311346/tools/bin/../lib/gcc/arm-none-eabi/9.3.1/../../../../arm-none-eabi/lib/thumb/v7-m/nofp\libc_nano.a(lib_a-mlock.o)
                0x0000000008004778                __malloc_unlock
 .text._malloc_usable_size_r
                0x0000000008004784       0x10 c:/st/stm32cubeide_1.7.0/stm32cubeide/plugins/com.st.stm32cube.ide.mcu.externaltools.gnu-tools-for-stm32.9-2020-q2-update.win32_2.0.0.202105311346/tools/bin/../lib/gcc/arm-none-eabi/9.3.1/../../../../arm-none-eabi/lib/thumb/v7-m/nofp\libc_nano.a(lib_a-nano-msizer.o)
                0x0000000008004784                _malloc_usable_size_r
 .text.__retarget_lock_acquire_recursive
                0x0000000008004794        0x2 c:/st/stm32cubeide_1.7.0/stm32cubeide/plugins/com.st.stm32cube.ide.mcu.externaltools.gnu-tools-for-stm32.9-2020-q2-update.win32_2.0.0.202105311346/tools/bin/../lib/gcc/arm-none-eabi/9.3.1/../../../../arm-none-eabi/lib/thumb/v7-m/nofp\libc_nano.a(lib_a-lock.o)
                0x0000000008004794                __retarget_lock_acquire_recursive
 .text.__retarget_lock_release_recursive
                0x0000000008004796        0x2 c:/st/stm32cubeide_1.7.0/stm32cubeide/plugins/com.st.stm32cube.ide.mcu.externaltools.gnu-tools-for-stm32.9-2020-q2-update.win32_2.0.0.202105311346/tools/bin/../lib/gcc/arm-none-eabi/9.3.1/../../../../arm-none-eabi/lib/thumb/v7-m/nofp\libc_nano.a(lib_a-lock.o)
                0x0000000008004796                __retarget_lock_release_recursive
 *(.glue_7)
 .glue_7        0x0000000008004798        0x0 linker stubs
 *(.glue_7t)
 .glue_7t       0x0000000008004798        0x0 linker stubs
 *(.eh_frame)
 .eh_frame      0x0000000008004798        0x0 c:/st/stm32cubeide_1.7.0/stm32cubeide/plugins/com.st.stm32cube.ide.mcu.externaltools.gnu-tools-for-stm32.9-2020-q2-update.win32_2.0.0.202105311346/tools/bin/../lib/gcc/arm-none-eabi/9.3.1/thumb/v7-m/nofp/crtbegin.o
 *(.init)
 .init          0x0000000008004798        0x4 c:/st/stm32cubeide_1.7.0/stm32cubeide/plugins/com.st.stm32cube.ide.mcu.externaltools.gnu-tools-for-stm32.9-2020-q2-update.win32_2.0.0.202105311346/tools/bin/../lib/gcc/arm-none-eabi/9.3.1/thumb/v7-m/nofp/crti.o
                0x0000000008004798                _init
 .init          0x000000000800479c        0x8 c:/st/stm32cubeide_1.7.0/stm32cubeide/plugins/com.st.stm32cube.ide.mcu.externaltools.gnu-tools-for-stm32.9-2020-q2-update.win32_2.0.0.202105311346/tools/bin/../lib/gcc/arm-none-eabi/9.3.1/thumb/v7-m/nofp/crtn.o
 *(.fini)
 .fini          0x00000000080047a4        0x4 c:/st/stm32cubeide_1.7.0/stm32cubeide/plugins/com.st.stm32cube.ide.mcu.externaltools.gnu-tools-for-stm32.9-2020-q2-update.win32_2.0.0.202105311346/tools/bin/../lib/gcc/arm-none-eabi/9.3.1/thumb/v7-m/nofp/crti.o
                0x00000000080047a4                _fini
 .fini          0x00000000080047a8        0x8 c:/st/stm32cubeide_1.7.0/stm32cubeide/plugins/com.st.stm32cube.ide.mcu.externaltools.gnu-tools-for-stm32.9-2020-q2-update.win32_2.0.0.202105311346/tools/bin/../lib/gcc/arm-none-eabi/9.3.1/thumb/v7-m/nofp/crtn.o
                0x00000000080047b0                . = ALIGN (0x4)
                0x00000000080047b0                _etext = .

.vfp11_veneer   0x00000000080047b0        0x0
 .vfp11_veneer  0x00000000080047b0        0x0 linker stubs

.v4_bx          0x00000000080047b0        0x0
 .v4_bx         0x00000000080047b0        0x0 linker stubs

.iplt           0x00000000080047b0        0x0
 .iplt          0x00000000080047b0        0x0 c:/st/stm32cubeide_1.7.0/stm32cubeide/plugins/com.st.stm32cube.ide.mcu.externaltools.gnu-tools-for-stm32.9-2020-q2-update.win32_2.0.0.202105311346/tools/bin/../lib/gcc/arm-none-eabi/9.3.1/thumb/v7-m/nofp/crtbegin.o

.rodata         0x00000000080047b0      0x138
                0x00000000080047b0                . = ALIGN (0x4)
 *(.rodata)
 .rodata        0x00000000080047b0        0x3 ./Core/Src/button.o
 *fill*         0x00000000080047b3        0x1 
 .rodata        0x00000000080047b4       0x56 ./Core/Src/fsm_automatic.o
 *fill*         0x000000000800480a        0x2 
 .rodata        0x000000000800480c       0x7c ./Core/Src/fsm_manual.o
 *(.rodata*)
 .rodata.AHBPrescTable
                0x0000000008004888       0x10 ./Core/Src/system_stm32f1xx.o
                0x0000000008004888                AHBPrescTable
 .rodata.APBPrescTable
                0x0000000008004898        0x8 ./Core/Src/system_stm32f1xx.o
                0x0000000008004898                APBPrescTable
 .rodata.aPLLMULFactorTable.6442
                0x00000000080048a0       0x10 ./Drivers/STM32F1xx_HAL_Driver/Src/stm32f1xx_hal_rcc.o
 .rodata.aPredivFactorTable.6443
                0x00000000080048b0        0x2 ./Drivers/STM32F1xx_HAL_Driver/Src/stm32f1xx_hal_rcc.o
 .rodata._svfprintf_r.str1.1
                0x00000000080048b2       0x11 c:/st/stm32cubeide_1.7.0/stm32cubeide/plugins/com.st.stm32cube.ide.mcu.externaltools.gnu-tools-for-stm32.9-2020-q2-update.win32_2.0.0.202105311346/tools/bin/../lib/gcc/arm-none-eabi/9.3.1/../../../../arm-none-eabi/lib/thumb/v7-m/nofp\libc_nano.a(lib_a-nano-svfprintf.o)
 .rodata._printf_i.str1.1
                0x00000000080048c3       0x22 c:/st/stm32cubeide_1.7.0/stm32cubeide/plugins/com.st.stm32cube.ide.mcu.externaltools.gnu-tools-for-stm32.9-2020-q2-update.win32_2.0.0.202105311346/tools/bin/../lib/gcc/arm-none-eabi/9.3.1/../../../../arm-none-eabi/lib/thumb/v7-m/nofp\libc_nano.a(lib_a-nano-vfprintf_i.o)
                0x00000000080048e8                . = ALIGN (0x4)
 *fill*         0x00000000080048e5        0x3 

.rel.dyn        0x00000000080048e8        0x0
 .rel.iplt      0x00000000080048e8        0x0 c:/st/stm32cubeide_1.7.0/stm32cubeide/plugins/com.st.stm32cube.ide.mcu.externaltools.gnu-tools-for-stm32.9-2020-q2-update.win32_2.0.0.202105311346/tools/bin/../lib/gcc/arm-none-eabi/9.3.1/thumb/v7-m/nofp/crtbegin.o

.ARM.extab      0x00000000080048e8        0x0
                0x00000000080048e8                . = ALIGN (0x4)
 *(.ARM.extab* .gnu.linkonce.armextab.*)
                0x00000000080048e8                . = ALIGN (0x4)

.ARM            0x00000000080048e8        0x0
                0x00000000080048e8                . = ALIGN (0x4)
                0x00000000080048e8                __exidx_start = .
 *(.ARM.exidx*)
                0x00000000080048e8                __exidx_end = .
                0x00000000080048e8                . = ALIGN (0x4)

.preinit_array  0x00000000080048e8        0x0
                0x00000000080048e8                . = ALIGN (0x4)
                0x00000000080048e8                PROVIDE (__preinit_array_start = .)
 *(.preinit_array*)
                0x00000000080048e8                PROVIDE (__preinit_array_end = .)
                0x00000000080048e8                . = ALIGN (0x4)

.init_array     0x00000000080048e8        0x4
                0x00000000080048e8                . = ALIGN (0x4)
                0x00000000080048e8                PROVIDE (__init_array_start = .)
 *(SORT_BY_NAME(.init_array.*))
 *(.init_array*)
 .init_array    0x00000000080048e8        0x4 c:/st/stm32cubeide_1.7.0/stm32cubeide/plugins/com.st.stm32cube.ide.mcu.externaltools.gnu-tools-for-stm32.9-2020-q2-update.win32_2.0.0.202105311346/tools/bin/../lib/gcc/arm-none-eabi/9.3.1/thumb/v7-m/nofp/crtbegin.o
                0x00000000080048ec                PROVIDE (__init_array_end = .)
                0x00000000080048ec                . = ALIGN (0x4)

.fini_array     0x00000000080048ec        0x4
                0x00000000080048ec                . = ALIGN (0x4)
                [!provide]                        PROVIDE (__fini_array_start = .)
 *(SORT_BY_NAME(.fini_array.*))
 *(.fini_array*)
 .fini_array    0x00000000080048ec        0x4 c:/st/stm32cubeide_1.7.0/stm32cubeide/plugins/com.st.stm32cube.ide.mcu.externaltools.gnu-tools-for-stm32.9-2020-q2-update.win32_2.0.0.202105311346/tools/bin/../lib/gcc/arm-none-eabi/9.3.1/thumb/v7-m/nofp/crtbegin.o
                [!provide]                        PROVIDE (__fini_array_end = .)
                0x00000000080048f0                . = ALIGN (0x4)
                0x00000000080048f0                _sidata = LOADADDR (.data)

.data           0x0000000020000000      0x108 load address 0x00000000080048f0
                0x0000000020000000                . = ALIGN (0x4)
                0x0000000020000000                _sdata = .
 *(.data)
 *(.data*)
 .data.KeyReg0  0x0000000020000000       0x10 ./Core/Src/button.o
                0x0000000020000000                KeyReg0
 .data.KeyReg1  0x0000000020000010       0x10 ./Core/Src/button.o
                0x0000000020000010                KeyReg1
 .data.KeyReg2  0x0000000020000020       0x10 ./Core/Src/button.o
                0x0000000020000020                KeyReg2
 .data.KeyReg3  0x0000000020000030       0x10 ./Core/Src/button.o
                0x0000000020000030                KeyReg3
 .data.TimerForKeyPress
                0x0000000020000040       0x10 ./Core/Src/button.o
                0x0000000020000040                TimerForKeyPress
 .data.en0      0x0000000020000050        0x4 ./Core/Src/fsm_setting.o
                0x0000000020000050                en0
 .data.en2      0x0000000020000054        0x4 ./Core/Src/fsm_setting.o
                0x0000000020000054                en2
 .data.counter2
                0x0000000020000058        0x4 ./Core/Src/global.o
                0x0000000020000058                counter2
 .data.i_1      0x000000002000005c        0x4 ./Core/Src/global.o
                0x000000002000005c                i_1
 .data.j_1      0x0000000020000060        0x4 ./Core/Src/global.o
                0x0000000020000060                j_1
 .data.t_1      0x0000000020000064        0x4 ./Core/Src/global.o
                0x0000000020000064                t_1
 .data.i_2      0x0000000020000068        0x4 ./Core/Src/global.o
                0x0000000020000068                i_2
 .data.j_2      0x000000002000006c        0x4 ./Core/Src/global.o
                0x000000002000006c                j_2
 .data.t_2      0x0000000020000070        0x4 ./Core/Src/global.o
                0x0000000020000070                t_2
 .data.test     0x0000000020000074        0x4 ./Core/Src/global.o
                0x0000000020000074                test
 .data.r        0x0000000020000078        0x4 ./Core/Src/global.o
                0x0000000020000078                r
 .data.dem      0x000000002000007c        0x4 ./Core/Src/global.o
                0x000000002000007c                dem
 .data.max_Red  0x0000000020000080        0x4 ./Core/Src/global.o
                0x0000000020000080                max_Red
 .data.max_Yellow
                0x0000000020000084        0x4 ./Core/Src/global.o
                0x0000000020000084                max_Yellow
 .data.max_Green
                0x0000000020000088        0x4 ./Core/Src/global.o
                0x0000000020000088                max_Green
 .data.prev_max_Red
                0x000000002000008c        0x4 ./Core/Src/global.o
                0x000000002000008c                prev_max_Red
 .data.prev_max_Yellow
                0x0000000020000090        0x4 ./Core/Src/global.o
                0x0000000020000090                prev_max_Yellow
 .data.prev_max_Green
                0x0000000020000094        0x4 ./Core/Src/global.o
                0x0000000020000094                prev_max_Green
 .data.SystemCoreClock
                0x0000000020000098        0x4 ./Core/Src/system_stm32f1xx.o
                0x0000000020000098                SystemCoreClock
 .data.uwTickPrio
                0x000000002000009c        0x4 ./Drivers/STM32F1xx_HAL_Driver/Src/stm32f1xx_hal.o
                0x000000002000009c                uwTickPrio
 .data.uwTickFreq
                0x00000000200000a0        0x1 ./Drivers/STM32F1xx_HAL_Driver/Src/stm32f1xx_hal.o
                0x00000000200000a0                uwTickFreq
 *fill*         0x00000000200000a1        0x3 
 .data._impure_ptr
                0x00000000200000a4        0x4 c:/st/stm32cubeide_1.7.0/stm32cubeide/plugins/com.st.stm32cube.ide.mcu.externaltools.gnu-tools-for-stm32.9-2020-q2-update.win32_2.0.0.202105311346/tools/bin/../lib/gcc/arm-none-eabi/9.3.1/../../../../arm-none-eabi/lib/thumb/v7-m/nofp\libc_nano.a(lib_a-impure.o)
                0x00000000200000a4                _impure_ptr
 .data.impure_data
                0x00000000200000a8       0x60 c:/st/stm32cubeide_1.7.0/stm32cubeide/plugins/com.st.stm32cube.ide.mcu.externaltools.gnu-tools-for-stm32.9-2020-q2-update.win32_2.0.0.202105311346/tools/bin/../lib/gcc/arm-none-eabi/9.3.1/../../../../arm-none-eabi/lib/thumb/v7-m/nofp\libc_nano.a(lib_a-impure.o)
 *(.RamFunc)
 *(.RamFunc*)
                0x0000000020000108                . = ALIGN (0x4)
                0x0000000020000108                _edata = .

.igot.plt       0x0000000020000108        0x0 load address 0x00000000080049f8
 .igot.plt      0x0000000020000108        0x0 c:/st/stm32cubeide_1.7.0/stm32cubeide/plugins/com.st.stm32cube.ide.mcu.externaltools.gnu-tools-for-stm32.9-2020-q2-update.win32_2.0.0.202105311346/tools/bin/../lib/gcc/arm-none-eabi/9.3.1/thumb/v7-m/nofp/crtbegin.o
                0x0000000020000108                . = ALIGN (0x4)

.bss            0x0000000020000108      0x548 load address 0x00000000080049f8
                0x0000000020000108                _sbss = .
                0x0000000020000108                __bss_start__ = _sbss
 *(.bss)
 .bss           0x0000000020000108       0x1c c:/st/stm32cubeide_1.7.0/stm32cubeide/plugins/com.st.stm32cube.ide.mcu.externaltools.gnu-tools-for-stm32.9-2020-q2-update.win32_2.0.0.202105311346/tools/bin/../lib/gcc/arm-none-eabi/9.3.1/thumb/v7-m/nofp/crtbegin.o
 *(.bss*)
 .bss.button_flag
                0x0000000020000124       0x10 ./Core/Src/button.o
                0x0000000020000124                button_flag
 .bss.PRESSED_STATE_0
                0x0000000020000134        0x4 ./Core/Src/button.o
                0x0000000020000134                PRESSED_STATE_0
 .bss.test_1    0x0000000020000138        0x4 ./Core/Src/fsm_manual.o
                0x0000000020000138                test_1
 .bss.mode      0x000000002000013c        0x4 ./Core/Src/fsm_setting.o
                0x000000002000013c                mode
 .bss.en1       0x0000000020000140        0x4 ./Core/Src/fsm_setting.o
                0x0000000020000140                en1
 .bss.en3       0x0000000020000144        0x4 ./Core/Src/fsm_setting.o
                0x0000000020000144                en3
 .bss.bool      0x0000000020000148        0x4 ./Core/Src/global.o
                0x0000000020000148                bool
 .bss.counter   0x000000002000014c        0x4 ./Core/Src/global.o
                0x000000002000014c                counter
 .bss.turn      0x0000000020000150        0x4 ./Core/Src/global.o
                0x0000000020000150                turn
 .bss.current_index_task
                0x0000000020000154        0x1 ./Core/Src/scheduler.o
                0x0000000020000154                current_index_task
 .bss.Error_code_G
                0x0000000020000155        0x1 ./Core/Src/scheduler.o
                0x0000000020000155                Error_code_G
 *fill*         0x0000000020000156        0x2 
 .bss.timer_counter
                0x0000000020000158       0x28 ./Core/Src/software_timer.o
                0x0000000020000158                timer_counter
 .bss.timer_flag
                0x0000000020000180       0x28 ./Core/Src/software_timer.o
                0x0000000020000180                timer_flag
 .bss.__sbrk_heap_end
                0x00000000200001a8        0x4 ./Core/Src/sysmem.o
 .bss.__malloc_free_list
                0x00000000200001ac        0x4 c:/st/stm32cubeide_1.7.0/stm32cubeide/plugins/com.st.stm32cube.ide.mcu.externaltools.gnu-tools-for-stm32.9-2020-q2-update.win32_2.0.0.202105311346/tools/bin/../lib/gcc/arm-none-eabi/9.3.1/../../../../arm-none-eabi/lib/thumb/v7-m/nofp\libc_nano.a(lib_a-nano-mallocr.o)
                0x00000000200001ac                __malloc_free_list
 .bss.__malloc_sbrk_start
                0x00000000200001b0        0x4 c:/st/stm32cubeide_1.7.0/stm32cubeide/plugins/com.st.stm32cube.ide.mcu.externaltools.gnu-tools-for-stm32.9-2020-q2-update.win32_2.0.0.202105311346/tools/bin/../lib/gcc/arm-none-eabi/9.3.1/../../../../arm-none-eabi/lib/thumb/v7-m/nofp\libc_nano.a(lib_a-nano-mallocr.o)
                0x00000000200001b0                __malloc_sbrk_start
 *(COMMON)
 COMMON         0x00000000200001b4       0x90 ./Core/Src/button.o
                0x00000000200001b4                huart3
                0x00000000200001fc                huart2
 COMMON         0x0000000020000244        0x4 ./Core/Src/fsm_manual.o
                0x0000000020000244                temp
 COMMON         0x0000000020000248       0x28 ./Core/Src/global.o
                0x0000000020000248                buffer2
                0x000000002000025c                buffer1
 COMMON         0x0000000020000270       0xa9 ./Core/Src/main.o
                0x0000000020000270                hi2c1
                0x00000000200002c4                RETURN_ERROR
                0x00000000200002c5                ERROR_SCH_WAITING_FOR_SLAVE_TO_ACK
                0x00000000200002c6                ERROR_SCH_CANNOT_DELETE_TASK
                0x00000000200002c7                RETURN_NORMAL
                0x00000000200002c8                ERROR_SCH_TOO_MANY_TASKS
                0x00000000200002c9                ERROR_SCH_WAITING_FOR_START_COMMAND_FROM_MASTER
                0x00000000200002ca                ERROR_SCH_ONE_OR_MORE_SLAVES_DID_NOT_START
                0x00000000200002cb                ERROR_SCH_CAN_BUS_ERROR
                0x00000000200002cc                ERROR_I2C_WRITE_BYTE_AT24C64
                0x00000000200002d0                htim2
                0x0000000020000318                ERROR_SCH_LOST_SLAVE
 *fill*         0x0000000020000319        0x3 
 COMMON         0x000000002000031c      0x320 ./Core/Src/scheduler.o
                0x000000002000031c                SCH_Tasks_G
 COMMON         0x000000002000063c        0x4 ./Drivers/STM32F1xx_HAL_Driver/Src/stm32f1xx_hal.o
                0x000000002000063c                uwTick
 COMMON         0x0000000020000640        0x4 c:/st/stm32cubeide_1.7.0/stm32cubeide/plugins/com.st.stm32cube.ide.mcu.externaltools.gnu-tools-for-stm32.9-2020-q2-update.win32_2.0.0.202105311346/tools/bin/../lib/gcc/arm-none-eabi/9.3.1/../../../../arm-none-eabi/lib/thumb/v7-m/nofp\libc_nano.a(lib_a-reent.o)
                0x0000000020000640                errno
 COMMON         0x0000000020000644        0x9 c:/st/stm32cubeide_1.7.0/stm32cubeide/plugins/com.st.stm32cube.ide.mcu.externaltools.gnu-tools-for-stm32.9-2020-q2-update.win32_2.0.0.202105311346/tools/bin/../lib/gcc/arm-none-eabi/9.3.1/../../../../arm-none-eabi/lib/thumb/v7-m/nofp\libc_nano.a(lib_a-lock.o)
                0x0000000020000644                __lock___atexit_recursive_mutex
                0x0000000020000645                __lock___arc4random_mutex
                0x0000000020000646                __lock___env_recursive_mutex
                0x0000000020000647                __lock___sinit_recursive_mutex
                0x0000000020000648                __lock___malloc_recursive_mutex
                0x0000000020000649                __lock___at_quick_exit_mutex
                0x000000002000064a                __lock___dd_hash_mutex
                0x000000002000064b                __lock___tz_mutex
                0x000000002000064c                __lock___sfp_recursive_mutex
                0x0000000020000650                . = ALIGN (0x4)
 *fill*         0x000000002000064d        0x3 
                0x0000000020000650                _ebss = .
                0x0000000020000650                __bss_end__ = _ebss

._user_heap_stack
                0x0000000020000650      0x600 load address 0x00000000080049f8
                0x0000000020000650                . = ALIGN (0x8)
                [!provide]                        PROVIDE (end = .)
                0x0000000020000650                PROVIDE (_end = .)
                0x0000000020000850                . = (. + _Min_Heap_Size)
 *fill*         0x0000000020000650      0x200 
                0x0000000020000c50                . = (. + _Min_Stack_Size)
 *fill*         0x0000000020000850      0x400 
                0x0000000020000c50                . = ALIGN (0x8)

/DISCARD/
 libc.a(*)
 libm.a(*)
 libgcc.a(*)

.ARM.attributes
                0x0000000000000000       0x29
 *(.ARM.attributes)
 .ARM.attributes
                0x0000000000000000       0x1d c:/st/stm32cubeide_1.7.0/stm32cubeide/plugins/com.st.stm32cube.ide.mcu.externaltools.gnu-tools-for-stm32.9-2020-q2-update.win32_2.0.0.202105311346/tools/bin/../lib/gcc/arm-none-eabi/9.3.1/thumb/v7-m/nofp/crti.o
 .ARM.attributes
                0x000000000000001d       0x2d c:/st/stm32cubeide_1.7.0/stm32cubeide/plugins/com.st.stm32cube.ide.mcu.externaltools.gnu-tools-for-stm32.9-2020-q2-update.win32_2.0.0.202105311346/tools/bin/../lib/gcc/arm-none-eabi/9.3.1/thumb/v7-m/nofp/crtbegin.o
 .ARM.attributes
                0x000000000000004a       0x2d ./Core/Src/button.o
 .ARM.attributes
                0x0000000000000077       0x2d ./Core/Src/fsm_automatic.o
 .ARM.attributes
                0x00000000000000a4       0x2d ./Core/Src/fsm_manual.o
 .ARM.attributes
                0x00000000000000d1       0x2d ./Core/Src/fsm_setting.o
 .ARM.attributes
                0x00000000000000fe       0x33 ./Core/Src/global.o
 .ARM.attributes
                0x0000000000000131       0x2d ./Core/Src/i2c-lcd.o
 .ARM.attributes
                0x000000000000015e       0x2d ./Core/Src/led_traffic.o
 .ARM.attributes
                0x000000000000018b       0x2d ./Core/Src/main.o
 .ARM.attributes
                0x00000000000001b8       0x2d ./Core/Src/scheduler.o
 .ARM.attributes
                0x00000000000001e5       0x2d ./Core/Src/software_timer.o
 .ARM.attributes
                0x0000000000000212       0x2d ./Core/Src/stm32f1xx_hal_msp.o
 .ARM.attributes
                0x000000000000023f       0x2d ./Core/Src/stm32f1xx_it.o
 .ARM.attributes
                0x000000000000026c       0x2d ./Core/Src/sysmem.o
 .ARM.attributes
                0x0000000000000299       0x2d ./Core/Src/system_stm32f1xx.o
 .ARM.attributes
                0x00000000000002c6       0x21 ./Core/Startup/startup_stm32f103rbtx.o
 .ARM.attributes
                0x00000000000002e7       0x2d ./Drivers/STM32F1xx_HAL_Driver/Src/stm32f1xx_hal.o
 .ARM.attributes
                0x0000000000000314       0x2d ./Drivers/STM32F1xx_HAL_Driver/Src/stm32f1xx_hal_cortex.o
 .ARM.attributes
                0x0000000000000341       0x2d ./Drivers/STM32F1xx_HAL_Driver/Src/stm32f1xx_hal_gpio.o
 .ARM.attributes
                0x000000000000036e       0x2d ./Drivers/STM32F1xx_HAL_Driver/Src/stm32f1xx_hal_i2c.o
 .ARM.attributes
                0x000000000000039b       0x2d ./Drivers/STM32F1xx_HAL_Driver/Src/stm32f1xx_hal_rcc.o
 .ARM.attributes
                0x00000000000003c8       0x2d ./Drivers/STM32F1xx_HAL_Driver/Src/stm32f1xx_hal_tim.o
 .ARM.attributes
                0x00000000000003f5       0x2d ./Drivers/STM32F1xx_HAL_Driver/Src/stm32f1xx_hal_tim_ex.o
 .ARM.attributes
                0x0000000000000422       0x2d ./Drivers/STM32F1xx_HAL_Driver/Src/stm32f1xx_hal_uart.o
 .ARM.attributes
                0x000000000000044f       0x2d c:/st/stm32cubeide_1.7.0/stm32cubeide/plugins/com.st.stm32cube.ide.mcu.externaltools.gnu-tools-for-stm32.9-2020-q2-update.win32_2.0.0.202105311346/tools/bin/../lib/gcc/arm-none-eabi/9.3.1/../../../../arm-none-eabi/lib/thumb/v7-m/nofp\libc_nano.a(lib_a-errno.o)
 .ARM.attributes
                0x000000000000047c       0x2d c:/st/stm32cubeide_1.7.0/stm32cubeide/plugins/com.st.stm32cube.ide.mcu.externaltools.gnu-tools-for-stm32.9-2020-q2-update.win32_2.0.0.202105311346/tools/bin/../lib/gcc/arm-none-eabi/9.3.1/../../../../arm-none-eabi/lib/thumb/v7-m/nofp\libc_nano.a(lib_a-impure.o)
 .ARM.attributes
                0x00000000000004a9       0x2d c:/st/stm32cubeide_1.7.0/stm32cubeide/plugins/com.st.stm32cube.ide.mcu.externaltools.gnu-tools-for-stm32.9-2020-q2-update.win32_2.0.0.202105311346/tools/bin/../lib/gcc/arm-none-eabi/9.3.1/../../../../arm-none-eabi/lib/thumb/v7-m/nofp\libc_nano.a(lib_a-init.o)
 .ARM.attributes
                0x00000000000004d6       0x2d c:/st/stm32cubeide_1.7.0/stm32cubeide/plugins/com.st.stm32cube.ide.mcu.externaltools.gnu-tools-for-stm32.9-2020-q2-update.win32_2.0.0.202105311346/tools/bin/../lib/gcc/arm-none-eabi/9.3.1/../../../../arm-none-eabi/lib/thumb/v7-m/nofp\libc_nano.a(lib_a-memset.o)
 .ARM.attributes
                0x0000000000000503       0x2d c:/st/stm32cubeide_1.7.0/stm32cubeide/plugins/com.st.stm32cube.ide.mcu.externaltools.gnu-tools-for-stm32.9-2020-q2-update.win32_2.0.0.202105311346/tools/bin/../lib/gcc/arm-none-eabi/9.3.1/../../../../arm-none-eabi/lib/thumb/v7-m/nofp\libc_nano.a(lib_a-sprintf.o)
 .ARM.attributes
                0x0000000000000530       0x2d c:/st/stm32cubeide_1.7.0/stm32cubeide/plugins/com.st.stm32cube.ide.mcu.externaltools.gnu-tools-for-stm32.9-2020-q2-update.win32_2.0.0.202105311346/tools/bin/../lib/gcc/arm-none-eabi/9.3.1/../../../../arm-none-eabi/lib/thumb/v7-m/nofp\libc_nano.a(lib_a-nano-svfprintf.o)
 .ARM.attributes
                0x000000000000055d       0x2d c:/st/stm32cubeide_1.7.0/stm32cubeide/plugins/com.st.stm32cube.ide.mcu.externaltools.gnu-tools-for-stm32.9-2020-q2-update.win32_2.0.0.202105311346/tools/bin/../lib/gcc/arm-none-eabi/9.3.1/../../../../arm-none-eabi/lib/thumb/v7-m/nofp\libc_nano.a(lib_a-nano-vfprintf_i.o)
 .ARM.attributes
                0x000000000000058a       0x2d c:/st/stm32cubeide_1.7.0/stm32cubeide/plugins/com.st.stm32cube.ide.mcu.externaltools.gnu-tools-for-stm32.9-2020-q2-update.win32_2.0.0.202105311346/tools/bin/../lib/gcc/arm-none-eabi/9.3.1/../../../../arm-none-eabi/lib/thumb/v7-m/nofp\libc_nano.a(lib_a-memchr-stub.o)
 .ARM.attributes
                0x00000000000005b7       0x2d c:/st/stm32cubeide_1.7.0/stm32cubeide/plugins/com.st.stm32cube.ide.mcu.externaltools.gnu-tools-for-stm32.9-2020-q2-update.win32_2.0.0.202105311346/tools/bin/../lib/gcc/arm-none-eabi/9.3.1/../../../../arm-none-eabi/lib/thumb/v7-m/nofp\libc_nano.a(lib_a-memcpy-stub.o)
 .ARM.attributes
                0x00000000000005e4       0x2d c:/st/stm32cubeide_1.7.0/stm32cubeide/plugins/com.st.stm32cube.ide.mcu.externaltools.gnu-tools-for-stm32.9-2020-q2-update.win32_2.0.0.202105311346/tools/bin/../lib/gcc/arm-none-eabi/9.3.1/../../../../arm-none-eabi/lib/thumb/v7-m/nofp\libc_nano.a(lib_a-memmove.o)
 .ARM.attributes
                0x0000000000000611       0x2d c:/st/stm32cubeide_1.7.0/stm32cubeide/plugins/com.st.stm32cube.ide.mcu.externaltools.gnu-tools-for-stm32.9-2020-q2-update.win32_2.0.0.202105311346/tools/bin/../lib/gcc/arm-none-eabi/9.3.1/../../../../arm-none-eabi/lib/thumb/v7-m/nofp\libc_nano.a(lib_a-nano-freer.o)
 .ARM.attributes
                0x000000000000063e       0x2d c:/st/stm32cubeide_1.7.0/stm32cubeide/plugins/com.st.stm32cube.ide.mcu.externaltools.gnu-tools-for-stm32.9-2020-q2-update.win32_2.0.0.202105311346/tools/bin/../lib/gcc/arm-none-eabi/9.3.1/../../../../arm-none-eabi/lib/thumb/v7-m/nofp\libc_nano.a(lib_a-nano-mallocr.o)
 .ARM.attributes
                0x000000000000066b       0x2d c:/st/stm32cubeide_1.7.0/stm32cubeide/plugins/com.st.stm32cube.ide.mcu.externaltools.gnu-tools-for-stm32.9-2020-q2-update.win32_2.0.0.202105311346/tools/bin/../lib/gcc/arm-none-eabi/9.3.1/../../../../arm-none-eabi/lib/thumb/v7-m/nofp\libc_nano.a(lib_a-nano-reallocr.o)
 .ARM.attributes
                0x0000000000000698       0x2d c:/st/stm32cubeide_1.7.0/stm32cubeide/plugins/com.st.stm32cube.ide.mcu.externaltools.gnu-tools-for-stm32.9-2020-q2-update.win32_2.0.0.202105311346/tools/bin/../lib/gcc/arm-none-eabi/9.3.1/../../../../arm-none-eabi/lib/thumb/v7-m/nofp\libc_nano.a(lib_a-sbrkr.o)
 .ARM.attributes
                0x00000000000006c5       0x2d c:/st/stm32cubeide_1.7.0/stm32cubeide/plugins/com.st.stm32cube.ide.mcu.externaltools.gnu-tools-for-stm32.9-2020-q2-update.win32_2.0.0.202105311346/tools/bin/../lib/gcc/arm-none-eabi/9.3.1/../../../../arm-none-eabi/lib/thumb/v7-m/nofp\libc_nano.a(lib_a-mlock.o)
 .ARM.attributes
                0x00000000000006f2       0x2d c:/st/stm32cubeide_1.7.0/stm32cubeide/plugins/com.st.stm32cube.ide.mcu.externaltools.gnu-tools-for-stm32.9-2020-q2-update.win32_2.0.0.202105311346/tools/bin/../lib/gcc/arm-none-eabi/9.3.1/../../../../arm-none-eabi/lib/thumb/v7-m/nofp\libc_nano.a(lib_a-nano-msizer.o)
 .ARM.attributes
                0x000000000000071f       0x2d c:/st/stm32cubeide_1.7.0/stm32cubeide/plugins/com.st.stm32cube.ide.mcu.externaltools.gnu-tools-for-stm32.9-2020-q2-update.win32_2.0.0.202105311346/tools/bin/../lib/gcc/arm-none-eabi/9.3.1/../../../../arm-none-eabi/lib/thumb/v7-m/nofp\libc_nano.a(lib_a-reent.o)
 .ARM.attributes
                0x000000000000074c       0x2d c:/st/stm32cubeide_1.7.0/stm32cubeide/plugins/com.st.stm32cube.ide.mcu.externaltools.gnu-tools-for-stm32.9-2020-q2-update.win32_2.0.0.202105311346/tools/bin/../lib/gcc/arm-none-eabi/9.3.1/../../../../arm-none-eabi/lib/thumb/v7-m/nofp\libc_nano.a(lib_a-lock.o)
 .ARM.attributes
                0x0000000000000779       0x1d c:/st/stm32cubeide_1.7.0/stm32cubeide/plugins/com.st.stm32cube.ide.mcu.externaltools.gnu-tools-for-stm32.9-2020-q2-update.win32_2.0.0.202105311346/tools/bin/../lib/gcc/arm-none-eabi/9.3.1/thumb/v7-m/nofp/crtn.o
OUTPUT(BTL.elf elf32-littlearm)
LOAD linker stubs
LOAD c:/st/stm32cubeide_1.7.0/stm32cubeide/plugins/com.st.stm32cube.ide.mcu.externaltools.gnu-tools-for-stm32.9-2020-q2-update.win32_2.0.0.202105311346/tools/bin/../lib/gcc/arm-none-eabi/9.3.1/../../../../arm-none-eabi/lib/thumb/v7-m/nofp\libc.a
LOAD c:/st/stm32cubeide_1.7.0/stm32cubeide/plugins/com.st.stm32cube.ide.mcu.externaltools.gnu-tools-for-stm32.9-2020-q2-update.win32_2.0.0.202105311346/tools/bin/../lib/gcc/arm-none-eabi/9.3.1/../../../../arm-none-eabi/lib/thumb/v7-m/nofp\libm.a
LOAD c:/st/stm32cubeide_1.7.0/stm32cubeide/plugins/com.st.stm32cube.ide.mcu.externaltools.gnu-tools-for-stm32.9-2020-q2-update.win32_2.0.0.202105311346/tools/bin/../lib/gcc/arm-none-eabi/9.3.1/thumb/v7-m/nofp\libgcc.a

.debug_info     0x0000000000000000    0x1345a
 .debug_info    0x0000000000000000      0x98d ./Core/Src/button.o
 .debug_info    0x000000000000098d      0x554 ./Core/Src/fsm_automatic.o
 .debug_info    0x0000000000000ee1     0x11b0 ./Core/Src/fsm_manual.o
 .debug_info    0x0000000000002091      0x840 ./Core/Src/fsm_setting.o
 .debug_info    0x00000000000028d1      0x403 ./Core/Src/global.o
 .debug_info    0x0000000000002cd4      0x7d7 ./Core/Src/i2c-lcd.o
 .debug_info    0x00000000000034ab      0x317 ./Core/Src/led_traffic.o
 .debug_info    0x00000000000037c2     0x1376 ./Core/Src/main.o
 .debug_info    0x0000000000004b38      0x302 ./Core/Src/scheduler.o
 .debug_info    0x0000000000004e3a      0x233 ./Core/Src/software_timer.o
 .debug_info    0x000000000000506d     0x11aa ./Core/Src/stm32f1xx_hal_msp.o
 .debug_info    0x0000000000006217      0x7b9 ./Core/Src/stm32f1xx_it.o
 .debug_info    0x00000000000069d0      0xa25 ./Core/Src/sysmem.o
 .debug_info    0x00000000000073f5      0x2be ./Core/Src/system_stm32f1xx.o
 .debug_info    0x00000000000076b3       0x22 ./Core/Startup/startup_stm32f103rbtx.o
 .debug_info    0x00000000000076d5      0x76a ./Drivers/STM32F1xx_HAL_Driver/Src/stm32f1xx_hal.o
 .debug_info    0x0000000000007e3f      0xbdc ./Drivers/STM32F1xx_HAL_Driver/Src/stm32f1xx_hal_cortex.o
 .debug_info    0x0000000000008a1b      0x701 ./Drivers/STM32F1xx_HAL_Driver/Src/stm32f1xx_hal_gpio.o
 .debug_info    0x000000000000911c     0x27cb ./Drivers/STM32F1xx_HAL_Driver/Src/stm32f1xx_hal_i2c.o
 .debug_info    0x000000000000b8e7      0x893 ./Drivers/STM32F1xx_HAL_Driver/Src/stm32f1xx_hal_rcc.o
 .debug_info    0x000000000000c17a     0x2c32 ./Drivers/STM32F1xx_HAL_Driver/Src/stm32f1xx_hal_tim.o
 .debug_info    0x000000000000edac     0x157f ./Drivers/STM32F1xx_HAL_Driver/Src/stm32f1xx_hal_tim_ex.o
 .debug_info    0x000000000001032b     0x312f ./Drivers/STM32F1xx_HAL_Driver/Src/stm32f1xx_hal_uart.o

.debug_abbrev   0x0000000000000000     0x29e4
 .debug_abbrev  0x0000000000000000      0x208 ./Core/Src/button.o
 .debug_abbrev  0x0000000000000208      0x137 ./Core/Src/fsm_automatic.o
 .debug_abbrev  0x000000000000033f      0x267 ./Core/Src/fsm_manual.o
 .debug_abbrev  0x00000000000005a6      0x17c ./Core/Src/fsm_setting.o
 .debug_abbrev  0x0000000000000722       0xbc ./Core/Src/global.o
 .debug_abbrev  0x00000000000007de      0x1b2 ./Core/Src/i2c-lcd.o
 .debug_abbrev  0x0000000000000990       0xf8 ./Core/Src/led_traffic.o
 .debug_abbrev  0x0000000000000a88      0x2b6 ./Core/Src/main.o
 .debug_abbrev  0x0000000000000d3e      0x149 ./Core/Src/scheduler.o
 .debug_abbrev  0x0000000000000e87      0x130 ./Core/Src/software_timer.o
 .debug_abbrev  0x0000000000000fb7      0x206 ./Core/Src/stm32f1xx_hal_msp.o
 .debug_abbrev  0x00000000000011bd      0x176 ./Core/Src/stm32f1xx_it.o
 .debug_abbrev  0x0000000000001333      0x1bf ./Core/Src/sysmem.o
 .debug_abbrev  0x00000000000014f2      0x14e ./Core/Src/system_stm32f1xx.o
 .debug_abbrev  0x0000000000001640       0x12 ./Core/Startup/startup_stm32f103rbtx.o
 .debug_abbrev  0x0000000000001652      0x1ed ./Drivers/STM32F1xx_HAL_Driver/Src/stm32f1xx_hal.o
 .debug_abbrev  0x000000000000183f      0x313 ./Drivers/STM32F1xx_HAL_Driver/Src/stm32f1xx_hal_cortex.o
 .debug_abbrev  0x0000000000001b52      0x1e8 ./Drivers/STM32F1xx_HAL_Driver/Src/stm32f1xx_hal_gpio.o
 .debug_abbrev  0x0000000000001d3a      0x288 ./Drivers/STM32F1xx_HAL_Driver/Src/stm32f1xx_hal_i2c.o
 .debug_abbrev  0x0000000000001fc2      0x273 ./Drivers/STM32F1xx_HAL_Driver/Src/stm32f1xx_hal_rcc.o
 .debug_abbrev  0x0000000000002235      0x25e ./Drivers/STM32F1xx_HAL_Driver/Src/stm32f1xx_hal_tim.o
 .debug_abbrev  0x0000000000002493      0x266 ./Drivers/STM32F1xx_HAL_Driver/Src/stm32f1xx_hal_tim_ex.o
 .debug_abbrev  0x00000000000026f9      0x2eb ./Drivers/STM32F1xx_HAL_Driver/Src/stm32f1xx_hal_uart.o

.debug_aranges  0x0000000000000000     0x1040
 .debug_aranges
                0x0000000000000000       0x30 ./Core/Src/button.o
 .debug_aranges
                0x0000000000000030       0x38 ./Core/Src/fsm_automatic.o
 .debug_aranges
                0x0000000000000068       0x28 ./Core/Src/fsm_manual.o
 .debug_aranges
                0x0000000000000090       0x20 ./Core/Src/fsm_setting.o
 .debug_aranges
                0x00000000000000b0       0x18 ./Core/Src/global.o
 .debug_aranges
                0x00000000000000c8       0x48 ./Core/Src/i2c-lcd.o
 .debug_aranges
                0x0000000000000110       0x80 ./Core/Src/led_traffic.o
 .debug_aranges
                0x0000000000000190       0x60 ./Core/Src/main.o
 .debug_aranges
                0x00000000000001f0       0x48 ./Core/Src/scheduler.o
 .debug_aranges
                0x0000000000000238       0x30 ./Core/Src/software_timer.o
 .debug_aranges
                0x0000000000000268       0x50 ./Core/Src/stm32f1xx_hal_msp.o
 .debug_aranges
                0x00000000000002b8       0x68 ./Core/Src/stm32f1xx_it.o
 .debug_aranges
                0x0000000000000320       0x20 ./Core/Src/sysmem.o
 .debug_aranges
                0x0000000000000340       0x28 ./Core/Src/system_stm32f1xx.o
 .debug_aranges
                0x0000000000000368       0x28 ./Core/Startup/startup_stm32f103rbtx.o
 .debug_aranges
                0x0000000000000390       0xe0 ./Drivers/STM32F1xx_HAL_Driver/Src/stm32f1xx_hal.o
 .debug_aranges
                0x0000000000000470      0x100 ./Drivers/STM32F1xx_HAL_Driver/Src/stm32f1xx_hal_cortex.o
 .debug_aranges
                0x0000000000000570       0x58 ./Drivers/STM32F1xx_HAL_Driver/Src/stm32f1xx_hal_gpio.o
 .debug_aranges
                0x00000000000005c8      0x2a8 ./Drivers/STM32F1xx_HAL_Driver/Src/stm32f1xx_hal_i2c.o
 .debug_aranges
                0x0000000000000870       0x90 ./Drivers/STM32F1xx_HAL_Driver/Src/stm32f1xx_hal_rcc.o
 .debug_aranges
                0x0000000000000900      0x3d0 ./Drivers/STM32F1xx_HAL_Driver/Src/stm32f1xx_hal_tim.o
 .debug_aranges
                0x0000000000000cd0      0x168 ./Drivers/STM32F1xx_HAL_Driver/Src/stm32f1xx_hal_tim_ex.o
 .debug_aranges
                0x0000000000000e38      0x208 ./Drivers/STM32F1xx_HAL_Driver/Src/stm32f1xx_hal_uart.o

.debug_ranges   0x0000000000000000      0xf18
 .debug_ranges  0x0000000000000000       0x20 ./Core/Src/button.o
 .debug_ranges  0x0000000000000020       0x28 ./Core/Src/fsm_automatic.o
 .debug_ranges  0x0000000000000048       0x18 ./Core/Src/fsm_manual.o
 .debug_ranges  0x0000000000000060       0x10 ./Core/Src/fsm_setting.o
 .debug_ranges  0x0000000000000070       0x38 ./Core/Src/i2c-lcd.o
 .debug_ranges  0x00000000000000a8       0x70 ./Core/Src/led_traffic.o
 .debug_ranges  0x0000000000000118       0x50 ./Core/Src/main.o
 .debug_ranges  0x0000000000000168       0x38 ./Core/Src/scheduler.o
 .debug_ranges  0x00000000000001a0       0x20 ./Core/Src/software_timer.o
 .debug_ranges  0x00000000000001c0       0x40 ./Core/Src/stm32f1xx_hal_msp.o
 .debug_ranges  0x0000000000000200       0x58 ./Core/Src/stm32f1xx_it.o
 .debug_ranges  0x0000000000000258       0x10 ./Core/Src/sysmem.o
 .debug_ranges  0x0000000000000268       0x18 ./Core/Src/system_stm32f1xx.o
 .debug_ranges  0x0000000000000280       0x20 ./Core/Startup/startup_stm32f103rbtx.o
 .debug_ranges  0x00000000000002a0       0xd0 ./Drivers/STM32F1xx_HAL_Driver/Src/stm32f1xx_hal.o
 .debug_ranges  0x0000000000000370       0xf0 ./Drivers/STM32F1xx_HAL_Driver/Src/stm32f1xx_hal_cortex.o
 .debug_ranges  0x0000000000000460       0x48 ./Drivers/STM32F1xx_HAL_Driver/Src/stm32f1xx_hal_gpio.o
 .debug_ranges  0x00000000000004a8      0x2b0 ./Drivers/STM32F1xx_HAL_Driver/Src/stm32f1xx_hal_i2c.o
 .debug_ranges  0x0000000000000758       0x80 ./Drivers/STM32F1xx_HAL_Driver/Src/stm32f1xx_hal_rcc.o
 .debug_ranges  0x00000000000007d8      0x3c0 ./Drivers/STM32F1xx_HAL_Driver/Src/stm32f1xx_hal_tim.o
 .debug_ranges  0x0000000000000b98      0x158 ./Drivers/STM32F1xx_HAL_Driver/Src/stm32f1xx_hal_tim_ex.o
 .debug_ranges  0x0000000000000cf0      0x228 ./Drivers/STM32F1xx_HAL_Driver/Src/stm32f1xx_hal_uart.o

.debug_macro    0x0000000000000000    0x18fd3
 .debug_macro   0x0000000000000000      0x1d5 ./Core/Src/button.o
 .debug_macro   0x00000000000001d5      0xa9c ./Core/Src/button.o
 .debug_macro   0x0000000000000c71      0x221 ./Core/Src/button.o
 .debug_macro   0x0000000000000e92       0x2e ./Core/Src/button.o
 .debug_macro   0x0000000000000ec0       0x22 ./Core/Src/button.o
 .debug_macro   0x0000000000000ee2       0x22 ./Core/Src/button.o
 .debug_macro   0x0000000000000f04       0x8e ./Core/Src/button.o
 .debug_macro   0x0000000000000f92       0x51 ./Core/Src/button.o
 .debug_macro   0x0000000000000fe3      0x103 ./Core/Src/button.o
 .debug_macro   0x00000000000010e6       0x6a ./Core/Src/button.o
 .debug_macro   0x0000000000001150      0x1df ./Core/Src/button.o
 .debug_macro   0x000000000000132f       0x1c ./Core/Src/button.o
 .debug_macro   0x000000000000134b       0x22 ./Core/Src/button.o
 .debug_macro   0x000000000000136d       0xc3 ./Core/Src/button.o
 .debug_macro   0x0000000000001430      0xd23 ./Core/Src/button.o
 .debug_macro   0x0000000000002153     0xe09e ./Core/Src/button.o
 .debug_macro   0x00000000000101f1       0x6d ./Core/Src/button.o
 .debug_macro   0x000000000001025e     0x34a2 ./Core/Src/button.o
 .debug_macro   0x0000000000013700      0x174 ./Core/Src/button.o
 .debug_macro   0x0000000000013874       0x5c ./Core/Src/button.o
 .debug_macro   0x00000000000138d0      0x5bc ./Core/Src/button.o
 .debug_macro   0x0000000000013e8c      0x289 ./Core/Src/button.o
 .debug_macro   0x0000000000014115      0x1cb ./Core/Src/button.o
 .debug_macro   0x00000000000142e0      0x114 ./Core/Src/button.o
 .debug_macro   0x00000000000143f4      0x1b2 ./Core/Src/button.o
 .debug_macro   0x00000000000145a6       0x27 ./Core/Src/button.o
 .debug_macro   0x00000000000145cd      0x136 ./Core/Src/button.o
 .debug_macro   0x0000000000014703      0x1bc ./Core/Src/button.o
 .debug_macro   0x00000000000148bf       0x34 ./Core/Src/button.o
 .debug_macro   0x00000000000148f3       0x3c ./Core/Src/button.o
 .debug_macro   0x000000000001492f       0x57 ./Core/Src/button.o
 .debug_macro   0x0000000000014986       0x87 ./Core/Src/button.o
 .debug_macro   0x0000000000014a0d      0x240 ./Core/Src/button.o
 .debug_macro   0x0000000000014c4d      0x287 ./Core/Src/button.o
 .debug_macro   0x0000000000014ed4      0x140 ./Core/Src/button.o
 .debug_macro   0x0000000000015014      0x8ed ./Core/Src/button.o
 .debug_macro   0x0000000000015901      0x28e ./Core/Src/button.o
 .debug_macro   0x0000000000015b8f       0x83 ./Core/Src/button.o
 .debug_macro   0x0000000000015c12       0xa0 ./Core/Src/button.o
 .debug_macro   0x0000000000015cb2       0x1c ./Core/Src/button.o
 .debug_macro   0x0000000000015cce      0x1e8 ./Core/Src/fsm_automatic.o
 .debug_macro   0x0000000000015eb6      0x3ac ./Core/Src/fsm_manual.o
 .debug_macro   0x0000000000016262       0x52 ./Core/Src/fsm_manual.o
 .debug_macro   0x00000000000162b4       0x18 ./Core/Src/fsm_manual.o
 .debug_macro   0x00000000000162cc       0x3c ./Core/Src/fsm_manual.o
 .debug_macro   0x0000000000016308       0x34 ./Core/Src/fsm_manual.o
 .debug_macro   0x000000000001633c       0x16 ./Core/Src/fsm_manual.o
 .debug_macro   0x0000000000016352       0x35 ./Core/Src/fsm_manual.o
 .debug_macro   0x0000000000016387      0x333 ./Core/Src/fsm_manual.o
 .debug_macro   0x00000000000166ba       0x10 ./Core/Src/fsm_manual.o
 .debug_macro   0x00000000000166ca       0x16 ./Core/Src/fsm_manual.o
 .debug_macro   0x00000000000166e0       0x43 ./Core/Src/fsm_manual.o
 .debug_macro   0x0000000000016723       0x34 ./Core/Src/fsm_manual.o
 .debug_macro   0x0000000000016757       0x10 ./Core/Src/fsm_manual.o
 .debug_macro   0x0000000000016767       0x58 ./Core/Src/fsm_manual.o
 .debug_macro   0x00000000000167bf       0x71 ./Core/Src/fsm_manual.o
 .debug_macro   0x0000000000016830       0x1c ./Core/Src/fsm_manual.o
 .debug_macro   0x000000000001684c      0x12a ./Core/Src/fsm_manual.o
 .debug_macro   0x0000000000016976       0x10 ./Core/Src/fsm_manual.o
 .debug_macro   0x0000000000016986       0x1c ./Core/Src/fsm_manual.o
 .debug_macro   0x00000000000169a2       0x52 ./Core/Src/fsm_manual.o
 .debug_macro   0x00000000000169f4       0x22 ./Core/Src/fsm_manual.o
 .debug_macro   0x0000000000016a16       0x10 ./Core/Src/fsm_manual.o
 .debug_macro   0x0000000000016a26       0x40 ./Core/Src/fsm_manual.o
 .debug_macro   0x0000000000016a66       0xd5 ./Core/Src/fsm_manual.o
 .debug_macro   0x0000000000016b3b       0x1c ./Core/Src/fsm_manual.o
 .debug_macro   0x0000000000016b57       0x3d ./Core/Src/fsm_manual.o
 .debug_macro   0x0000000000016b94       0x16 ./Core/Src/fsm_manual.o
 .debug_macro   0x0000000000016baa      0x145 ./Core/Src/fsm_manual.o
 .debug_macro   0x0000000000016cef       0x16 ./Core/Src/fsm_manual.o
 .debug_macro   0x0000000000016d05       0x16 ./Core/Src/fsm_manual.o
 .debug_macro   0x0000000000016d1b       0x29 ./Core/Src/fsm_manual.o
 .debug_macro   0x0000000000016d44      0x1ff ./Core/Src/fsm_setting.o
 .debug_macro   0x0000000000016f43      0x1c6 ./Core/Src/global.o
 .debug_macro   0x0000000000017109      0x1b7 ./Core/Src/i2c-lcd.o
 .debug_macro   0x00000000000172c0      0x1c6 ./Core/Src/led_traffic.o
 .debug_macro   0x0000000000017486      0x242 ./Core/Src/main.o
 .debug_macro   0x00000000000176c8       0x10 ./Core/Src/main.o
 .debug_macro   0x00000000000176d8       0x73 ./Core/Src/scheduler.o
 .debug_macro   0x000000000001774b      0x1c6 ./Core/Src/software_timer.o
 .debug_macro   0x0000000000017911      0x1bc ./Core/Src/stm32f1xx_hal_msp.o
 .debug_macro   0x0000000000017acd      0x1c6 ./Core/Src/stm32f1xx_it.o
 .debug_macro   0x0000000000017c93       0xff ./Core/Src/sysmem.o
 .debug_macro   0x0000000000017d92      0x23b ./Core/Src/sysmem.o
 .debug_macro   0x0000000000017fcd      0x1ad ./Core/Src/system_stm32f1xx.o
 .debug_macro   0x000000000001817a      0x1d1 ./Drivers/STM32F1xx_HAL_Driver/Src/stm32f1xx_hal.o
 .debug_macro   0x000000000001834b      0x1ad ./Drivers/STM32F1xx_HAL_Driver/Src/stm32f1xx_hal_cortex.o
 .debug_macro   0x00000000000184f8      0x218 ./Drivers/STM32F1xx_HAL_Driver/Src/stm32f1xx_hal_gpio.o
 .debug_macro   0x0000000000018710      0x1fb ./Drivers/STM32F1xx_HAL_Driver/Src/stm32f1xx_hal_i2c.o
 .debug_macro   0x000000000001890b      0x1bf ./Drivers/STM32F1xx_HAL_Driver/Src/stm32f1xx_hal_rcc.o
 .debug_macro   0x0000000000018aca      0x1ae ./Drivers/STM32F1xx_HAL_Driver/Src/stm32f1xx_hal_tim.o
 .debug_macro   0x0000000000018c78      0x1ad ./Drivers/STM32F1xx_HAL_Driver/Src/stm32f1xx_hal_tim_ex.o
 .debug_macro   0x0000000000018e25      0x1ae ./Drivers/STM32F1xx_HAL_Driver/Src/stm32f1xx_hal_uart.o

.debug_line     0x0000000000000000    0x1428c
 .debug_line    0x0000000000000000      0x7c3 ./Core/Src/button.o
 .debug_line    0x00000000000007c3      0x870 ./Core/Src/fsm_automatic.o
 .debug_line    0x0000000000001033      0xaaa ./Core/Src/fsm_manual.o
 .debug_line    0x0000000000001add      0x6fe ./Core/Src/fsm_setting.o
 .debug_line    0x00000000000021db      0x67c ./Core/Src/global.o
 .debug_line    0x0000000000002857      0x757 ./Core/Src/i2c-lcd.o
 .debug_line    0x0000000000002fae      0x7c6 ./Core/Src/led_traffic.o
 .debug_line    0x0000000000003774      0x904 ./Core/Src/main.o
 .debug_line    0x0000000000004078      0x4bb ./Core/Src/scheduler.o
 .debug_line    0x0000000000004533      0x6f1 ./Core/Src/software_timer.o
 .debug_line    0x0000000000004c24      0x7a8 ./Core/Src/stm32f1xx_hal_msp.o
 .debug_line    0x00000000000053cc      0x76e ./Core/Src/stm32f1xx_it.o
 .debug_line    0x0000000000005b3a      0x4f8 ./Core/Src/sysmem.o
 .debug_line    0x0000000000006032      0x712 ./Core/Src/system_stm32f1xx.o
 .debug_line    0x0000000000006744       0x86 ./Core/Startup/startup_stm32f103rbtx.o
 .debug_line    0x00000000000067ca      0x93f ./Drivers/STM32F1xx_HAL_Driver/Src/stm32f1xx_hal.o
 .debug_line    0x0000000000007109      0xb27 ./Drivers/STM32F1xx_HAL_Driver/Src/stm32f1xx_hal_cortex.o
 .debug_line    0x0000000000007c30      0x9d8 ./Drivers/STM32F1xx_HAL_Driver/Src/stm32f1xx_hal_gpio.o
 .debug_line    0x0000000000008608     0x3ad5 ./Drivers/STM32F1xx_HAL_Driver/Src/stm32f1xx_hal_i2c.o
 .debug_line    0x000000000000c0dd      0xd4b ./Drivers/STM32F1xx_HAL_Driver/Src/stm32f1xx_hal_rcc.o
 .debug_line    0x000000000000ce28     0x33d9 ./Drivers/STM32F1xx_HAL_Driver/Src/stm32f1xx_hal_tim.o
 .debug_line    0x0000000000010201     0x1885 ./Drivers/STM32F1xx_HAL_Driver/Src/stm32f1xx_hal_tim_ex.o
 .debug_line    0x0000000000011a86     0x2806 ./Drivers/STM32F1xx_HAL_Driver/Src/stm32f1xx_hal_uart.o

.debug_str      0x0000000000000000    0x8da29
 .debug_str     0x0000000000000000    0x8534e ./Core/Src/button.o
                                      0x85730 (size before relaxing)
 .debug_str     0x000000000008534e       0x7a ./Core/Src/fsm_automatic.o
                                      0x852a2 (size before relaxing)
 .debug_str     0x00000000000853c8     0x419c ./Core/Src/fsm_manual.o
                                      0x89901 (size before relaxing)
 .debug_str     0x0000000000089564       0x28 ./Core/Src/fsm_setting.o
                                      0x85707 (size before relaxing)
 .debug_str     0x000000000008958c       0x15 ./Core/Src/global.o
                                      0x8522f (size before relaxing)
 .debug_str     0x00000000000895a1      0x2d0 ./Core/Src/i2c-lcd.o
                                      0x85498 (size before relaxing)
 .debug_str     0x0000000000089871       0xae ./Core/Src/led_traffic.o
                                      0x85296 (size before relaxing)
 .debug_str     0x000000000008991f      0x6a3 ./Core/Src/main.o
                                      0x860c5 (size before relaxing)
 .debug_str     0x0000000000089fc2       0xb9 ./Core/Src/scheduler.o
                                       0x3e9c (size before relaxing)
 .debug_str     0x000000000008a07b       0x55 ./Core/Src/software_timer.o
                                      0x85204 (size before relaxing)
 .debug_str     0x000000000008a0d0      0x345 ./Core/Src/stm32f1xx_hal_msp.o
                                      0x85f02 (size before relaxing)
 .debug_str     0x000000000008a415       0xcd ./Core/Src/stm32f1xx_it.o
                                      0x85714 (size before relaxing)
 .debug_str     0x000000000008a4e2      0x4e9 ./Core/Src/sysmem.o
                                       0x6237 (size before relaxing)
 .debug_str     0x000000000008a9cb       0x52 ./Core/Src/system_stm32f1xx.o
                                      0x85016 (size before relaxing)
 .debug_str     0x000000000008aa1d       0x36 ./Core/Startup/startup_stm32f103rbtx.o
                                         0x4b (size before relaxing)
 .debug_str     0x000000000008aa53      0x304 ./Drivers/STM32F1xx_HAL_Driver/Src/stm32f1xx_hal.o
                                      0x856a7 (size before relaxing)
 .debug_str     0x000000000008ad57      0x300 ./Drivers/STM32F1xx_HAL_Driver/Src/stm32f1xx_hal_cortex.o
                                      0x856af (size before relaxing)
 .debug_str     0x000000000008b057      0x31f ./Drivers/STM32F1xx_HAL_Driver/Src/stm32f1xx_hal_gpio.o
                                      0x853da (size before relaxing)
 .debug_str     0x000000000008b376      0xb9a ./Drivers/STM32F1xx_HAL_Driver/Src/stm32f1xx_hal_i2c.o
                                      0x860a5 (size before relaxing)
 .debug_str     0x000000000008bf10      0x244 ./Drivers/STM32F1xx_HAL_Driver/Src/stm32f1xx_hal_rcc.o
                                      0x85413 (size before relaxing)
 .debug_str     0x000000000008c154      0xdd8 ./Drivers/STM32F1xx_HAL_Driver/Src/stm32f1xx_hal_tim.o
                                      0x863fc (size before relaxing)
 .debug_str     0x000000000008cf2c      0x4ee ./Drivers/STM32F1xx_HAL_Driver/Src/stm32f1xx_hal_tim_ex.o
                                      0x85b9d (size before relaxing)
 .debug_str     0x000000000008d41a      0x60f ./Drivers/STM32F1xx_HAL_Driver/Src/stm32f1xx_hal_uart.o
                                      0x85a6b (size before relaxing)

.comment        0x0000000000000000       0x53
 .comment       0x0000000000000000       0x53 ./Core/Src/button.o
                                         0x54 (size before relaxing)
 .comment       0x0000000000000053       0x54 ./Core/Src/fsm_automatic.o
 .comment       0x0000000000000053       0x54 ./Core/Src/fsm_manual.o
 .comment       0x0000000000000053       0x54 ./Core/Src/fsm_setting.o
 .comment       0x0000000000000053       0x54 ./Core/Src/global.o
 .comment       0x0000000000000053       0x54 ./Core/Src/i2c-lcd.o
 .comment       0x0000000000000053       0x54 ./Core/Src/led_traffic.o
 .comment       0x0000000000000053       0x54 ./Core/Src/main.o
 .comment       0x0000000000000053       0x54 ./Core/Src/scheduler.o
 .comment       0x0000000000000053       0x54 ./Core/Src/software_timer.o
 .comment       0x0000000000000053       0x54 ./Core/Src/stm32f1xx_hal_msp.o
 .comment       0x0000000000000053       0x54 ./Core/Src/stm32f1xx_it.o
 .comment       0x0000000000000053       0x54 ./Core/Src/sysmem.o
 .comment       0x0000000000000053       0x54 ./Core/Src/system_stm32f1xx.o
 .comment       0x0000000000000053       0x54 ./Drivers/STM32F1xx_HAL_Driver/Src/stm32f1xx_hal.o
 .comment       0x0000000000000053       0x54 ./Drivers/STM32F1xx_HAL_Driver/Src/stm32f1xx_hal_cortex.o
 .comment       0x0000000000000053       0x54 ./Drivers/STM32F1xx_HAL_Driver/Src/stm32f1xx_hal_gpio.o
 .comment       0x0000000000000053       0x54 ./Drivers/STM32F1xx_HAL_Driver/Src/stm32f1xx_hal_i2c.o
 .comment       0x0000000000000053       0x54 ./Drivers/STM32F1xx_HAL_Driver/Src/stm32f1xx_hal_rcc.o
 .comment       0x0000000000000053       0x54 ./Drivers/STM32F1xx_HAL_Driver/Src/stm32f1xx_hal_tim.o
 .comment       0x0000000000000053       0x54 ./Drivers/STM32F1xx_HAL_Driver/Src/stm32f1xx_hal_tim_ex.o
 .comment       0x0000000000000053       0x54 ./Drivers/STM32F1xx_HAL_Driver/Src/stm32f1xx_hal_uart.o

.debug_frame    0x0000000000000000     0x460c
 .debug_frame   0x0000000000000000       0x78 ./Core/Src/button.o
 .debug_frame   0x0000000000000078       0x84 ./Core/Src/fsm_automatic.o
 .debug_frame   0x00000000000000fc       0x5c ./Core/Src/fsm_manual.o
 .debug_frame   0x0000000000000158       0x30 ./Core/Src/fsm_setting.o
 .debug_frame   0x0000000000000188       0xd8 ./Core/Src/i2c-lcd.o
 .debug_frame   0x0000000000000260      0x17c ./Core/Src/led_traffic.o
 .debug_frame   0x00000000000003dc      0x128 ./Core/Src/main.o
 .debug_frame   0x0000000000000504       0xec ./Core/Src/scheduler.o
 .debug_frame   0x00000000000005f0       0x7c ./Core/Src/software_timer.o
 .debug_frame   0x000000000000066c      0x110 ./Core/Src/stm32f1xx_hal_msp.o
 .debug_frame   0x000000000000077c      0x120 ./Core/Src/stm32f1xx_it.o
 .debug_frame   0x000000000000089c       0x34 ./Core/Src/sysmem.o
 .debug_frame   0x00000000000008d0       0x58 ./Core/Src/system_stm32f1xx.o
 .debug_frame   0x0000000000000928      0x334 ./Drivers/STM32F1xx_HAL_Driver/Src/stm32f1xx_hal.o
 .debug_frame   0x0000000000000c5c      0x428 ./Drivers/STM32F1xx_HAL_Driver/Src/stm32f1xx_hal_cortex.o
 .debug_frame   0x0000000000001084      0x14c ./Drivers/STM32F1xx_HAL_Driver/Src/stm32f1xx_hal_gpio.o
 .debug_frame   0x00000000000011d0      0xc84 ./Drivers/STM32F1xx_HAL_Driver/Src/stm32f1xx_hal_i2c.o
 .debug_frame   0x0000000000001e54      0x218 ./Drivers/STM32F1xx_HAL_Driver/Src/stm32f1xx_hal_rcc.o
 .debug_frame   0x000000000000206c     0x11b8 ./Drivers/STM32F1xx_HAL_Driver/Src/stm32f1xx_hal_tim.o
 .debug_frame   0x0000000000003224      0x638 ./Drivers/STM32F1xx_HAL_Driver/Src/stm32f1xx_hal_tim_ex.o
 .debug_frame   0x000000000000385c      0x944 ./Drivers/STM32F1xx_HAL_Driver/Src/stm32f1xx_hal_uart.o
 .debug_frame   0x00000000000041a0       0x20 c:/st/stm32cubeide_1.7.0/stm32cubeide/plugins/com.st.stm32cube.ide.mcu.externaltools.gnu-tools-for-stm32.9-2020-q2-update.win32_2.0.0.202105311346/tools/bin/../lib/gcc/arm-none-eabi/9.3.1/../../../../arm-none-eabi/lib/thumb/v7-m/nofp\libc_nano.a(lib_a-errno.o)
 .debug_frame   0x00000000000041c0       0x2c c:/st/stm32cubeide_1.7.0/stm32cubeide/plugins/com.st.stm32cube.ide.mcu.externaltools.gnu-tools-for-stm32.9-2020-q2-update.win32_2.0.0.202105311346/tools/bin/../lib/gcc/arm-none-eabi/9.3.1/../../../../arm-none-eabi/lib/thumb/v7-m/nofp\libc_nano.a(lib_a-init.o)
 .debug_frame   0x00000000000041ec       0x20 c:/st/stm32cubeide_1.7.0/stm32cubeide/plugins/com.st.stm32cube.ide.mcu.externaltools.gnu-tools-for-stm32.9-2020-q2-update.win32_2.0.0.202105311346/tools/bin/../lib/gcc/arm-none-eabi/9.3.1/../../../../arm-none-eabi/lib/thumb/v7-m/nofp\libc_nano.a(lib_a-memset.o)
 .debug_frame   0x000000000000420c       0x6c c:/st/stm32cubeide_1.7.0/stm32cubeide/plugins/com.st.stm32cube.ide.mcu.externaltools.gnu-tools-for-stm32.9-2020-q2-update.win32_2.0.0.202105311346/tools/bin/../lib/gcc/arm-none-eabi/9.3.1/../../../../arm-none-eabi/lib/thumb/v7-m/nofp\libc_nano.a(lib_a-sprintf.o)
 .debug_frame   0x0000000000004278       0x90 c:/st/stm32cubeide_1.7.0/stm32cubeide/plugins/com.st.stm32cube.ide.mcu.externaltools.gnu-tools-for-stm32.9-2020-q2-update.win32_2.0.0.202105311346/tools/bin/../lib/gcc/arm-none-eabi/9.3.1/../../../../arm-none-eabi/lib/thumb/v7-m/nofp\libc_nano.a(lib_a-nano-svfprintf.o)
 .debug_frame   0x0000000000004308       0x60 c:/st/stm32cubeide_1.7.0/stm32cubeide/plugins/com.st.stm32cube.ide.mcu.externaltools.gnu-tools-for-stm32.9-2020-q2-update.win32_2.0.0.202105311346/tools/bin/../lib/gcc/arm-none-eabi/9.3.1/../../../../arm-none-eabi/lib/thumb/v7-m/nofp\libc_nano.a(lib_a-nano-vfprintf_i.o)
 .debug_frame   0x0000000000004368       0x28 c:/st/stm32cubeide_1.7.0/stm32cubeide/plugins/com.st.stm32cube.ide.mcu.externaltools.gnu-tools-for-stm32.9-2020-q2-update.win32_2.0.0.202105311346/tools/bin/../lib/gcc/arm-none-eabi/9.3.1/../../../../arm-none-eabi/lib/thumb/v7-m/nofp\libc_nano.a(lib_a-memchr-stub.o)
 .debug_frame   0x0000000000004390       0x28 c:/st/stm32cubeide_1.7.0/stm32cubeide/plugins/com.st.stm32cube.ide.mcu.externaltools.gnu-tools-for-stm32.9-2020-q2-update.win32_2.0.0.202105311346/tools/bin/../lib/gcc/arm-none-eabi/9.3.1/../../../../arm-none-eabi/lib/thumb/v7-m/nofp\libc_nano.a(lib_a-memcpy-stub.o)
 .debug_frame   0x00000000000043b8       0x28 c:/st/stm32cubeide_1.7.0/stm32cubeide/plugins/com.st.stm32cube.ide.mcu.externaltools.gnu-tools-for-stm32.9-2020-q2-update.win32_2.0.0.202105311346/tools/bin/../lib/gcc/arm-none-eabi/9.3.1/../../../../arm-none-eabi/lib/thumb/v7-m/nofp\libc_nano.a(lib_a-memmove.o)
 .debug_frame   0x00000000000043e0       0x38 c:/st/stm32cubeide_1.7.0/stm32cubeide/plugins/com.st.stm32cube.ide.mcu.externaltools.gnu-tools-for-stm32.9-2020-q2-update.win32_2.0.0.202105311346/tools/bin/../lib/gcc/arm-none-eabi/9.3.1/../../../../arm-none-eabi/lib/thumb/v7-m/nofp\libc_nano.a(lib_a-nano-freer.o)
 .debug_frame   0x0000000000004418       0x30 c:/st/stm32cubeide_1.7.0/stm32cubeide/plugins/com.st.stm32cube.ide.mcu.externaltools.gnu-tools-for-stm32.9-2020-q2-update.win32_2.0.0.202105311346/tools/bin/../lib/gcc/arm-none-eabi/9.3.1/../../../../arm-none-eabi/lib/thumb/v7-m/nofp\libc_nano.a(lib_a-nano-mallocr.o)
 .debug_frame   0x0000000000004448       0x3c c:/st/stm32cubeide_1.7.0/stm32cubeide/plugins/com.st.stm32cube.ide.mcu.externaltools.gnu-tools-for-stm32.9-2020-q2-update.win32_2.0.0.202105311346/tools/bin/../lib/gcc/arm-none-eabi/9.3.1/../../../../arm-none-eabi/lib/thumb/v7-m/nofp\libc_nano.a(lib_a-nano-reallocr.o)
 .debug_frame   0x0000000000004484       0x2c c:/st/stm32cubeide_1.7.0/stm32cubeide/plugins/com.st.stm32cube.ide.mcu.externaltools.gnu-tools-for-stm32.9-2020-q2-update.win32_2.0.0.202105311346/tools/bin/../lib/gcc/arm-none-eabi/9.3.1/../../../../arm-none-eabi/lib/thumb/v7-m/nofp\libc_nano.a(lib_a-sbrkr.o)
 .debug_frame   0x00000000000044b0       0x30 c:/st/stm32cubeide_1.7.0/stm32cubeide/plugins/com.st.stm32cube.ide.mcu.externaltools.gnu-tools-for-stm32.9-2020-q2-update.win32_2.0.0.202105311346/tools/bin/../lib/gcc/arm-none-eabi/9.3.1/../../../../arm-none-eabi/lib/thumb/v7-m/nofp\libc_nano.a(lib_a-mlock.o)
 .debug_frame   0x00000000000044e0       0x20 c:/st/stm32cubeide_1.7.0/stm32cubeide/plugins/com.st.stm32cube.ide.mcu.externaltools.gnu-tools-for-stm32.9-2020-q2-update.win32_2.0.0.202105311346/tools/bin/../lib/gcc/arm-none-eabi/9.3.1/../../../../arm-none-eabi/lib/thumb/v7-m/nofp\libc_nano.a(lib_a-nano-msizer.o)
 .debug_frame   0x0000000000004500       0x5c c:/st/stm32cubeide_1.7.0/stm32cubeide/plugins/com.st.stm32cube.ide.mcu.externaltools.gnu-tools-for-stm32.9-2020-q2-update.win32_2.0.0.202105311346/tools/bin/../lib/gcc/arm-none-eabi/9.3.1/../../../../arm-none-eabi/lib/thumb/v7-m/nofp\libc_nano.a(lib_a-reent.o)
 .debug_frame   0x000000000000455c       0xb0 c:/st/stm32cubeide_1.7.0/stm32cubeide/plugins/com.st.stm32cube.ide.mcu.externaltools.gnu-tools-for-stm32.9-2020-q2-update.win32_2.0.0.202105311346/tools/bin/../lib/gcc/arm-none-eabi/9.3.1/../../../../arm-none-eabi/lib/thumb/v7-m/nofp\libc_nano.a(lib_a-lock.o)