Archive member included to satisfy reference by file (symbol)

c:/st/stm32cubeide_1.7.0/stm32cubeide/plugins/com.st.stm32cube.ide.mcu.externaltools.gnu-tools-for-stm32.9-2020-q2-update.win32_2.0.0.202105311346/tools/bin/../lib/gcc/arm-none-eabi/9.3.1/../../../../arm-none-eabi/lib/thumb/v7-m/nofp\libc_nano.a(lib_a-errno.o)
                              ./Core/Src/syscalls.o (__errno)
c:/st/stm32cubeide_1.7.0/stm32cubeide/plugins/com.st.stm32cube.ide.mcu.externaltools.gnu-tools-for-stm32.9-2020-q2-update.win32_2.0.0.202105311346/tools/bin/../lib/gcc/arm-none-eabi/9.3.1/../../../../arm-none-eabi/lib/thumb/v7-m/nofp\libc_nano.a(lib_a-exit.o)
                              c:/st/stm32cubeide_1.7.0/stm32cubeide/plugins/com.st.stm32cube.ide.mcu.externaltools.gnu-tools-for-stm32.9-2020-q2-update.win32_2.0.0.202105311346/tools/bin/../lib/gcc/arm-none-eabi/9.3.1/../../../../arm-none-eabi/lib/thumb/v7-m/nofp/crt0.o (exit)
c:/st/stm32cubeide_1.7.0/stm32cubeide/plugins/com.st.stm32cube.ide.mcu.externaltools.gnu-tools-for-stm32.9-2020-q2-update.win32_2.0.0.202105311346/tools/bin/../lib/gcc/arm-none-eabi/9.3.1/../../../../arm-none-eabi/lib/thumb/v7-m/nofp\libc_nano.a(lib_a-impure.o)
                              c:/st/stm32cubeide_1.7.0/stm32cubeide/plugins/com.st.stm32cube.ide.mcu.externaltools.gnu-tools-for-stm32.9-2020-q2-update.win32_2.0.0.202105311346/tools/bin/../lib/gcc/arm-none-eabi/9.3.1/../../../../arm-none-eabi/lib/thumb/v7-m/nofp\libc_nano.a(lib_a-exit.o) (_global_impure_ptr)
c:/st/stm32cubeide_1.7.0/stm32cubeide/plugins/com.st.stm32cube.ide.mcu.externaltools.gnu-tools-for-stm32.9-2020-q2-update.win32_2.0.0.202105311346/tools/bin/../lib/gcc/arm-none-eabi/9.3.1/../../../../arm-none-eabi/lib/thumb/v7-m/nofp\libc_nano.a(lib_a-init.o)
                              c:/st/stm32cubeide_1.7.0/stm32cubeide/plugins/com.st.stm32cube.ide.mcu.externaltools.gnu-tools-for-stm32.9-2020-q2-update.win32_2.0.0.202105311346/tools/bin/../lib/gcc/arm-none-eabi/9.3.1/../../../../arm-none-eabi/lib/thumb/v7-m/nofp/crt0.o (__libc_init_array)
c:/st/stm32cubeide_1.7.0/stm32cubeide/plugins/com.st.stm32cube.ide.mcu.externaltools.gnu-tools-for-stm32.9-2020-q2-update.win32_2.0.0.202105311346/tools/bin/../lib/gcc/arm-none-eabi/9.3.1/../../../../arm-none-eabi/lib/thumb/v7-m/nofp\libc_nano.a(lib_a-memset.o)
                              c:/st/stm32cubeide_1.7.0/stm32cubeide/plugins/com.st.stm32cube.ide.mcu.externaltools.gnu-tools-for-stm32.9-2020-q2-update.win32_2.0.0.202105311346/tools/bin/../lib/gcc/arm-none-eabi/9.3.1/../../../../arm-none-eabi/lib/thumb/v7-m/nofp/crt0.o (memset)
c:/st/stm32cubeide_1.7.0/stm32cubeide/plugins/com.st.stm32cube.ide.mcu.externaltools.gnu-tools-for-stm32.9-2020-q2-update.win32_2.0.0.202105311346/tools/bin/../lib/gcc/arm-none-eabi/9.3.1/../../../../arm-none-eabi/lib/thumb/v7-m/nofp\libc_nano.a(lib_a-sprintf.o)
                              ./Core/Src/fsm_automatic.o (sprintf)
c:/st/stm32cubeide_1.7.0/stm32cubeide/plugins/com.st.stm32cube.ide.mcu.externaltools.gnu-tools-for-stm32.9-2020-q2-update.win32_2.0.0.202105311346/tools/bin/../lib/gcc/arm-none-eabi/9.3.1/../../../../arm-none-eabi/lib/thumb/v7-m/nofp\libc_nano.a(lib_a-nano-svfprintf.o)
                              c:/st/stm32cubeide_1.7.0/stm32cubeide/plugins/com.st.stm32cube.ide.mcu.externaltools.gnu-tools-for-stm32.9-2020-q2-update.win32_2.0.0.202105311346/tools/bin/../lib/gcc/arm-none-eabi/9.3.1/../../../../arm-none-eabi/lib/thumb/v7-m/nofp\libc_nano.a(lib_a-sprintf.o) (_svfprintf_r)
c:/st/stm32cubeide_1.7.0/stm32cubeide/plugins/com.st.stm32cube.ide.mcu.externaltools.gnu-tools-for-stm32.9-2020-q2-update.win32_2.0.0.202105311346/tools/bin/../lib/gcc/arm-none-eabi/9.3.1/../../../../arm-none-eabi/lib/thumb/v7-m/nofp\libc_nano.a(lib_a-nano-vfprintf_i.o)
                              c:/st/stm32cubeide_1.7.0/stm32cubeide/plugins/com.st.stm32cube.ide.mcu.externaltools.gnu-tools-for-stm32.9-2020-q2-update.win32_2.0.0.202105311346/tools/bin/../lib/gcc/arm-none-eabi/9.3.1/../../../../arm-none-eabi/lib/thumb/v7-m/nofp\libc_nano.a(lib_a-nano-svfprintf.o) (_printf_i)
c:/st/stm32cubeide_1.7.0/stm32cubeide/plugins/com.st.stm32cube.ide.mcu.externaltools.gnu-tools-for-stm32.9-2020-q2-update.win32_2.0.0.202105311346/tools/bin/../lib/gcc/arm-none-eabi/9.3.1/../../../../arm-none-eabi/lib/thumb/v7-m/nofp\libc_nano.a(lib_a-memchr-stub.o)
                              c:/st/stm32cubeide_1.7.0/stm32cubeide/plugins/com.st.stm32cube.ide.mcu.externaltools.gnu-tools-for-stm32.9-2020-q2-update.win32_2.0.0.202105311346/tools/bin/../lib/gcc/arm-none-eabi/9.3.1/../../../../arm-none-eabi/lib/thumb/v7-m/nofp\libc_nano.a(lib_a-nano-svfprintf.o) (memchr)
c:/st/stm32cubeide_1.7.0/stm32cubeide/plugins/com.st.stm32cube.ide.mcu.externaltools.gnu-tools-for-stm32.9-2020-q2-update.win32_2.0.0.202105311346/tools/bin/../lib/gcc/arm-none-eabi/9.3.1/../../../../arm-none-eabi/lib/thumb/v7-m/nofp\libc_nano.a(lib_a-memcpy-stub.o)
[...]
Memory Configuration

Name             Origin             Length             Attributes
RAM              0x0000000020000000 0x0000000000005000 xrw
FLASH            0x0000000008000000 0x0000000000020000 xr
*default*        0x0000000000000000 0xffffffffffffffff

Linker script and memory map

LOAD c:/st/stm32cubeide_1.7.0/stm32cubeide/plugins/com.st.stm32cube.ide.mcu.externaltools.gnu-tools-for-stm32.9-2020-q2-update.win32_2.0.0.202105311346/tools/bin/../lib/gcc/arm-none-eabi/9.3.1/thumb/v7-m/nofp/crti.o
LOAD c:/st/stm32cubeide_1.7.0/stm32cubeide/plugins/com.st.stm32cube.ide.mcu.externaltools.gnu-tools-for-stm32.9-2020-q2-update.win32_2.0.0.202105311346/tools/bin/../lib/gcc/arm-none-eabi/9.3.1/thumb/v7-m/nofp/crtbegin.o
LOAD c:/st/stm32cubeide_1.7.0/stm32cubeide/plugins/com.st.stm32cube.ide.mcu.externaltools.gnu-tools-for-stm32.9-2020-q2-update.win32_2.0.0.202105311346/tools/bin/../lib/gcc/arm-none-eabi/9.3.1/../../../../arm-none-eabi/lib/thumb/v7-m/nofp/crt0.o
LOAD ./Core/Src/button.o
LOAD ./Core/Src/fsm_automatic.o
LOAD ./Core/Src/fsm_manual.o
LOAD ./Core/Src/fsm_setting.o
LOAD ./Core/Src/global.o
LOAD ./Core/Src/i2c-lcd.o
LOAD ./Core/Src/led_traffic.o
LOAD ./Core/Src/main.o
LOAD ./Core/Src/software_timer.o
LOAD ./Core/Src/stm32f1xx_hal_msp.o
LOAD ./Core/Src/stm32f1xx_it.o
LOAD ./Core/Src/syscalls.o
LOAD ./Core/Src/sysmem.o
LOAD ./Core/Src/system_stm32f1xx.o
LOAD ./Core/Startup/startup_stm32f103rbtx.o
LOAD ./Drivers/STM32F1xx_HAL_Driver/Src/stm32f1xx_hal.o
LOAD ./Drivers/STM32F1xx_HAL_Driver/Src/stm32f1xx_hal_cortex.o
LOAD ./Drivers/STM32F1xx_HAL_Driver/Src/stm32f1xx_hal_dma.o
LOAD ./Drivers/STM32F1xx_HAL_Driver/Src/stm32f1xx_hal_exti.o
LOAD ./Drivers/STM32F1xx_HAL_Driver/Src/stm32f1xx_hal_flash.o
LOAD ./Drivers/STM32F1xx_HAL_Driver/Src/stm32f1xx_hal_flash_ex.o
LOAD ./Drivers/STM32F1xx_HAL_Driver/Src/stm32f1xx_hal_gpio.o
LOAD ./Drivers/STM32F1xx_HAL_Driver/Src/stm32f1xx_hal_gpio_ex.o
LOAD ./Drivers/STM32F1xx_HAL_Driver/Src/stm32f1xx_hal_i2c.o
LOAD ./Drivers/STM32F1xx_HAL_Driver/Src/stm32f1xx_hal_pwr.o
LOAD ./Drivers/STM32F1xx_HAL_Driver/Src/stm32f1xx_hal_rcc.o
LOAD ./Drivers/STM32F1xx_HAL_Driver/Src/stm32f1xx_hal_rcc_ex.o
LOAD ./Drivers/STM32F1xx_HAL_Driver/Src/stm32f1xx_hal_tim.o
LOAD ./Drivers/STM32F1xx_HAL_Driver/Src/stm32f1xx_hal_tim_ex.o
START GROUP
LOAD c:/st/stm32cubeide_1.7.0/stm32cubeide/plugins/com.st.stm32cube.ide.mcu.externaltools.gnu-tools-for-stm32.9-2020-q2-update.win32_2.0.0.202105311346/tools/bin/../lib/gcc/arm-none-eabi/9.3.1/../../../../arm-none-eabi/lib/thumb/v7-m/nofp\libc_nano.a
LOAD c:/st/stm32cubeide_1.7.0/stm32cubeide/plugins/com.st.stm32cube.ide.mcu.externaltools.gnu-tools-for-stm32.9-2020-q2-update.win32_2.0.0.202105311346/tools/bin/../lib/gcc/arm-none-eabi/9.3.1/../../../../arm-none-eabi/lib/thumb/v7-m/nofp\libm.a
END GROUP
START GROUP
LOAD c:/st/stm32cubeide_1.7.0/stm32cubeide/plugins/com.st.stm32cube.ide.mcu.externaltools.gnu-tools-for-stm32.9-2020-q2-update.win32_2.0.0.202105311346/tools/bin/../lib/gcc/arm-none-eabi/9.3.1/thumb/v7-m/nofp\libgcc.a
LOAD c:/st/stm32cubeide_1.7.0/stm32cubeide/plugins/com.st.stm32cube.ide.mcu.externaltools.gnu-tools-for-stm32.9-2020-q2-update.win32_2.0.0.202105311346/tools/bin/../lib/gcc/arm-none-eabi/9.3.1/../../../../arm-none-eabi/lib/thumb/v7-m/nofp\libc_nano.a
END GROUP
START GROUP
LOAD c:/st/stm32cubeide_1.7.0/stm32cubeide/plugins/com.st.stm32cube.ide.mcu.externaltools.gnu-tools-for-stm32.9-2020-q2-update.win32_2.0.0.202105311346/tools/bin/../lib/gcc/arm-none-eabi/9.3.1/thumb/v7-m/nofp\libgcc.a
LOAD c:/st/stm32cubeide_1.7.0/stm32cubeide/plugins/com.st.stm32cube.ide.mcu.externaltools.gnu-tools-for-stm32.9-2020-q2-update.win32_2.0.0.202105311346/tools/bin/../lib/gcc/arm-none-eabi/9.3.1/../../../../arm-none-eabi/lib/thumb/v7-m/nofp\libc_nano.a
LOAD c:/st/stm32cubeide_1.7.0/stm32cubeide/plugins/com.st.stm32cube.ide.mcu.externaltools.gnu-tools-for-stm32.9-2020-q2-update.win32_2.0.0.202105311346/tools/bin/../lib/gcc/arm-none-eabi/9.3.1/../../../../arm-none-eabi/lib/thumb/v7-m/nofp\libnosys.a
END GROUP
START GROUP
LOAD c:/st/stm32cubeide_1.7.0/stm32cubeide/plugins/com.st.stm32cube.ide.mcu.externaltools.gnu-tools-for-stm32.9-2020-q2-update.win32_2.0.0.202105311346/tools/bin/../lib/gcc/arm-none-eabi/9.3.1/thumb/v7-m/nofp\libgcc.a
LOAD c:/st/stm32cubeide_1.7.0/stm32cubeide/plugins/com.st.stm32cube.ide.mcu.externaltools.gnu-tools-for-stm32.9-2020-q2-update.win32_2.0.0.202105311346/tools/bin/../lib/gcc/arm-none-eabi/9.3.1/../../../../arm-none-eabi/lib/thumb/v7-m/nofp\libc_nano.a
LOAD c:/st/stm32cubeide_1.7.0/stm32cubeide/plugins/com.st.stm32cube.ide.mcu.externaltools.gnu-tools-for-stm32.9-2020-q2-update.win32_2.0.0.202105311346/tools/bin/../lib/gcc/arm-none-eabi/9.3.1/../../../../arm-none-eabi/lib/thumb/v7-m/nofp\libnosys.a
END GROUP
LOAD c:/st/stm32cubeide_1.7.0/stm32cubeide/plugins/com.st.stm32cube.ide.mcu.externaltools.gnu-tools-for-stm32.9-2020-q2-update.win32_2.0.0.202105311346/tools/bin/../lib/gcc/arm-none-eabi/9.3.1/thumb/v7-m/nofp/crtend.o
LOAD c:/st/stm32cubeide_1.7.0/stm32cubeide/plugins/com.st.stm32cube.ide.mcu.externaltools.gnu-tools-for-stm32.9-2020-q2-update.win32_2.0.0.202105311346/tools/bin/../lib/gcc/arm-none-eabi/9.3.1/thumb/v7-m/nofp/crtn.o
                0x0000000020005000                _estack = (ORIGIN (RAM) + LENGTH (RAM))
                0x0000000000000200                _Min_Heap_Size = 0x200
                0x0000000000000400                _Min_Stack_Size = 0x400

.isr_vector     0x0000000008000000      0x10c
                0x0000000008000000                . = ALIGN (0x4)
 *(.isr_vector)
 .isr_vector    0x0000000008000000      0x10c ./Core/Startup/startup_stm32f103rbtx.o
                0x0000000008000000                g_pfnVectors
                0x000000000800010c                . = ALIGN (0x4)

.text           0x000000000800010c     0x3e04
                0x000000000800010c                . = ALIGN (0x4)
 *(.text)
 .text          0x000000000800010c       0x40 c:/st/stm32cubeide_1.7.0/stm32cubeide/plugins/com.st.stm32cube.ide.mcu.externaltools.gnu-tools-for-stm32.9-2020-q2-update.win32_2.0.0.202105311346/tools/bin/../lib/gcc/arm-none-eabi/9.3.1/thumb/v7-m/nofp/crtbegin.o
 *(.text*)
 .text.subKeyProcess
                0x000000000800014c       0x3c ./Core/Src/button.o
                0x000000000800014c                subKeyProcess
 .text.subKeyProcess0
                0x0000000008000188       0x18 ./Core/Src/button.o
                0x0000000008000188                subKeyProcess0
 .text.getKeyInput
                0x00000000080001a0      0x180 ./Core/Src/button.o
                0x00000000080001a0                getKeyInput
 .text.print    0x0000000008000320       0x2c ./Core/Src/fsm_automatic.o
                0x0000000008000320                print
 .text.Reset    0x000000000800034c       0xd0 ./Core/Src/fsm_automatic.o
                0x000000000800034c                Reset
 .text.case1    0x000000000800041c      0x284 ./Core/Src/fsm_automatic.o
                0x000000000800041c                case1
 .text.case3    0x00000000080006a0      0x128 ./Core/Src/fsm_automatic.o
                0x00000000080006a0                case3
 .text.case2    0x00000000080007c8      0x1b4 ./Core/Src/fsm_manual.o
                0x00000000080007c8                case2
 .text.fsm_manual
                0x000000000800097c      0x2ac ./Core/Src/fsm_manual.o
                0x000000000800097c                fsm_manual
 .text.setup_Led7SEG
                0x0000000008000c28       0x40 ./Core/Src/fsm_setting.o
                0x0000000008000c28                setup_Led7SEG
 .text.lcd_send_cmd
                0x0000000008000c68       0x60 ./Core/Src/i2c-lcd.o
                0x0000000008000c68                lcd_send_cmd
 .text.lcd_send_data
                0x0000000008000cc8       0x60 ./Core/Src/i2c-lcd.o
                0x0000000008000cc8                lcd_send_data
 .text.lcd_init
                0x0000000008000d28       0x5c ./Core/Src/i2c-lcd.o
                0x0000000008000d28                lcd_init
 .text.lcd_send_string
                0x0000000008000d84       0x2a ./Core/Src/i2c-lcd.o
                0x0000000008000d84                lcd_send_string
 .text.lcd_clear_display
                0x0000000008000dae        0xe ./Core/Src/i2c-lcd.o
                0x0000000008000dae                lcd_clear_display
 .text.lcd_goto_XY
                0x0000000008000dbc       0x44 ./Core/Src/i2c-lcd.o
                0x0000000008000dbc                lcd_goto_XY
 .text.LED_RED_1
                0x0000000008000e00       0x20 ./Core/Src/led_traffic.o
                0x0000000008000e00                LED_RED_1
 .text.LED_GREEN_1
                0x0000000008000e20       0x20 ./Core/Src/led_traffic.o
                0x0000000008000e20                LED_GREEN_1
 .text.LED_YELLOW_1
                0x0000000008000e40       0x20 ./Core/Src/led_traffic.o
                0x0000000008000e40                LED_YELLOW_1
 .text.LED_RED_2
                0x0000000008000e60       0x24 ./Core/Src/led_traffic.o
                0x0000000008000e60                LED_RED_2
 .text.LED_GREEN_2
                0x0000000008000e84       0x24 ./Core/Src/led_traffic.o
                0x0000000008000e84                LED_GREEN_2
 .text.LED_YELLOW_2
                0x0000000008000ea8       0x24 ./Core/Src/led_traffic.o
                0x0000000008000ea8                LED_YELLOW_2
 .text.LED_RED_3
                0x0000000008000ecc       0x24 ./Core/Src/led_traffic.o
                0x0000000008000ecc                LED_RED_3
 .text.LED_GREEN_3
                0x0000000008000ef0       0x24 ./Core/Src/led_traffic.o
                0x0000000008000ef0                LED_GREEN_3
 .text.LED_YELLOW_3
                0x0000000008000f14       0x24 ./Core/Src/led_traffic.o
                0x0000000008000f14                LED_YELLOW_3
 .text.LED_RED_4
                0x0000000008000f38       0x24 ./Core/Src/led_traffic.o
                0x0000000008000f38                LED_RED_4
 .text.LED_GREEN_4
                0x0000000008000f5c       0x24 ./Core/Src/led_traffic.o
                0x0000000008000f5c                LED_GREEN_4
 .text.LED_YELLOW_4
                0x0000000008000f80       0x24 ./Core/Src/led_traffic.o
                0x0000000008000f80                LED_YELLOW_4
 .text.off_LED  0x0000000008000fa4       0x6c ./Core/Src/led_traffic.o
                0x0000000008000fa4                off_LED
 .text.main     0x0000000008001010       0x4c ./Core/Src/main.o
                0x0000000008001010                main
 .text.SystemClock_Config
                0x000000000800105c       0x82 ./Core/Src/main.o
                0x000000000800105c                SystemClock_Config
 *fill*         0x00000000080010de        0x2 
 .text.MX_I2C1_Init
                0x00000000080010e0       0x5c ./Core/Src/main.o
 .text.MX_TIM2_Init
                0x000000000800113c       0x98 ./Core/Src/main.o
 .text.MX_GPIO_Init
                0x00000000080011d4      0x120 ./Core/Src/main.o
 .text.HAL_TIM_PeriodElapsedCallback
                0x00000000080012f4       0x18 ./Core/Src/main.o
                0x00000000080012f4                HAL_TIM_PeriodElapsedCallback
 .text.Error_Handler
                0x000000000800130c        0xa ./Core/Src/main.o
                0x000000000800130c                Error_Handler
 *fill*         0x0000000008001316        0x2 
 .text.setTimer
                0x0000000008001318       0x30 ./Core/Src/software_timer.o
                0x0000000008001318                setTimer
 .text.timer_run
                0x0000000008001348       0x50 ./Core/Src/software_timer.o
                0x0000000008001348                timer_run
 .text.timerRun
                0x0000000008001398       0x44 ./Core/Src/software_timer.o
                0x0000000008001398                timerRun
 .text.HAL_MspInit
                0x00000000080013dc       0x64 ./Core/Src/stm32f1xx_hal_msp.o
                0x00000000080013dc                HAL_MspInit
 .text.HAL_I2C_MspInit
                0x0000000008001440       0xa0 ./Core/Src/stm32f1xx_hal_msp.o
                0x0000000008001440                HAL_I2C_MspInit
 .text.HAL_TIM_Base_MspInit
                0x00000000080014e0       0x48 ./Core/Src/stm32f1xx_hal_msp.o
                0x00000000080014e0                HAL_TIM_Base_MspInit
 .text.NMI_Handler
                0x0000000008001528        0x6 ./Core/Src/stm32f1xx_it.o
                0x0000000008001528                NMI_Handler
 .text.HardFault_Handler
                0x000000000800152e        0x6 ./Core/Src/stm32f1xx_it.o
                0x000000000800152e                HardFault_Handler
 .text.MemManage_Handler
                0x0000000008001534        0x6 ./Core/Src/stm32f1xx_it.o
                0x0000000008001534                MemManage_Handler
 .text.BusFault_Handler
                0x000000000800153a        0x6 ./Core/Src/stm32f1xx_it.o
                0x000000000800153a                BusFault_Handler
 .text.UsageFault_Handler
                0x0000000008001540        0x6 ./Core/Src/stm32f1xx_it.o
                0x0000000008001540                UsageFault_Handler
 .text.SVC_Handler
                0x0000000008001546        0xc ./Core/Src/stm32f1xx_it.o
                0x0000000008001546                SVC_Handler
 .text.DebugMon_Handler
                0x0000000008001552        0xc ./Core/Src/stm32f1xx_it.o
                0x0000000008001552                DebugMon_Handler
 .text.PendSV_Handler
                0x000000000800155e        0xc ./Core/Src/stm32f1xx_it.o
                0x000000000800155e                PendSV_Handler
 .text.SysTick_Handler
                0x000000000800156a        0xc ./Core/Src/stm32f1xx_it.o
                0x000000000800156a                SysTick_Handler
 *fill*         0x0000000008001576        0x2 
 .text.TIM2_IRQHandler
                0x0000000008001578       0x14 ./Core/Src/stm32f1xx_it.o
                0x0000000008001578                TIM2_IRQHandler
 .text._sbrk    0x000000000800158c       0x6c ./Core/Src/sysmem.o
                0x000000000800158c                _sbrk
 .text.SystemInit
                0x00000000080015f8        0xc ./Core/Src/system_stm32f1xx.o
                0x00000000080015f8                SystemInit
 .text.Reset_Handler
                0x0000000008001604       0x48 ./Core/Startup/startup_stm32f103rbtx.o
                0x0000000008001604                Reset_Handler
 .text.Default_Handler
                0x000000000800164c        0x2 ./Core/Startup/startup_stm32f103rbtx.o
                0x000000000800164c                RTC_Alarm_IRQHandler
                0x000000000800164c                EXTI2_IRQHandler
                0x000000000800164c                TIM1_CC_IRQHandler
                0x000000000800164c                PVD_IRQHandler
                0x000000000800164c                EXTI3_IRQHandler
                0x000000000800164c                EXTI0_IRQHandler
                0x000000000800164c                I2C2_EV_IRQHandler
                0x000000000800164c                ADC1_2_IRQHandler
                0x000000000800164c                SPI1_IRQHandler
                0x000000000800164c                TAMPER_IRQHandler
                0x000000000800164c                DMA1_Channel4_IRQHandler
                0x000000000800164c                USART3_IRQHandler
                0x000000000800164c                RTC_IRQHandler
                0x000000000800164c                DMA1_Channel7_IRQHandler
                0x000000000800164c                CAN1_RX1_IRQHandler
                0x000000000800164c                TIM4_IRQHandler
                0x000000000800164c                I2C1_EV_IRQHandler
                0x000000000800164c                DMA1_Channel6_IRQHandler
                0x000000000800164c                TIM3_IRQHandler
                0x000000000800164c                RCC_IRQHandler
                0x000000000800164c                TIM1_TRG_COM_IRQHandler
                0x000000000800164c                DMA1_Channel1_IRQHandler
                0x000000000800164c                Default_Handler
                0x000000000800164c                EXTI15_10_IRQHandler
                0x000000000800164c                EXTI9_5_IRQHandler
                0x000000000800164c                SPI2_IRQHandler
                0x000000000800164c                DMA1_Channel5_IRQHandler
                0x000000000800164c                EXTI4_IRQHandler
                0x000000000800164c                USB_LP_CAN1_RX0_IRQHandler
                0x000000000800164c                USB_HP_CAN1_TX_IRQHandler
                0x000000000800164c                DMA1_Channel3_IRQHandler
                0x000000000800164c                TIM1_UP_IRQHandler
                0x000000000800164c                WWDG_IRQHandler
                0x000000000800164c                TIM1_BRK_IRQHandler
                0x000000000800164c                EXTI1_IRQHandler
                0x000000000800164c                USART2_IRQHandler
                0x000000000800164c                I2C2_ER_IRQHandler
                0x000000000800164c                DMA1_Channel2_IRQHandler
                0x000000000800164c                CAN1_SCE_IRQHandler
                0x000000000800164c                FLASH_IRQHandler
                0x000000000800164c                USART1_IRQHandler
                0x000000000800164c                I2C1_ER_IRQHandler
                0x000000000800164c                USBWakeUp_IRQHandler
 *fill*         0x000000000800164e        0x2 
 .text.HAL_Init
                0x0000000008001650       0x2c ./Drivers/STM32F1xx_HAL_Driver/Src/stm32f1xx_hal.o
                0x0000000008001650                HAL_Init
 .text.HAL_InitTick
                0x000000000800167c       0x60 ./Drivers/STM32F1xx_HAL_Driver/Src/stm32f1xx_hal.o
                0x000000000800167c                HAL_InitTick
 .text.HAL_IncTick
                0x00000000080016dc       0x24 ./Drivers/STM32F1xx_HAL_Driver/Src/stm32f1xx_hal.o
                0x00000000080016dc                HAL_IncTick
 .text.HAL_GetTick
                0x0000000008001700       0x14 ./Drivers/STM32F1xx_HAL_Driver/Src/stm32f1xx_hal.o
                0x0000000008001700                HAL_GetTick
 .text.HAL_Delay
                0x0000000008001714       0x48 ./Drivers/STM32F1xx_HAL_Driver/Src/stm32f1xx_hal.o
                0x0000000008001714                HAL_Delay
 .text.__NVIC_SetPriorityGrouping
                0x000000000800175c       0x48 ./Drivers/STM32F1xx_HAL_Driver/Src/stm32f1xx_hal_cortex.o
 .text.__NVIC_GetPriorityGrouping
                0x00000000080017a4       0x1c ./Drivers/STM32F1xx_HAL_Driver/Src/stm32f1xx_hal_cortex.o
 .text.__NVIC_EnableIRQ
                0x00000000080017c0       0x38 ./Drivers/STM32F1xx_HAL_Driver/Src/stm32f1xx_hal_cortex.o
 .text.__NVIC_SetPriority
                0x00000000080017f8       0x54 ./Drivers/STM32F1xx_HAL_Driver/Src/stm32f1xx_hal_cortex.o
 .text.NVIC_EncodePriority
                0x000000000800184c       0x64 ./Drivers/STM32F1xx_HAL_Driver/Src/stm32f1xx_hal_cortex.o
 .text.SysTick_Config
                0x00000000080018b0       0x44 ./Drivers/STM32F1xx_HAL_Driver/Src/stm32f1xx_hal_cortex.o
 .text.HAL_NVIC_SetPriorityGrouping
                0x00000000080018f4       0x16 ./Drivers/STM32F1xx_HAL_Driver/Src/stm32f1xx_hal_cortex.o
                0x00000000080018f4                HAL_NVIC_SetPriorityGrouping
 .text.HAL_NVIC_SetPriority
                0x000000000800190a       0x38 ./Drivers/STM32F1xx_HAL_Driver/Src/stm32f1xx_hal_cortex.o
                0x000000000800190a                HAL_NVIC_SetPriority
 .text.HAL_NVIC_EnableIRQ
                0x0000000008001942       0x1c ./Drivers/STM32F1xx_HAL_Driver/Src/stm32f1xx_hal_cortex.o
                0x0000000008001942                HAL_NVIC_EnableIRQ
 .text.HAL_SYSTICK_Config
                0x000000000800195e       0x18 ./Drivers/STM32F1xx_HAL_Driver/Src/stm32f1xx_hal_cortex.o
                0x000000000800195e                HAL_SYSTICK_Config
 *fill*         0x0000000008001976        0x2 
 .text.HAL_GPIO_Init
                0x0000000008001978      0x308 ./Drivers/STM32F1xx_HAL_Driver/Src/stm32f1xx_hal_gpio.o
                0x0000000008001978                HAL_GPIO_Init
 .text.HAL_GPIO_ReadPin
                0x0000000008001c80       0x2e ./Drivers/STM32F1xx_HAL_Driver/Src/stm32f1xx_hal_gpio.o
                0x0000000008001c80                HAL_GPIO_ReadPin
 .text.HAL_GPIO_WritePin
                0x0000000008001cae       0x30 ./Drivers/STM32F1xx_HAL_Driver/Src/stm32f1xx_hal_gpio.o
                0x0000000008001cae                HAL_GPIO_WritePin
 .text.HAL_GPIO_TogglePin
                0x0000000008001cde       0x32 ./Drivers/STM32F1xx_HAL_Driver/Src/stm32f1xx_hal_gpio.o
                0x0000000008001cde                HAL_GPIO_TogglePin
 .text.HAL_I2C_Init
                0x0000000008001d10      0x288 ./Drivers/STM32F1xx_HAL_Driver/Src/stm32f1xx_hal_i2c.o
                0x0000000008001d10                HAL_I2C_Init
 .text.HAL_I2C_Master_Transmit
                0x0000000008001f98      0x1fc ./Drivers/STM32F1xx_HAL_Driver/Src/stm32f1xx_hal_i2c.o
                0x0000000008001f98                HAL_I2C_Master_Transmit
 .text.I2C_MasterRequestWrite
                0x0000000008002194      0x104 ./Drivers/STM32F1xx_HAL_Driver/Src/stm32f1xx_hal_i2c.o
 .text.I2C_WaitOnFlagUntilTimeout
                0x0000000008002298       0xf4 ./Drivers/STM32F1xx_HAL_Driver/Src/stm32f1xx_hal_i2c.o
 .text.I2C_WaitOnMasterAddressFlagUntilTimeout
                0x000000000800238c      0x140 ./Drivers/STM32F1xx_HAL_Driver/Src/stm32f1xx_hal_i2c.o
 .text.I2C_WaitOnTXEFlagUntilTimeout
                0x00000000080024cc       0x90 ./Drivers/STM32F1xx_HAL_Driver/Src/stm32f1xx_hal_i2c.o
 .text.I2C_WaitOnBTFFlagUntilTimeout
                0x000000000800255c       0x90 ./Drivers/STM32F1xx_HAL_Driver/Src/stm32f1xx_hal_i2c.o
 .text.I2C_IsAcknowledgeFailed
                0x00000000080025ec       0x5c ./Drivers/STM32F1xx_HAL_Driver/Src/stm32f1xx_hal_i2c.o
 .text.HAL_RCC_OscConfig
                0x0000000008002648      0x500 ./Drivers/STM32F1xx_HAL_Driver/Src/stm32f1xx_hal_rcc.o
                0x0000000008002648                HAL_RCC_OscConfig
 .text.HAL_RCC_ClockConfig
                0x0000000008002b48      0x1d4 ./Drivers/STM32F1xx_HAL_Driver/Src/stm32f1xx_hal_rcc.o
                0x0000000008002b48                HAL_RCC_ClockConfig
 .text.HAL_RCC_GetSysClockFreq
                0x0000000008002d1c       0xa8 ./Drivers/STM32F1xx_HAL_Driver/Src/stm32f1xx_hal_rcc.o
                0x0000000008002d1c                HAL_RCC_GetSysClockFreq
 .text.HAL_RCC_GetHCLKFreq
                0x0000000008002dc4       0x14 ./Drivers/STM32F1xx_HAL_Driver/Src/stm32f1xx_hal_rcc.o
                0x0000000008002dc4                HAL_RCC_GetHCLKFreq
 .text.HAL_RCC_GetPCLK1Freq
                0x0000000008002dd8       0x28 ./Drivers/STM32F1xx_HAL_Driver/Src/stm32f1xx_hal_rcc.o
                0x0000000008002dd8                HAL_RCC_GetPCLK1Freq
 .text.RCC_Delay
                0x0000000008002e00       0x3c ./Drivers/STM32F1xx_HAL_Driver/Src/stm32f1xx_hal_rcc.o
 .text.HAL_TIM_Base_Init
                0x0000000008002e3c       0x9e ./Drivers/STM32F1xx_HAL_Driver/Src/stm32f1xx_hal_tim.o
                0x0000000008002e3c                HAL_TIM_Base_Init
 *fill*         0x0000000008002eda        0x2 
 .text.HAL_TIM_Base_Start_IT
                0x0000000008002edc       0xa4 ./Drivers/STM32F1xx_HAL_Driver/Src/stm32f1xx_hal_tim.o
                0x0000000008002edc                HAL_TIM_Base_Start_IT
 .text.HAL_TIM_IRQHandler
                0x0000000008002f80      0x1e0 ./Drivers/STM32F1xx_HAL_Driver/Src/stm32f1xx_hal_tim.o
                0x0000000008002f80                HAL_TIM_IRQHandler
 .text.HAL_TIM_ConfigClockSource
                0x0000000008003160      0x18e ./Drivers/STM32F1xx_HAL_Driver/Src/stm32f1xx_hal_tim.o
                0x0000000008003160                HAL_TIM_ConfigClockSource
 .text.HAL_TIM_OC_DelayElapsedCallback
                0x00000000080032ee       0x12 ./Drivers/STM32F1xx_HAL_Driver/Src/stm32f1xx_hal_tim.o
                0x00000000080032ee                HAL_TIM_OC_DelayElapsedCallback
 .text.HAL_TIM_IC_CaptureCallback
                0x0000000008003300       0x12 ./Drivers/STM32F1xx_HAL_Driver/Src/stm32f1xx_hal_tim.o
                0x0000000008003300                HAL_TIM_IC_CaptureCallback
 .text.HAL_TIM_PWM_PulseFinishedCallback
                0x0000000008003312       0x12 ./Drivers/STM32F1xx_HAL_Driver/Src/stm32f1xx_hal_tim.o
                0x0000000008003312                HAL_TIM_PWM_PulseFinishedCallback
 .text.HAL_TIM_TriggerCallback
                0x0000000008003324       0x12 ./Drivers/STM32F1xx_HAL_Driver/Src/stm32f1xx_hal_tim.o
                0x0000000008003324                HAL_TIM_TriggerCallback
 *fill*         0x0000000008003336        0x2 
 .text.TIM_Base_SetConfig
                0x0000000008003338       0xdc ./Drivers/STM32F1xx_HAL_Driver/Src/stm32f1xx_hal_tim.o
                0x0000000008003338                TIM_Base_SetConfig
 .text.TIM_TI1_ConfigInputStage
                0x0000000008003414       0x5c ./Drivers/STM32F1xx_HAL_Driver/Src/stm32f1xx_hal_tim.o
 .text.TIM_TI2_ConfigInputStage
                0x0000000008003470       0x5e ./Drivers/STM32F1xx_HAL_Driver/Src/stm32f1xx_hal_tim.o
 .text.TIM_ITRx_SetConfig
                0x00000000080034ce       0x34 ./Drivers/STM32F1xx_HAL_Driver/Src/stm32f1xx_hal_tim.o
 .text.TIM_ETR_SetConfig
                0x0000000008003502       0x3e ./Drivers/STM32F1xx_HAL_Driver/Src/stm32f1xx_hal_tim.o
                0x0000000008003502                TIM_ETR_SetConfig
 .text.HAL_TIMEx_MasterConfigSynchronization
                0x0000000008003540       0xbc ./Drivers/STM32F1xx_HAL_Driver/Src/stm32f1xx_hal_tim_ex.o
                0x0000000008003540                HAL_TIMEx_MasterConfigSynchronization
 .text.HAL_TIMEx_CommutCallback
                0x00000000080035fc       0x12 ./Drivers/STM32F1xx_HAL_Driver/Src/stm32f1xx_hal_tim_ex.o
                0x00000000080035fc                HAL_TIMEx_CommutCallback
 .text.HAL_TIMEx_BreakCallback
                0x000000000800360e       0x12 ./Drivers/STM32F1xx_HAL_Driver/Src/stm32f1xx_hal_tim_ex.o
                0x000000000800360e                HAL_TIMEx_BreakCallback
 .text.__errno  0x0000000008003620        0xc c:/st/stm32cubeide_1.7.0/stm32cubeide/plugins/com.st.stm32cube.ide.mcu.externaltools.gnu-tools-for-stm32.9-2020-q2-update.win32_2.0.0.202105311346/tools/bin/../lib/gcc/arm-none-eabi/9.3.1/../../../../arm-none-eabi/lib/thumb/v7-m/nofp\libc_nano.a(lib_a-errno.o)
                0x0000000008003620                __errno
 .text.__libc_init_array
                0x000000000800362c       0x48 c:/st/stm32cubeide_1.7.0/stm32cubeide/plugins/com.st.stm32cube.ide.mcu.externaltools.gnu-tools-for-stm32.9-2020-q2-update.win32_2.0.0.202105311346/tools/bin/../lib/gcc/arm-none-eabi/9.3.1/../../../../arm-none-eabi/lib/thumb/v7-m/nofp\libc_nano.a(lib_a-init.o)
                0x000000000800362c                __libc_init_array
 .text.memset   0x0000000008003674       0x10 c:/st/stm32cubeide_1.7.0/stm32cubeide/plugins/com.st.stm32cube.ide.mcu.externaltools.gnu-tools-for-stm32.9-2020-q2-update.win32_2.0.0.202105311346/tools/bin/../lib/gcc/arm-none-eabi/9.3.1/../../../../arm-none-eabi/lib/thumb/v7-m/nofp\libc_nano.a(lib_a-memset.o)
                0x0000000008003674                memset
 .text.sprintf  0x0000000008003684       0x40 c:/st/stm32cubeide_1.7.0/stm32cubeide/plugins/com.st.stm32cube.ide.mcu.externaltools.gnu-tools-for-stm32.9-2020-q2-update.win32_2.0.0.202105311346/tools/bin/../lib/gcc/arm-none-eabi/9.3.1/../../../../arm-none-eabi/lib/thumb/v7-m/nofp\libc_nano.a(lib_a-sprintf.o)
                0x0000000008003684                siprintf
                0x0000000008003684                sprintf
 .text.__ssputs_r
                0x00000000080036c4       0xb6 c:/st/stm32cubeide_1.7.0/stm32cubeide/plugins/com.st.stm32cube.ide.mcu.externaltools.gnu-tools-for-stm32.9-2020-q2-update.win32_2.0.0.202105311346/tools/bin/../lib/gcc/arm-none-eabi/9.3.1/../../../../arm-none-eabi/lib/thumb/v7-m/nofp\libc_nano.a(lib_a-nano-svfprintf.o)
                0x00000000080036c4                __ssputs_r
 *fill*         0x000000000800377a        0x2 
 .text._svfprintf_r
                0x000000000800377c      0x200 c:/st/stm32cubeide_1.7.0/stm32cubeide/plugins/com.st.stm32cube.ide.mcu.externaltools.gnu-tools-for-stm32.9-2020-q2-update.win32_2.0.0.202105311346/tools/bin/../lib/gcc/arm-none-eabi/9.3.1/../../../../arm-none-eabi/lib/thumb/v7-m/nofp\libc_nano.a(lib_a-nano-svfprintf.o)
                0x000000000800377c                _svfiprintf_r
                0x000000000800377c                _svfprintf_r
 .text._printf_common
                0x000000000800397c       0xde c:/st/stm32cubeide_1.7.0/stm32cubeide/plugins/com.st.stm32cube.ide.mcu.externaltools.gnu-tools-for-stm32.9-2020-q2-update.win32_2.0.0.202105311346/tools/bin/../lib/gcc/arm-none-eabi/9.3.1/../../../../arm-none-eabi/lib/thumb/v7-m/nofp\libc_nano.a(lib_a-nano-vfprintf_i.o)
                0x000000000800397c                _printf_common
 *fill*         0x0000000008003a5a        0x2 
 .text._printf_i
                0x0000000008003a5c      0x24c c:/st/stm32cubeide_1.7.0/stm32cubeide/plugins/com.st.stm32cube.ide.mcu.externaltools.gnu-tools-for-stm32.9-2020-q2-update.win32_2.0.0.202105311346/tools/bin/../lib/gcc/arm-none-eabi/9.3.1/../../../../arm-none-eabi/lib/thumb/v7-m/nofp\libc_nano.a(lib_a-nano-vfprintf_i.o)
                0x0000000008003a5c                _printf_i
 .text.memchr   0x0000000008003ca8       0x1c c:/st/stm32cubeide_1.7.0/stm32cubeide/plugins/com.st.stm32cube.ide.mcu.externaltools.gnu-tools-for-stm32.9-2020-q2-update.win32_2.0.0.202105311346/tools/bin/../lib/gcc/arm-none-eabi/9.3.1/../../../../arm-none-eabi/lib/thumb/v7-m/nofp\libc_nano.a(lib_a-memchr-stub.o)
                0x0000000008003ca8                memchr
 .text.memcpy   0x0000000008003cc4       0x1c c:/st/stm32cubeide_1.7.0/stm32cubeide/plugins/com.st.stm32cube.ide.mcu.externaltools.gnu-tools-for-stm32.9-2020-q2-update.win32_2.0.0.202105311346/tools/bin/../lib/gcc/arm-none-eabi/9.3.1/../../../../arm-none-eabi/lib/thumb/v7-m/nofp\libc_nano.a(lib_a-memcpy-stub.o)
                0x0000000008003cc4                memcpy
 .text.memmove  0x0000000008003ce0       0x34 c:/st/stm32cubeide_1.7.0/stm32cubeide/plugins/com.st.stm32cube.ide.mcu.externaltools.gnu-tools-for-stm32.9-2020-q2-update.win32_2.0.0.202105311346/tools/bin/../lib/gcc/arm-none-eabi/9.3.1/../../../../arm-none-eabi/lib/thumb/v7-m/nofp\libc_nano.a(lib_a-memmove.o)
                0x0000000008003ce0                memmove
 .text._free_r  0x0000000008003d14       0x98 c:/st/stm32cubeide_1.7.0/stm32cubeide/plugins/com.st.stm32cube.ide.mcu.externaltools.gnu-tools-for-stm32.9-2020-q2-update.win32_2.0.0.202105311346/tools/bin/../lib/gcc/arm-none-eabi/9.3.1/../../../../arm-none-eabi/lib/thumb/v7-m/nofp\libc_nano.a(lib_a-nano-freer.o)
                0x0000000008003d14                _free_r
 .text._malloc_r
                0x0000000008003dac       0xb4 c:/st/stm32cubeide_1.7.0/stm32cubeide/plugins/com.st.stm32cube.ide.mcu.externaltools.gnu-tools-for-stm32.9-2020-q2-update.win32_2.0.0.202105311346/tools/bin/../lib/gcc/arm-none-eabi/9.3.1/../../../../arm-none-eabi/lib/thumb/v7-m/nofp\libc_nano.a(lib_a-nano-mallocr.o)
                0x0000000008003dac                _malloc_r
 .text._realloc_r
                0x0000000008003e60       0x4c c:/st/stm32cubeide_1.7.0/stm32cubeide/plugins/com.st.stm32cube.ide.mcu.externaltools.gnu-tools-for-stm32.9-2020-q2-update.win32_2.0.0.202105311346/tools/bin/../lib/gcc/arm-none-eabi/9.3.1/../../../../arm-none-eabi/lib/thumb/v7-m/nofp\libc_nano.a(lib_a-nano-reallocr.o)
                0x0000000008003e60                _realloc_r
 .text._sbrk_r  0x0000000008003eac       0x20 c:/st/stm32cubeide_1.7.0/stm32cubeide/plugins/com.st.stm32cube.ide.mcu.externaltools.gnu-tools-for-stm32.9-2020-q2-update.win32_2.0.0.202105311346/tools/bin/../lib/gcc/arm-none-eabi/9.3.1/../../../../arm-none-eabi/lib/thumb/v7-m/nofp\libc_nano.a(lib_a-sbrkr.o)
                0x0000000008003eac                _sbrk_r
 .text.__malloc_lock
                0x0000000008003ecc        0xc c:/st/stm32cubeide_1.7.0/stm32cubeide/plugins/com.st.stm32cube.ide.mcu.externaltools.gnu-tools-for-stm32.9-2020-q2-update.win32_2.0.0.202105311346/tools/bin/../lib/gcc/arm-none-eabi/9.3.1/../../../../arm-none-eabi/lib/thumb/v7-m/nofp\libc_nano.a(lib_a-mlock.o)
                0x0000000008003ecc                __malloc_lock
 .text.__malloc_unlock
                0x0000000008003ed8        0xc c:/st/stm32cubeide_1.7.0/stm32cubeide/plugins/com.st.stm32cube.ide.mcu.externaltools.gnu-tools-for-stm32.9-2020-q2-update.win32_2.0.0.202105311346/tools/bin/../lib/gcc/arm-none-eabi/9.3.1/../../../../arm-none-eabi/lib/thumb/v7-m/nofp\libc_nano.a(lib_a-mlock.o)
                0x0000000008003ed8                __malloc_unlock
 .text._malloc_usable_size_r
                0x0000000008003ee4       0x10 c:/st/stm32cubeide_1.7.0/stm32cubeide/plugins/com.st.stm32cube.ide.mcu.externaltools.gnu-tools-for-stm32.9-2020-q2-update.win32_2.0.0.202105311346/tools/bin/../lib/gcc/arm-none-eabi/9.3.1/../../../../arm-none-eabi/lib/thumb/v7-m/nofp\libc_nano.a(lib_a-nano-msizer.o)
                0x0000000008003ee4                _malloc_usable_size_r
 .text.__retarget_lock_acquire_recursive
                0x0000000008003ef4        0x2 c:/st/stm32cubeide_1.7.0/stm32cubeide/plugins/com.st.stm32cube.ide.mcu.externaltools.gnu-tools-for-stm32.9-2020-q2-update.win32_2.0.0.202105311346/tools/bin/../lib/gcc/arm-none-eabi/9.3.1/../../../../arm-none-eabi/lib/thumb/v7-m/nofp\libc_nano.a(lib_a-lock.o)
                0x0000000008003ef4                __retarget_lock_acquire_recursive
 .text.__retarget_lock_release_recursive
                0x0000000008003ef6        0x2 c:/st/stm32cubeide_1.7.0/stm32cubeide/plugins/com.st.stm32cube.ide.mcu.externaltools.gnu-tools-for-stm32.9-2020-q2-update.win32_2.0.0.202105311346/tools/bin/../lib/gcc/arm-none-eabi/9.3.1/../../../../arm-none-eabi/lib/thumb/v7-m/nofp\libc_nano.a(lib_a-lock.o)
                0x0000000008003ef6                __retarget_lock_release_recursive
 *(.glue_7)
 .glue_7        0x0000000008003ef8        0x0 linker stubs
 *(.glue_7t)
 .glue_7t       0x0000000008003ef8        0x0 linker stubs
 *(.eh_frame)
 .eh_frame      0x0000000008003ef8        0x0 c:/st/stm32cubeide_1.7.0/stm32cubeide/plugins/com.st.stm32cube.ide.mcu.externaltools.gnu-tools-for-stm32.9-2020-q2-update.win32_2.0.0.202105311346/tools/bin/../lib/gcc/arm-none-eabi/9.3.1/thumb/v7-m/nofp/crtbegin.o
 *(.init)
 .init          0x0000000008003ef8        0x4 c:/st/stm32cubeide_1.7.0/stm32cubeide/plugins/com.st.stm32cube.ide.mcu.externaltools.gnu-tools-for-stm32.9-2020-q2-update.win32_2.0.0.202105311346/tools/bin/../lib/gcc/arm-none-eabi/9.3.1/thumb/v7-m/nofp/crti.o
                0x0000000008003ef8                _init
 .init          0x0000000008003efc        0x8 c:/st/stm32cubeide_1.7.0/stm32cubeide/plugins/com.st.stm32cube.ide.mcu.externaltools.gnu-tools-for-stm32.9-2020-q2-update.win32_2.0.0.202105311346/tools/bin/../lib/gcc/arm-none-eabi/9.3.1/thumb/v7-m/nofp/crtn.o
 *(.fini)
 .fini          0x0000000008003f04        0x4 c:/st/stm32cubeide_1.7.0/stm32cubeide/plugins/com.st.stm32cube.ide.mcu.externaltools.gnu-tools-for-stm32.9-2020-q2-update.win32_2.0.0.202105311346/tools/bin/../lib/gcc/arm-none-eabi/9.3.1/thumb/v7-m/nofp/crti.o
                0x0000000008003f04                _fini
 .fini          0x0000000008003f08        0x8 c:/st/stm32cubeide_1.7.0/stm32cubeide/plugins/com.st.stm32cube.ide.mcu.externaltools.gnu-tools-for-stm32.9-2020-q2-update.win32_2.0.0.202105311346/tools/bin/../lib/gcc/arm-none-eabi/9.3.1/thumb/v7-m/nofp/crtn.o
                0x0000000008003f10                . = ALIGN (0x4)
                0x0000000008003f10                _etext = .

.vfp11_veneer   0x0000000008003f10        0x0
 .vfp11_veneer  0x0000000008003f10        0x0 linker stubs

.v4_bx          0x0000000008003f10        0x0
 .v4_bx         0x0000000008003f10        0x0 linker stubs

.iplt           0x0000000008003f10        0x0
 .iplt          0x0000000008003f10        0x0 c:/st/stm32cubeide_1.7.0/stm32cubeide/plugins/com.st.stm32cube.ide.mcu.externaltools.gnu-tools-for-stm32.9-2020-q2-update.win32_2.0.0.202105311346/tools/bin/../lib/gcc/arm-none-eabi/9.3.1/thumb/v7-m/nofp/crtbegin.o

.rodata         0x0000000008003f10      0x134
                0x0000000008003f10                . = ALIGN (0x4)
 *(.rodata)
 .rodata        0x0000000008003f10       0x56 ./Core/Src/fsm_automatic.o
 *fill*         0x0000000008003f66        0x2 
 .rodata        0x0000000008003f68       0x7c ./Core/Src/fsm_manual.o
 *(.rodata*)
 .rodata.AHBPrescTable
                0x0000000008003fe4       0x10 ./Core/Src/system_stm32f1xx.o
                0x0000000008003fe4                AHBPrescTable
 .rodata.APBPrescTable
                0x0000000008003ff4        0x8 ./Core/Src/system_stm32f1xx.o
                0x0000000008003ff4                APBPrescTable
 .rodata.aPLLMULFactorTable.6283
                0x0000000008003ffc       0x10 ./Drivers/STM32F1xx_HAL_Driver/Src/stm32f1xx_hal_rcc.o
 .rodata.aPredivFactorTable.6284
                0x000000000800400c        0x2 ./Drivers/STM32F1xx_HAL_Driver/Src/stm32f1xx_hal_rcc.o
 .rodata._svfprintf_r.str1.1
                0x000000000800400e       0x11 c:/st/stm32cubeide_1.7.0/stm32cubeide/plugins/com.st.stm32cube.ide.mcu.externaltools.gnu-tools-for-stm32.9-2020-q2-update.win32_2.0.0.202105311346/tools/bin/../lib/gcc/arm-none-eabi/9.3.1/../../../../arm-none-eabi/lib/thumb/v7-m/nofp\libc_nano.a(lib_a-nano-svfprintf.o)
 .rodata._printf_i.str1.1
                0x000000000800401f       0x22 c:/st/stm32cubeide_1.7.0/stm32cubeide/plugins/com.st.stm32cube.ide.mcu.externaltools.gnu-tools-for-stm32.9-2020-q2-update.win32_2.0.0.202105311346/tools/bin/../lib/gcc/arm-none-eabi/9.3.1/../../../../arm-none-eabi/lib/thumb/v7-m/nofp\libc_nano.a(lib_a-nano-vfprintf_i.o)
                0x0000000008004044                . = ALIGN (0x4)
 *fill*         0x0000000008004041        0x3 

.rel.dyn        0x0000000008004044        0x0
 .rel.iplt      0x0000000008004044        0x0 c:/st/stm32cubeide_1.7.0/stm32cubeide/plugins/com.st.stm32cube.ide.mcu.externaltools.gnu-tools-for-stm32.9-2020-q2-update.win32_2.0.0.202105311346/tools/bin/../lib/gcc/arm-none-eabi/9.3.1/thumb/v7-m/nofp/crtbegin.o

.ARM.extab      0x0000000008004044        0x0
                0x0000000008004044                . = ALIGN (0x4)
 *(.ARM.extab* .gnu.linkonce.armextab.*)
                0x0000000008004044                . = ALIGN (0x4)

.ARM            0x0000000008004044        0x0
                0x0000000008004044                . = ALIGN (0x4)
                0x0000000008004044                __exidx_start = .
 *(.ARM.exidx*)
                0x0000000008004044                __exidx_end = .
                0x0000000008004044                . = ALIGN (0x4)

.preinit_array  0x0000000008004044        0x0
                0x0000000008004044                . = ALIGN (0x4)
                0x0000000008004044                PROVIDE (__preinit_array_start = .)
 *(.preinit_array*)
                0x0000000008004044                PROVIDE (__preinit_array_end = .)
                0x0000000008004044                . = ALIGN (0x4)

.init_array     0x0000000008004044        0x4
                0x0000000008004044                . = ALIGN (0x4)
                0x0000000008004044                PROVIDE (__init_array_start = .)
 *(SORT_BY_NAME(.init_array.*))
 *(.init_array*)
 .init_array    0x0000000008004044        0x4 c:/st/stm32cubeide_1.7.0/stm32cubeide/plugins/com.st.stm32cube.ide.mcu.externaltools.gnu-tools-for-stm32.9-2020-q2-update.win32_2.0.0.202105311346/tools/bin/../lib/gcc/arm-none-eabi/9.3.1/thumb/v7-m/nofp/crtbegin.o
                0x0000000008004048                PROVIDE (__init_array_end = .)
                0x0000000008004048                . = ALIGN (0x4)

.fini_array     0x0000000008004048        0x4
                0x0000000008004048                . = ALIGN (0x4)
                [!provide]                        PROVIDE (__fini_array_start = .)
 *(SORT_BY_NAME(.fini_array.*))
 *(.fini_array*)
 .fini_array    0x0000000008004048        0x4 c:/st/stm32cubeide_1.7.0/stm32cubeide/plugins/com.st.stm32cube.ide.mcu.externaltools.gnu-tools-for-stm32.9-2020-q2-update.win32_2.0.0.202105311346/tools/bin/../lib/gcc/arm-none-eabi/9.3.1/thumb/v7-m/nofp/crtbegin.o
                [!provide]                        PROVIDE (__fini_array_end = .)
                0x000000000800404c                . = ALIGN (0x4)
                0x000000000800404c                _sidata = LOADADDR (.data)

.data           0x0000000020000000      0x108 load address 0x000000000800404c
                0x0000000020000000                . = ALIGN (0x4)
                0x0000000020000000                _sdata = .
 *(.data)
 *(.data*)
 .data.KeyReg0  0x0000000020000000       0x10 ./Core/Src/button.o
                0x0000000020000000                KeyReg0
 .data.KeyReg1  0x0000000020000010       0x10 ./Core/Src/button.o
                0x0000000020000010                KeyReg1
 .data.KeyReg2  0x0000000020000020       0x10 ./Core/Src/button.o
                0x0000000020000020                KeyReg2
 .data.KeyReg3  0x0000000020000030       0x10 ./Core/Src/button.o
                0x0000000020000030                KeyReg3
 .data.TimerForKeyPress
                0x0000000020000040       0x10 ./Core/Src/button.o
                0x0000000020000040                TimerForKeyPress
 .data.en0      0x0000000020000050        0x4 ./Core/Src/fsm_setting.o
                0x0000000020000050                en0
 .data.en2      0x0000000020000054        0x4 ./Core/Src/fsm_setting.o
                0x0000000020000054                en2
 .data.counter2
                0x0000000020000058        0x4 ./Core/Src/global.o
                0x0000000020000058                counter2
 .data.i_1      0x000000002000005c        0x4 ./Core/Src/global.o
                0x000000002000005c                i_1
 .data.j_1      0x0000000020000060        0x4 ./Core/Src/global.o
                0x0000000020000060                j_1
 .data.t_1      0x0000000020000064        0x4 ./Core/Src/global.o
                0x0000000020000064                t_1
 .data.i_2      0x0000000020000068        0x4 ./Core/Src/global.o
                0x0000000020000068                i_2
 .data.j_2      0x000000002000006c        0x4 ./Core/Src/global.o
                0x000000002000006c                j_2
 .data.t_2      0x0000000020000070        0x4 ./Core/Src/global.o
                0x0000000020000070                t_2
 .data.test     0x0000000020000074        0x4 ./Core/Src/global.o
                0x0000000020000074                test
 .data.r        0x0000000020000078        0x4 ./Core/Src/global.o
                0x0000000020000078                r
 .data.dem      0x000000002000007c        0x4 ./Core/Src/global.o
                0x000000002000007c                dem
 .data.max_Red  0x0000000020000080        0x4 ./Core/Src/global.o
                0x0000000020000080                max_Red
 .data.max_Yellow
                0x0000000020000084        0x4 ./Core/Src/global.o
                0x0000000020000084                max_Yellow
 .data.max_Green
                0x0000000020000088        0x4 ./Core/Src/global.o
                0x0000000020000088                max_Green
 .data.prev_max_Red
                0x000000002000008c        0x4 ./Core/Src/global.o
                0x000000002000008c                prev_max_Red
 .data.prev_max_Yellow
                0x0000000020000090        0x4 ./Core/Src/global.o
                0x0000000020000090                prev_max_Yellow
 .data.prev_max_Green
                0x0000000020000094        0x4 ./Core/Src/global.o
                0x0000000020000094                prev_max_Green
 .data.SystemCoreClock
                0x0000000020000098        0x4 ./Core/Src/system_stm32f1xx.o
                0x0000000020000098                SystemCoreClock
 .data.uwTickPrio
                0x000000002000009c        0x4 ./Drivers/STM32F1xx_HAL_Driver/Src/stm32f1xx_hal.o
                0x000000002000009c                uwTickPrio
 .data.uwTickFreq
                0x00000000200000a0        0x1 ./Drivers/STM32F1xx_HAL_Driver/Src/stm32f1xx_hal.o
                0x00000000200000a0                uwTickFreq
 *fill*         0x00000000200000a1        0x3 
 .data._impure_ptr
                0x00000000200000a4        0x4 c:/st/stm32cubeide_1.7.0/stm32cubeide/plugins/com.st.stm32cube.ide.mcu.externaltools.gnu-tools-for-stm32.9-2020-q2-update.win32_2.0.0.202105311346/tools/bin/../lib/gcc/arm-none-eabi/9.3.1/../../../../arm-none-eabi/lib/thumb/v7-m/nofp\libc_nano.a(lib_a-impure.o)
                0x00000000200000a4                _impure_ptr
 .data.impure_data
                0x00000000200000a8       0x60 c:/st/stm32cubeide_1.7.0/stm32cubeide/plugins/com.st.stm32cube.ide.mcu.externaltools.gnu-tools-for-stm32.9-2020-q2-update.win32_2.0.0.202105311346/tools/bin/../lib/gcc/arm-none-eabi/9.3.1/../../../../arm-none-eabi/lib/thumb/v7-m/nofp\libc_nano.a(lib_a-impure.o)
 *(.RamFunc)
 *(.RamFunc*)
                0x0000000020000108                . = ALIGN (0x4)
                0x0000000020000108                _edata = .

.igot.plt       0x0000000020000108        0x0 load address 0x0000000008004154
 .igot.plt      0x0000000020000108        0x0 c:/st/stm32cubeide_1.7.0/stm32cubeide/plugins/com.st.stm32cube.ide.mcu.externaltools.gnu-tools-for-stm32.9-2020-q2-update.win32_2.0.0.202105311346/tools/bin/../lib/gcc/arm-none-eabi/9.3.1/thumb/v7-m/nofp/crtbegin.o
                0x0000000020000108                . = ALIGN (0x4)

.bss            0x0000000020000108      0x184 load address 0x0000000008004154
                0x0000000020000108                _sbss = .
                0x0000000020000108                __bss_start__ = _sbss
 *(.bss)
 .bss           0x0000000020000108       0x1c c:/st/stm32cubeide_1.7.0/stm32cubeide/plugins/com.st.stm32cube.ide.mcu.externaltools.gnu-tools-for-stm32.9-2020-q2-update.win32_2.0.0.202105311346/tools/bin/../lib/gcc/arm-none-eabi/9.3.1/thumb/v7-m/nofp/crtbegin.o
 *(.bss*)
 .bss.button_flag
                0x0000000020000124       0x10 ./Core/Src/button.o
                0x0000000020000124                button_flag
 .bss.PRESSED_STATE_0
                0x0000000020000134        0x4 ./Core/Src/button.o
                0x0000000020000134                PRESSED_STATE_0
 .bss.test_1    0x0000000020000138        0x4 ./Core/Src/fsm_manual.o
                0x0000000020000138                test_1
 .bss.mode      0x000000002000013c        0x4 ./Core/Src/fsm_setting.o
                0x000000002000013c                mode
 .bss.en1       0x0000000020000140        0x4 ./Core/Src/fsm_setting.o
                0x0000000020000140                en1
 .bss.en3       0x0000000020000144        0x4 ./Core/Src/fsm_setting.o
                0x0000000020000144                en3
 .bss.bool      0x0000000020000148        0x4 ./Core/Src/global.o
                0x0000000020000148                bool
 .bss.counter   0x000000002000014c        0x4 ./Core/Src/global.o
                0x000000002000014c                counter
 .bss.turn      0x0000000020000150        0x4 ./Core/Src/global.o
                0x0000000020000150                turn
 .bss.timer_counter
                0x0000000020000154       0x28 ./Core/Src/software_timer.o
                0x0000000020000154                timer_counter
 .bss.timer_flag
                0x000000002000017c       0x28 ./Core/Src/software_timer.o
                0x000000002000017c                timer_flag
 .bss.__sbrk_heap_end
                0x00000000200001a4        0x4 ./Core/Src/sysmem.o
 .bss.__malloc_free_list
                0x00000000200001a8        0x4 c:/st/stm32cubeide_1.7.0/stm32cubeide/plugins/com.st.stm32cube.ide.mcu.externaltools.gnu-tools-for-stm32.9-2020-q2-update.win32_2.0.0.202105311346/tools/bin/../lib/gcc/arm-none-eabi/9.3.1/../../../../arm-none-eabi/lib/thumb/v7-m/nofp\libc_nano.a(lib_a-nano-mallocr.o)
                0x00000000200001a8                __malloc_free_list
 .bss.__malloc_sbrk_start
                0x00000000200001ac        0x4 c:/st/stm32cubeide_1.7.0/stm32cubeide/plugins/com.st.stm32cube.ide.mcu.externaltools.gnu-tools-for-stm32.9-2020-q2-update.win32_2.0.0.202105311346/tools/bin/../lib/gcc/arm-none-eabi/9.3.1/../../../../arm-none-eabi/lib/thumb/v7-m/nofp\libc_nano.a(lib_a-nano-mallocr.o)
                0x00000000200001ac                __malloc_sbrk_start
 *(COMMON)
 COMMON         0x00000000200001b0        0x4 ./Core/Src/fsm_manual.o
                0x00000000200001b0                temp
 COMMON         0x00000000200001b4       0x28 ./Core/Src/global.o
                0x00000000200001b4                buffer2
                0x00000000200001c8                buffer1
 COMMON         0x00000000200001dc       0x9c ./Core/Src/main.o
                0x00000000200001dc                hi2c1
                0x0000000020000230                htim2
 COMMON         0x0000000020000278        0x4 ./Drivers/STM32F1xx_HAL_Driver/Src/stm32f1xx_hal.o
                0x0000000020000278                uwTick
 COMMON         0x000000002000027c        0x4 c:/st/stm32cubeide_1.7.0/stm32cubeide/plugins/com.st.stm32cube.ide.mcu.externaltools.gnu-tools-for-stm32.9-2020-q2-update.win32_2.0.0.202105311346/tools/bin/../lib/gcc/arm-none-eabi/9.3.1/../../../../arm-none-eabi/lib/thumb/v7-m/nofp\libc_nano.a(lib_a-reent.o)
                0x000000002000027c                errno
 COMMON         0x0000000020000280        0x9 c:/st/stm32cubeide_1.7.0/stm32cubeide/plugins/com.st.stm32cube.ide.mcu.externaltools.gnu-tools-for-stm32.9-2020-q2-update.win32_2.0.0.202105311346/tools/bin/../lib/gcc/arm-none-eabi/9.3.1/../../../../arm-none-eabi/lib/thumb/v7-m/nofp\libc_nano.a(lib_a-lock.o)
                0x0000000020000280                __lock___atexit_recursive_mutex
                0x0000000020000281                __lock___arc4random_mutex
                0x0000000020000282                __lock___env_recursive_mutex
                0x0000000020000283                __lock___sinit_recursive_mutex
                0x0000000020000284                __lock___malloc_recursive_mutex
                0x0000000020000285                __lock___at_quick_exit_mutex
                0x0000000020000286                __lock___dd_hash_mutex
                0x0000000020000287                __lock___tz_mutex
                0x0000000020000288                __lock___sfp_recursive_mutex
                0x000000002000028c                . = ALIGN (0x4)
 *fill*         0x0000000020000289        0x3 
                0x000000002000028c                _ebss = .
                0x000000002000028c                __bss_end__ = _ebss

._user_heap_stack
                0x000000002000028c      0x604 load address 0x0000000008004154
                0x0000000020000290                . = ALIGN (0x8)
 *fill*         0x000000002000028c        0x4 
                [!provide]                        PROVIDE (end = .)
                0x0000000020000290                PROVIDE (_end = .)
                0x0000000020000490                . = (. + _Min_Heap_Size)
 *fill*         0x0000000020000290      0x200 
                0x0000000020000890                . = (. + _Min_Stack_Size)
 *fill*         0x0000000020000490      0x400 
                0x0000000020000890                . = ALIGN (0x8)

/DISCARD/
 libc.a(*)
 libm.a(*)
 libgcc.a(*)

.ARM.attributes
                0x0000000000000000       0x29
 *(.ARM.attributes)
 .ARM.attributes
                0x0000000000000000       0x1d c:/st/stm32cubeide_1.7.0/stm32cubeide/plugins/com.st.stm32cube.ide.mcu.externaltools.gnu-tools-for-stm32.9-2020-q2-update.win32_2.0.0.202105311346/tools/bin/../lib/gcc/arm-none-eabi/9.3.1/thumb/v7-m/nofp/crti.o
 .ARM.attributes
                0x000000000000001d       0x2d c:/st/stm32cubeide_1.7.0/stm32cubeide/plugins/com.st.stm32cube.ide.mcu.externaltools.gnu-tools-for-stm32.9-2020-q2-update.win32_2.0.0.202105311346/tools/bin/../lib/gcc/arm-none-eabi/9.3.1/thumb/v7-m/nofp/crtbegin.o
 .ARM.attributes
                0x000000000000004a       0x2d ./Core/Src/button.o
 .ARM.attributes
                0x0000000000000077       0x2d ./Core/Src/fsm_automatic.o
 .ARM.attributes
                0x00000000000000a4       0x2d ./Core/Src/fsm_manual.o
 .ARM.attributes
                0x00000000000000d1       0x2d ./Core/Src/fsm_setting.o
 .ARM.attributes
                0x00000000000000fe       0x33 ./Core/Src/global.o
 .ARM.attributes
                0x0000000000000131       0x2d ./Core/Src/i2c-lcd.o
 .ARM.attributes
                0x000000000000015e       0x2d ./Core/Src/led_traffic.o
 .ARM.attributes
                0x000000000000018b       0x2d ./Core/Src/main.o
 .ARM.attributes
                0x00000000000001b8       0x2d ./Core/Src/software_timer.o
 .ARM.attributes
                0x00000000000001e5       0x2d ./Core/Src/stm32f1xx_hal_msp.o
 .ARM.attributes
                0x0000000000000212       0x2d ./Core/Src/stm32f1xx_it.o
 .ARM.attributes
                0x000000000000023f       0x2d ./Core/Src/sysmem.o
 .ARM.attributes
                0x000000000000026c       0x2d ./Core/Src/system_stm32f1xx.o
 .ARM.attributes
                0x0000000000000299       0x21 ./Core/Startup/startup_stm32f103rbtx.o
 .ARM.attributes
                0x00000000000002ba       0x2d ./Drivers/STM32F1xx_HAL_Driver/Src/stm32f1xx_hal.o
 .ARM.attributes
                0x00000000000002e7       0x2d ./Drivers/STM32F1xx_HAL_Driver/Src/stm32f1xx_hal_cortex.o
 .ARM.attributes
                0x0000000000000314       0x2d ./Drivers/STM32F1xx_HAL_Driver/Src/stm32f1xx_hal_gpio.o
 .ARM.attributes
                0x0000000000000341       0x2d ./Drivers/STM32F1xx_HAL_Driver/Src/stm32f1xx_hal_i2c.o
 .ARM.attributes
                0x000000000000036e       0x2d ./Drivers/STM32F1xx_HAL_Driver/Src/stm32f1xx_hal_rcc.o
 .ARM.attributes
                0x000000000000039b       0x2d ./Drivers/STM32F1xx_HAL_Driver/Src/stm32f1xx_hal_tim.o
 .ARM.attributes
                0x00000000000003c8       0x2d ./Drivers/STM32F1xx_HAL_Driver/Src/stm32f1xx_hal_tim_ex.o
 .ARM.attributes
                0x00000000000003f5       0x2d c:/st/stm32cubeide_1.7.0/stm32cubeide/plugins/com.st.stm32cube.ide.mcu.externaltools.gnu-tools-for-stm32.9-2020-q2-update.win32_2.0.0.202105311346/tools/bin/../lib/gcc/arm-none-eabi/9.3.1/../../../../arm-none-eabi/lib/thumb/v7-m/nofp\libc_nano.a(lib_a-errno.o)
 .ARM.attributes
                0x0000000000000422       0x2d c:/st/stm32cubeide_1.7.0/stm32cubeide/plugins/com.st.stm32cube.ide.mcu.externaltools.gnu-tools-for-stm32.9-2020-q2-update.win32_2.0.0.202105311346/tools/bin/../lib/gcc/arm-none-eabi/9.3.1/../../../../arm-none-eabi/lib/thumb/v7-m/nofp\libc_nano.a(lib_a-impure.o)
 .ARM.attributes
                0x000000000000044f       0x2d c:/st/stm32cubeide_1.7.0/stm32cubeide/plugins/com.st.stm32cube.ide.mcu.externaltools.gnu-tools-for-stm32.9-2020-q2-update.win32_2.0.0.202105311346/tools/bin/../lib/gcc/arm-none-eabi/9.3.1/../../../../arm-none-eabi/lib/thumb/v7-m/nofp\libc_nano.a(lib_a-init.o)
 .ARM.attributes
                0x000000000000047c       0x2d c:/st/stm32cubeide_1.7.0/stm32cubeide/plugins/com.st.stm32cube.ide.mcu.externaltools.gnu-tools-for-stm32.9-2020-q2-update.win32_2.0.0.202105311346/tools/bin/../lib/gcc/arm-none-eabi/9.3.1/../../../../arm-none-eabi/lib/thumb/v7-m/nofp\libc_nano.a(lib_a-memset.o)
 .ARM.attributes
                0x00000000000004a9       0x2d c:/st/stm32cubeide_1.7.0/stm32cubeide/plugins/com.st.stm32cube.ide.mcu.externaltools.gnu-tools-for-stm32.9-2020-q2-update.win32_2.0.0.202105311346/tools/bin/../lib/gcc/arm-none-eabi/9.3.1/../../../../arm-none-eabi/lib/thumb/v7-m/nofp\libc_nano.a(lib_a-sprintf.o)
 .ARM.attributes
                0x00000000000004d6       0x2d c:/st/stm32cubeide_1.7.0/stm32cubeide/plugins/com.st.stm32cube.ide.mcu.externaltools.gnu-tools-for-stm32.9-2020-q2-update.win32_2.0.0.202105311346/tools/bin/../lib/gcc/arm-none-eabi/9.3.1/../../../../arm-none-eabi/lib/thumb/v7-m/nofp\libc_nano.a(lib_a-nano-svfprintf.o)
 .ARM.attributes
                0x0000000000000503       0x2d c:/st/stm32cubeide_1.7.0/stm32cubeide/plugins/com.st.stm32cube.ide.mcu.externaltools.gnu-tools-for-stm32.9-2020-q2-update.win32_2.0.0.202105311346/tools/bin/../lib/gcc/arm-none-eabi/9.3.1/../../../../arm-none-eabi/lib/thumb/v7-m/nofp\libc_nano.a(lib_a-nano-vfprintf_i.o)
 .ARM.attributes
                0x0000000000000530       0x2d c:/st/stm32cubeide_1.7.0/stm32cubeide/plugins/com.st.stm32cube.ide.mcu.externaltools.gnu-tools-for-stm32.9-2020-q2-update.win32_2.0.0.202105311346/tools/bin/../lib/gcc/arm-none-eabi/9.3.1/../../../../arm-none-eabi/lib/thumb/v7-m/nofp\libc_nano.a(lib_a-memchr-stub.o)
 .ARM.attributes
                0x000000000000055d       0x2d c:/st/stm32cubeide_1.7.0/stm32cubeide/plugins/com.st.stm32cube.ide.mcu.externaltools.gnu-tools-for-stm32.9-2020-q2-update.win32_2.0.0.202105311346/tools/bin/../lib/gcc/arm-none-eabi/9.3.1/../../../../arm-none-eabi/lib/thumb/v7-m/nofp\libc_nano.a(lib_a-memcpy-stub.o)
 .ARM.attributes
                0x000000000000058a       0x2d c:/st/stm32cubeide_1.7.0/stm32cubeide/plugins/com.st.stm32cube.ide.mcu.externaltools.gnu-tools-for-stm32.9-2020-q2-update.win32_2.0.0.202105311346/tools/bin/../lib/gcc/arm-none-eabi/9.3.1/../../../../arm-none-eabi/lib/thumb/v7-m/nofp\libc_nano.a(lib_a-memmove.o)
 .ARM.attributes
                0x00000000000005b7       0x2d c:/st/stm32cubeide_1.7.0/stm32cubeide/plugins/com.st.stm32cube.ide.mcu.externaltools.gnu-tools-for-stm32.9-2020-q2-update.win32_2.0.0.202105311346/tools/bin/../lib/gcc/arm-none-eabi/9.3.1/../../../../arm-none-eabi/lib/thumb/v7-m/nofp\libc_nano.a(lib_a-nano-freer.o)
 .ARM.attributes
                0x00000000000005e4       0x2d c:/st/stm32cubeide_1.7.0/stm32cubeide/plugins/com.st.stm32cube.ide.mcu.externaltools.gnu-tools-for-stm32.9-2020-q2-update.win32_2.0.0.202105311346/tools/bin/../lib/gcc/arm-none-eabi/9.3.1/../../../../arm-none-eabi/lib/thumb/v7-m/nofp\libc_nano.a(lib_a-nano-mallocr.o)
 .ARM.attributes
                0x0000000000000611       0x2d c:/st/stm32cubeide_1.7.0/stm32cubeide/plugins/com.st.stm32cube.ide.mcu.externaltools.gnu-tools-for-stm32.9-2020-q2-update.win32_2.0.0.202105311346/tools/bin/../lib/gcc/arm-none-eabi/9.3.1/../../../../arm-none-eabi/lib/thumb/v7-m/nofp\libc_nano.a(lib_a-nano-reallocr.o)
 .ARM.attributes
                0x000000000000063e       0x2d c:/st/stm32cubeide_1.7.0/stm32cubeide/plugins/com.st.stm32cube.ide.mcu.externaltools.gnu-tools-for-stm32.9-2020-q2-update.win32_2.0.0.202105311346/tools/bin/../lib/gcc/arm-none-eabi/9.3.1/../../../../arm-none-eabi/lib/thumb/v7-m/nofp\libc_nano.a(lib_a-sbrkr.o)
 .ARM.attributes
                0x000000000000066b       0x2d c:/st/stm32cubeide_1.7.0/stm32cubeide/plugins/com.st.stm32cube.ide.mcu.externaltools.gnu-tools-for-stm32.9-2020-q2-update.win32_2.0.0.202105311346/tools/bin/../lib/gcc/arm-none-eabi/9.3.1/../../../../arm-none-eabi/lib/thumb/v7-m/nofp\libc_nano.a(lib_a-mlock.o)
 .ARM.attributes
                0x0000000000000698       0x2d c:/st/stm32cubeide_1.7.0/stm32cubeide/plugins/com.st.stm32cube.ide.mcu.externaltools.gnu-tools-for-stm32.9-2020-q2-update.win32_2.0.0.202105311346/tools/bin/../lib/gcc/arm-none-eabi/9.3.1/../../../../arm-none-eabi/lib/thumb/v7-m/nofp\libc_nano.a(lib_a-nano-msizer.o)
 .ARM.attributes
                0x00000000000006c5       0x2d c:/st/stm32cubeide_1.7.0/stm32cubeide/plugins/com.st.stm32cube.ide.mcu.externaltools.gnu-tools-for-stm32.9-2020-q2-update.win32_2.0.0.202105311346/tools/bin/../lib/gcc/arm-none-eabi/9.3.1/../../../../arm-none-eabi/lib/thumb/v7-m/nofp\libc_nano.a(lib_a-reent.o)
 .ARM.attributes
                0x00000000000006f2       0x2d c:/st/stm32cubeide_1.7.0/stm32cubeide/plugins/com.st.stm32cube.ide.mcu.externaltools.gnu-tools-for-stm32.9-2020-q2-update.win32_2.0.0.202105311346/tools/bin/../lib/gcc/arm-none-eabi/9.3.1/../../../../arm-none-eabi/lib/thumb/v7-m/nofp\libc_nano.a(lib_a-lock.o)
 .ARM.attributes
                0x000000000000071f       0x1d c:/st/stm32cubeide_1.7.0/stm32cubeide/plugins/com.st.stm32cube.ide.mcu.externaltools.gnu-tools-for-stm32.9-2020-q2-update.win32_2.0.0.202105311346/tools/bin/../lib/gcc/arm-none-eabi/9.3.1/thumb/v7-m/nofp/crtn.o
OUTPUT(BTL.elf elf32-littlearm)
LOAD linker stubs
LOAD c:/st/stm32cubeide_1.7.0/stm32cubeide/plugins/com.st.stm32cube.ide.mcu.externaltools.gnu-tools-for-stm32.9-2020-q2-update.win32_2.0.0.202105311346/tools/bin/../lib/gcc/arm-none-eabi/9.3.1/../../../../arm-none-eabi/lib/thumb/v7-m/nofp\libc.a
LOAD c:/st/stm32cubeide_1.7.0/stm32cubeide/plugins/com.st.stm32cube.ide.mcu.externaltools.gnu-tools-for-stm32.9-2020-q2-update.win32_2.0.0.202105311346/tools/bin/../lib/gcc/arm-none-eabi/9.3.1/../../../../arm-none-eabi/lib/thumb/v7-m/nofp\libm.a
LOAD c:/st/stm32cubeide_1.7.0/stm32cubeide/plugins/com.st.stm32cube.ide.mcu.externaltools.gnu-tools-for-stm32.9-2020-q2-update.win32_2.0.0.202105311346/tools/bin/../lib/gcc/arm-none-eabi/9.3.1/thumb/v7-m/nofp\libgcc.a

.debug_info     0x0000000000000000     0xeaca
 .debug_info    0x0000000000000000      0x499 ./Core/Src/button.o
 .debug_info    0x0000000000000499      0x554 ./Core/Src/fsm_automatic.o
 .debug_info    0x00000000000009ed      0xddd ./Core/Src/fsm_manual.o
 .debug_info    0x00000000000017ca      0x385 ./Core/Src/fsm_setting.o
 .debug_info    0x0000000000001b4f      0x2bb ./Core/Src/global.o
 .debug_info    0x0000000000001e0a      0x7d7 ./Core/Src/i2c-lcd.o
 .debug_info    0x00000000000025e1      0x317 ./Core/Src/led_traffic.o
 .debug_info    0x00000000000028f8     0x1023 ./Core/Src/main.o
 .debug_info    0x000000000000391b      0x233 ./Core/Src/software_timer.o
 .debug_info    0x0000000000003b4e      0xe68 ./Core/Src/stm32f1xx_hal_msp.o
 .debug_info    0x00000000000049b6      0x7b9 ./Core/Src/stm32f1xx_it.o
 .debug_info    0x000000000000516f      0xa25 ./Core/Src/sysmem.o
 .debug_info    0x0000000000005b94      0x2be ./Core/Src/system_stm32f1xx.o
 .debug_info    0x0000000000005e52       0x22 ./Core/Startup/startup_stm32f103rbtx.o
 .debug_info    0x0000000000005e74      0x76a ./Drivers/STM32F1xx_HAL_Driver/Src/stm32f1xx_hal.o
 .debug_info    0x00000000000065de      0xbdc ./Drivers/STM32F1xx_HAL_Driver/Src/stm32f1xx_hal_cortex.o
 .debug_info    0x00000000000071ba      0x701 ./Drivers/STM32F1xx_HAL_Driver/Src/stm32f1xx_hal_gpio.o
 .debug_info    0x00000000000078bb     0x27cb ./Drivers/STM32F1xx_HAL_Driver/Src/stm32f1xx_hal_i2c.o
 .debug_info    0x000000000000a086      0x893 ./Drivers/STM32F1xx_HAL_Driver/Src/stm32f1xx_hal_rcc.o
 .debug_info    0x000000000000a919     0x2c32 ./Drivers/STM32F1xx_HAL_Driver/Src/stm32f1xx_hal_tim.o
 .debug_info    0x000000000000d54b     0x157f ./Drivers/STM32F1xx_HAL_Driver/Src/stm32f1xx_hal_tim_ex.o

.debug_abbrev   0x0000000000000000     0x23c3
 .debug_abbrev  0x0000000000000000      0x18a ./Core/Src/button.o
 .debug_abbrev  0x000000000000018a      0x137 ./Core/Src/fsm_automatic.o
 .debug_abbrev  0x00000000000002c1      0x269 ./Core/Src/fsm_manual.o
 .debug_abbrev  0x000000000000052a       0xd8 ./Core/Src/fsm_setting.o
 .debug_abbrev  0x0000000000000602       0x70 ./Core/Src/global.o
 .debug_abbrev  0x0000000000000672      0x1b2 ./Core/Src/i2c-lcd.o
 .debug_abbrev  0x0000000000000824       0xf8 ./Core/Src/led_traffic.o
 .debug_abbrev  0x000000000000091c      0x273 ./Core/Src/main.o
 .debug_abbrev  0x0000000000000b8f      0x130 ./Core/Src/software_timer.o
 .debug_abbrev  0x0000000000000cbf      0x1c8 ./Core/Src/stm32f1xx_hal_msp.o
 .debug_abbrev  0x0000000000000e87      0x176 ./Core/Src/stm32f1xx_it.o
 .debug_abbrev  0x0000000000000ffd      0x1bf ./Core/Src/sysmem.o
 .debug_abbrev  0x00000000000011bc      0x14e ./Core/Src/system_stm32f1xx.o
 .debug_abbrev  0x000000000000130a       0x12 ./Core/Startup/startup_stm32f103rbtx.o
 .debug_abbrev  0x000000000000131c      0x1ed ./Drivers/STM32F1xx_HAL_Driver/Src/stm32f1xx_hal.o
 .debug_abbrev  0x0000000000001509      0x313 ./Drivers/STM32F1xx_HAL_Driver/Src/stm32f1xx_hal_cortex.o
 .debug_abbrev  0x000000000000181c      0x1e8 ./Drivers/STM32F1xx_HAL_Driver/Src/stm32f1xx_hal_gpio.o
 .debug_abbrev  0x0000000000001a04      0x288 ./Drivers/STM32F1xx_HAL_Driver/Src/stm32f1xx_hal_i2c.o
 .debug_abbrev  0x0000000000001c8c      0x273 ./Drivers/STM32F1xx_HAL_Driver/Src/stm32f1xx_hal_rcc.o
 .debug_abbrev  0x0000000000001eff      0x25e ./Drivers/STM32F1xx_HAL_Driver/Src/stm32f1xx_hal_tim.o
 .debug_abbrev  0x000000000000215d      0x266 ./Drivers/STM32F1xx_HAL_Driver/Src/stm32f1xx_hal_tim_ex.o

.debug_aranges  0x0000000000000000      0xdd8
 .debug_aranges
                0x0000000000000000       0x30 ./Core/Src/button.o
 .debug_aranges
                0x0000000000000030       0x38 ./Core/Src/fsm_automatic.o
 .debug_aranges
                0x0000000000000068       0x28 ./Core/Src/fsm_manual.o
 .debug_aranges
                0x0000000000000090       0x28 ./Core/Src/fsm_setting.o
 .debug_aranges
                0x00000000000000b8       0x18 ./Core/Src/global.o
 .debug_aranges
                0x00000000000000d0       0x48 ./Core/Src/i2c-lcd.o
 .debug_aranges
                0x0000000000000118       0x80 ./Core/Src/led_traffic.o
 .debug_aranges
                0x0000000000000198       0x50 ./Core/Src/main.o
 .debug_aranges
                0x00000000000001e8       0x30 ./Core/Src/software_timer.o
 .debug_aranges
                0x0000000000000218       0x40 ./Core/Src/stm32f1xx_hal_msp.o
 .debug_aranges
                0x0000000000000258       0x68 ./Core/Src/stm32f1xx_it.o
 .debug_aranges
                0x00000000000002c0       0x20 ./Core/Src/sysmem.o
 .debug_aranges
                0x00000000000002e0       0x28 ./Core/Src/system_stm32f1xx.o
 .debug_aranges
                0x0000000000000308       0x28 ./Core/Startup/startup_stm32f103rbtx.o
 .debug_aranges
                0x0000000000000330       0xe0 ./Drivers/STM32F1xx_HAL_Driver/Src/stm32f1xx_hal.o
 .debug_aranges
                0x0000000000000410      0x100 ./Drivers/STM32F1xx_HAL_Driver/Src/stm32f1xx_hal_cortex.o
 .debug_aranges
                0x0000000000000510       0x58 ./Drivers/STM32F1xx_HAL_Driver/Src/stm32f1xx_hal_gpio.o
 .debug_aranges
                0x0000000000000568      0x2a8 ./Drivers/STM32F1xx_HAL_Driver/Src/stm32f1xx_hal_i2c.o
 .debug_aranges
                0x0000000000000810       0x90 ./Drivers/STM32F1xx_HAL_Driver/Src/stm32f1xx_hal_rcc.o
 .debug_aranges
                0x00000000000008a0      0x3d0 ./Drivers/STM32F1xx_HAL_Driver/Src/stm32f1xx_hal_tim.o
 .debug_aranges
                0x0000000000000c70      0x168 ./Drivers/STM32F1xx_HAL_Driver/Src/stm32f1xx_hal_tim_ex.o

.debug_ranges   0x0000000000000000      0xca0
 .debug_ranges  0x0000000000000000       0x20 ./Core/Src/button.o
 .debug_ranges  0x0000000000000020       0x28 ./Core/Src/fsm_automatic.o
 .debug_ranges  0x0000000000000048       0x18 ./Core/Src/fsm_manual.o
 .debug_ranges  0x0000000000000060       0x18 ./Core/Src/fsm_setting.o
 .debug_ranges  0x0000000000000078       0x38 ./Core/Src/i2c-lcd.o
 .debug_ranges  0x00000000000000b0       0x70 ./Core/Src/led_traffic.o
 .debug_ranges  0x0000000000000120       0x40 ./Core/Src/main.o
 .debug_ranges  0x0000000000000160       0x20 ./Core/Src/software_timer.o
 .debug_ranges  0x0000000000000180       0x30 ./Core/Src/stm32f1xx_hal_msp.o
 .debug_ranges  0x00000000000001b0       0x58 ./Core/Src/stm32f1xx_it.o
 .debug_ranges  0x0000000000000208       0x10 ./Core/Src/sysmem.o
 .debug_ranges  0x0000000000000218       0x18 ./Core/Src/system_stm32f1xx.o
 .debug_ranges  0x0000000000000230       0x20 ./Core/Startup/startup_stm32f103rbtx.o
 .debug_ranges  0x0000000000000250       0xd0 ./Drivers/STM32F1xx_HAL_Driver/Src/stm32f1xx_hal.o
 .debug_ranges  0x0000000000000320       0xf0 ./Drivers/STM32F1xx_HAL_Driver/Src/stm32f1xx_hal_cortex.o
 .debug_ranges  0x0000000000000410       0x48 ./Drivers/STM32F1xx_HAL_Driver/Src/stm32f1xx_hal_gpio.o
 .debug_ranges  0x0000000000000458      0x2b0 ./Drivers/STM32F1xx_HAL_Driver/Src/stm32f1xx_hal_i2c.o
 .debug_ranges  0x0000000000000708       0x80 ./Drivers/STM32F1xx_HAL_Driver/Src/stm32f1xx_hal_rcc.o
 .debug_ranges  0x0000000000000788      0x3c0 ./Drivers/STM32F1xx_HAL_Driver/Src/stm32f1xx_hal_tim.o
 .debug_ranges  0x0000000000000b48      0x158 ./Drivers/STM32F1xx_HAL_Driver/Src/stm32f1xx_hal_tim_ex.o

.debug_macro    0x0000000000000000    0x188a6
 .debug_macro   0x0000000000000000      0x1cb ./Core/Src/button.o
 .debug_macro   0x00000000000001cb      0xa9c ./Core/Src/button.o
 .debug_macro   0x0000000000000c67      0x21b ./Core/Src/button.o
 .debug_macro   0x0000000000000e82       0x2e ./Core/Src/button.o
 .debug_macro   0x0000000000000eb0       0x22 ./Core/Src/button.o
 .debug_macro   0x0000000000000ed2       0x22 ./Core/Src/button.o
 .debug_macro   0x0000000000000ef4       0x8e ./Core/Src/button.o
 .debug_macro   0x0000000000000f82       0x51 ./Core/Src/button.o
 .debug_macro   0x0000000000000fd3      0x103 ./Core/Src/button.o
 .debug_macro   0x00000000000010d6       0x6a ./Core/Src/button.o
 .debug_macro   0x0000000000001140      0x1df ./Core/Src/button.o
 .debug_macro   0x000000000000131f       0x1c ./Core/Src/button.o
 .debug_macro   0x000000000000133b       0x22 ./Core/Src/button.o
 .debug_macro   0x000000000000135d       0xc3 ./Core/Src/button.o
 .debug_macro   0x0000000000001420      0xd23 ./Core/Src/button.o
 .debug_macro   0x0000000000002143     0xe09e ./Core/Src/button.o
 .debug_macro   0x00000000000101e1       0x6d ./Core/Src/button.o
 .debug_macro   0x000000000001024e     0x34a2 ./Core/Src/button.o
 .debug_macro   0x00000000000136f0      0x174 ./Core/Src/button.o
 .debug_macro   0x0000000000013864       0x5c ./Core/Src/button.o
 .debug_macro   0x00000000000138c0      0x5bc ./Core/Src/button.o
 .debug_macro   0x0000000000013e7c      0x289 ./Core/Src/button.o
 .debug_macro   0x0000000000014105      0x1cb ./Core/Src/button.o
 .debug_macro   0x00000000000142d0      0x114 ./Core/Src/button.o
 .debug_macro   0x00000000000143e4      0x1b2 ./Core/Src/button.o
 .debug_macro   0x0000000000014596       0x27 ./Core/Src/button.o
 .debug_macro   0x00000000000145bd      0x136 ./Core/Src/button.o
 .debug_macro   0x00000000000146f3      0x1bc ./Core/Src/button.o
 .debug_macro   0x00000000000148af       0x34 ./Core/Src/button.o
 .debug_macro   0x00000000000148e3       0x3c ./Core/Src/button.o
 .debug_macro   0x000000000001491f       0x57 ./Core/Src/button.o
 .debug_macro   0x0000000000014976       0x87 ./Core/Src/button.o
 .debug_macro   0x00000000000149fd      0x240 ./Core/Src/button.o
 .debug_macro   0x0000000000014c3d      0x287 ./Core/Src/button.o
 .debug_macro   0x0000000000014ec4      0x140 ./Core/Src/button.o
 .debug_macro   0x0000000000015004      0x8ed ./Core/Src/button.o
 .debug_macro   0x00000000000158f1       0x83 ./Core/Src/button.o
 .debug_macro   0x0000000000015974       0xa0 ./Core/Src/button.o
 .debug_macro   0x0000000000015a14       0x1c ./Core/Src/button.o
 .debug_macro   0x0000000000015a30      0x1de ./Core/Src/fsm_automatic.o
 .debug_macro   0x0000000000015c0e      0x3a2 ./Core/Src/fsm_manual.o
 .debug_macro   0x0000000000015fb0       0x52 ./Core/Src/fsm_manual.o
 .debug_macro   0x0000000000016002       0x18 ./Core/Src/fsm_manual.o
 .debug_macro   0x000000000001601a       0x3c ./Core/Src/fsm_manual.o
 .debug_macro   0x0000000000016056       0x34 ./Core/Src/fsm_manual.o
 .debug_macro   0x000000000001608a       0x16 ./Core/Src/fsm_manual.o
 .debug_macro   0x00000000000160a0       0x35 ./Core/Src/fsm_manual.o
 .debug_macro   0x00000000000160d5      0x333 ./Core/Src/fsm_manual.o
 .debug_macro   0x0000000000016408       0x10 ./Core/Src/fsm_manual.o
 .debug_macro   0x0000000000016418       0x16 ./Core/Src/fsm_manual.o
 .debug_macro   0x000000000001642e       0x43 ./Core/Src/fsm_manual.o
 .debug_macro   0x0000000000016471       0x34 ./Core/Src/fsm_manual.o
 .debug_macro   0x00000000000164a5       0x10 ./Core/Src/fsm_manual.o
 .debug_macro   0x00000000000164b5       0x58 ./Core/Src/fsm_manual.o
 .debug_macro   0x000000000001650d       0x71 ./Core/Src/fsm_manual.o
 .debug_macro   0x000000000001657e       0x1c ./Core/Src/fsm_manual.o
 .debug_macro   0x000000000001659a      0x12a ./Core/Src/fsm_manual.o
 .debug_macro   0x00000000000166c4       0x10 ./Core/Src/fsm_manual.o
 .debug_macro   0x00000000000166d4       0x1c ./Core/Src/fsm_manual.o
 .debug_macro   0x00000000000166f0       0x52 ./Core/Src/fsm_manual.o
 .debug_macro   0x0000000000016742       0x22 ./Core/Src/fsm_manual.o
 .debug_macro   0x0000000000016764       0x10 ./Core/Src/fsm_manual.o
 .debug_macro   0x0000000000016774       0x40 ./Core/Src/fsm_manual.o
 .debug_macro   0x00000000000167b4       0xd5 ./Core/Src/fsm_manual.o
 .debug_macro   0x0000000000016889       0x1c ./Core/Src/fsm_manual.o
 .debug_macro   0x00000000000168a5       0x3d ./Core/Src/fsm_manual.o
 .debug_macro   0x00000000000168e2       0x16 ./Core/Src/fsm_manual.o
 .debug_macro   0x00000000000168f8      0x145 ./Core/Src/fsm_manual.o
 .debug_macro   0x0000000000016a3d       0x16 ./Core/Src/fsm_manual.o
 .debug_macro   0x0000000000016a53       0x16 ./Core/Src/fsm_manual.o
 .debug_macro   0x0000000000016a69       0x29 ./Core/Src/fsm_manual.o
 .debug_macro   0x0000000000016a92      0x1f5 ./Core/Src/fsm_setting.o
 .debug_macro   0x0000000000016c87       0x1b ./Core/Src/global.o
 .debug_macro   0x0000000000016ca2      0x1ad ./Core/Src/i2c-lcd.o
 .debug_macro   0x0000000000016e4f      0x1bc ./Core/Src/led_traffic.o
 .debug_macro   0x000000000001700b      0x22f ./Core/Src/main.o
 .debug_macro   0x000000000001723a      0x1bc ./Core/Src/software_timer.o
 .debug_macro   0x00000000000173f6      0x1b2 ./Core/Src/stm32f1xx_hal_msp.o
 .debug_macro   0x00000000000175a8      0x1bc ./Core/Src/stm32f1xx_it.o
 .debug_macro   0x0000000000017764       0xff ./Core/Src/sysmem.o
 .debug_macro   0x0000000000017863      0x23b ./Core/Src/sysmem.o
 .debug_macro   0x0000000000017a9e      0x1a3 ./Core/Src/system_stm32f1xx.o
 .debug_macro   0x0000000000017c41      0x1c7 ./Drivers/STM32F1xx_HAL_Driver/Src/stm32f1xx_hal.o
 .debug_macro   0x0000000000017e08      0x1a3 ./Drivers/STM32F1xx_HAL_Driver/Src/stm32f1xx_hal_cortex.o
 .debug_macro   0x0000000000017fab      0x20e ./Drivers/STM32F1xx_HAL_Driver/Src/stm32f1xx_hal_gpio.o
 .debug_macro   0x00000000000181b9      0x1f1 ./Drivers/STM32F1xx_HAL_Driver/Src/stm32f1xx_hal_i2c.o
 .debug_macro   0x00000000000183aa      0x1b5 ./Drivers/STM32F1xx_HAL_Driver/Src/stm32f1xx_hal_rcc.o
 .debug_macro   0x000000000001855f      0x1a4 ./Drivers/STM32F1xx_HAL_Driver/Src/stm32f1xx_hal_tim.o
 .debug_macro   0x0000000000018703      0x1a3 ./Drivers/STM32F1xx_HAL_Driver/Src/stm32f1xx_hal_tim_ex.o

.debug_line     0x0000000000000000    0x10ceb
 .debug_line    0x0000000000000000      0x79b ./Core/Src/button.o
 .debug_line    0x000000000000079b      0x858 ./Core/Src/fsm_automatic.o
 .debug_line    0x0000000000000ff3      0xa92 ./Core/Src/fsm_manual.o
 .debug_line    0x0000000000001a85      0x701 ./Core/Src/fsm_setting.o
 .debug_line    0x0000000000002186       0x4d ./Core/Src/global.o
 .debug_line    0x00000000000021d3      0x73f ./Core/Src/i2c-lcd.o
 .debug_line    0x0000000000002912      0x7ae ./Core/Src/led_traffic.o
 .debug_line    0x00000000000030c0      0x86d ./Core/Src/main.o
 .debug_line    0x000000000000392d      0x6d9 ./Core/Src/software_timer.o
 .debug_line    0x0000000000004006      0x703 ./Core/Src/stm32f1xx_hal_msp.o
 .debug_line    0x0000000000004709      0x756 ./Core/Src/stm32f1xx_it.o
 .debug_line    0x0000000000004e5f      0x4f8 ./Core/Src/sysmem.o
 .debug_line    0x0000000000005357      0x6fa ./Core/Src/system_stm32f1xx.o
 .debug_line    0x0000000000005a51       0x86 ./Core/Startup/startup_stm32f103rbtx.o
 .debug_line    0x0000000000005ad7      0x927 ./Drivers/STM32F1xx_HAL_Driver/Src/stm32f1xx_hal.o
 .debug_line    0x00000000000063fe      0xb0f ./Drivers/STM32F1xx_HAL_Driver/Src/stm32f1xx_hal_cortex.o
 .debug_line    0x0000000000006f0d      0x9c0 ./Drivers/STM32F1xx_HAL_Driver/Src/stm32f1xx_hal_gpio.o
 .debug_line    0x00000000000078cd     0x3abd ./Drivers/STM32F1xx_HAL_Driver/Src/stm32f1xx_hal_i2c.o
 .debug_line    0x000000000000b38a      0xd33 ./Drivers/STM32F1xx_HAL_Driver/Src/stm32f1xx_hal_rcc.o
 .debug_line    0x000000000000c0bd     0x33c1 ./Drivers/STM32F1xx_HAL_Driver/Src/stm32f1xx_hal_tim.o
 .debug_line    0x000000000000f47e     0x186d ./Drivers/STM32F1xx_HAL_Driver/Src/stm32f1xx_hal_tim_ex.o

.debug_str      0x0000000000000000    0x8b3eb
 .debug_str     0x0000000000000000    0x8336e ./Core/Src/button.o
                                      0x836f7 (size before relaxing)
 .debug_str     0x000000000008336e       0x82 ./Core/Src/fsm_automatic.o
                                      0x8365a (size before relaxing)
 .debug_str     0x00000000000833f0     0x41c2 ./Core/Src/fsm_manual.o
                                      0x87913 (size before relaxing)
 .debug_str     0x00000000000875b2       0x34 ./Core/Src/fsm_setting.o
                                      0x836d5 (size before relaxing)
 .debug_str     0x00000000000875e6       0x15 ./Core/Src/global.o
                                       0x2dec (size before relaxing)
 .debug_str     0x00000000000875fb      0x48e ./Core/Src/i2c-lcd.o
                                      0x83850 (size before relaxing)
 .debug_str     0x0000000000087a89       0xae ./Core/Src/led_traffic.o
                                      0x8364e (size before relaxing)
 .debug_str     0x0000000000087b37      0x53f ./Core/Src/main.o
                                      0x8411c (size before relaxing)
 .debug_str     0x0000000000088076       0x55 ./Core/Src/software_timer.o
                                      0x835bc (size before relaxing)
 .debug_str     0x00000000000880cb      0x31b ./Core/Src/stm32f1xx_hal_msp.o
                                      0x840a1 (size before relaxing)
 .debug_str     0x00000000000883e6       0xcd ./Core/Src/stm32f1xx_it.o
                                      0x83acc (size before relaxing)
 .debug_str     0x00000000000884b3      0x4e9 ./Core/Src/sysmem.o
                                       0x6237 (size before relaxing)
 .debug_str     0x000000000008899c       0x52 ./Core/Src/system_stm32f1xx.o
                                      0x833ce (size before relaxing)
 .debug_str     0x00000000000889ee       0x36 ./Core/Startup/startup_stm32f103rbtx.o
                                         0x4b (size before relaxing)
 .debug_str     0x0000000000088a24      0x304 ./Drivers/STM32F1xx_HAL_Driver/Src/stm32f1xx_hal.o
                                      0x83a5f (size before relaxing)
 .debug_str     0x0000000000088d28      0x300 ./Drivers/STM32F1xx_HAL_Driver/Src/stm32f1xx_hal_cortex.o
                                      0x83a67 (size before relaxing)
 .debug_str     0x0000000000089028      0x31f ./Drivers/STM32F1xx_HAL_Driver/Src/stm32f1xx_hal_gpio.o
                                      0x83792 (size before relaxing)
 .debug_str     0x0000000000089347      0xb9a ./Drivers/STM32F1xx_HAL_Driver/Src/stm32f1xx_hal_i2c.o
                                      0x8445d (size before relaxing)
 .debug_str     0x0000000000089ee1      0x244 ./Drivers/STM32F1xx_HAL_Driver/Src/stm32f1xx_hal_rcc.o
                                      0x837cb (size before relaxing)
 .debug_str     0x000000000008a125      0xdd8 ./Drivers/STM32F1xx_HAL_Driver/Src/stm32f1xx_hal_tim.o
                                      0x847b4 (size before relaxing)
 .debug_str     0x000000000008aefd      0x4ee ./Drivers/STM32F1xx_HAL_Driver/Src/stm32f1xx_hal_tim_ex.o
                                      0x83f55 (size before relaxing)

.comment        0x0000000000000000       0x53
 .comment       0x0000000000000000       0x53 ./Core/Src/button.o
                                         0x54 (size before relaxing)
 .comment       0x0000000000000053       0x54 ./Core/Src/fsm_automatic.o
 .comment       0x0000000000000053       0x54 ./Core/Src/fsm_manual.o
 .comment       0x0000000000000053       0x54 ./Core/Src/fsm_setting.o
 .comment       0x0000000000000053       0x54 ./Core/Src/global.o
 .comment       0x0000000000000053       0x54 ./Core/Src/i2c-lcd.o
 .comment       0x0000000000000053       0x54 ./Core/Src/led_traffic.o
 .comment       0x0000000000000053       0x54 ./Core/Src/main.o
 .comment       0x0000000000000053       0x54 ./Core/Src/software_timer.o
 .comment       0x0000000000000053       0x54 ./Core/Src/stm32f1xx_hal_msp.o
 .comment       0x0000000000000053       0x54 ./Core/Src/stm32f1xx_it.o
 .comment       0x0000000000000053       0x54 ./Core/Src/sysmem.o
 .comment       0x0000000000000053       0x54 ./Core/Src/system_stm32f1xx.o
 .comment       0x0000000000000053       0x54 ./Drivers/STM32F1xx_HAL_Driver/Src/stm32f1xx_hal.o
 .comment       0x0000000000000053       0x54 ./Drivers/STM32F1xx_HAL_Driver/Src/stm32f1xx_hal_cortex.o
 .comment       0x0000000000000053       0x54 ./Drivers/STM32F1xx_HAL_Driver/Src/stm32f1xx_hal_gpio.o
 .comment       0x0000000000000053       0x54 ./Drivers/STM32F1xx_HAL_Driver/Src/stm32f1xx_hal_i2c.o
 .comment       0x0000000000000053       0x54 ./Drivers/STM32F1xx_HAL_Driver/Src/stm32f1xx_hal_rcc.o
 .comment       0x0000000000000053       0x54 ./Drivers/STM32F1xx_HAL_Driver/Src/stm32f1xx_hal_tim.o
 .comment       0x0000000000000053       0x54 ./Drivers/STM32F1xx_HAL_Driver/Src/stm32f1xx_hal_tim_ex.o

.debug_frame    0x0000000000000000     0x3b78
 .debug_frame   0x0000000000000000       0x7c ./Core/Src/button.o
 .debug_frame   0x000000000000007c       0x84 ./Core/Src/fsm_automatic.o
 .debug_frame   0x0000000000000100       0x5c ./Core/Src/fsm_manual.o
 .debug_frame   0x000000000000015c       0x48 ./Core/Src/fsm_setting.o
 .debug_frame   0x00000000000001a4       0xd8 ./Core/Src/i2c-lcd.o
 .debug_frame   0x000000000000027c      0x17c ./Core/Src/led_traffic.o
 .debug_frame   0x00000000000003f8       0xf0 ./Core/Src/main.o
 .debug_frame   0x00000000000004e8       0x7c ./Core/Src/software_timer.o
 .debug_frame   0x0000000000000564       0xc8 ./Core/Src/stm32f1xx_hal_msp.o
 .debug_frame   0x000000000000062c      0x120 ./Core/Src/stm32f1xx_it.o
 .debug_frame   0x000000000000074c       0x34 ./Core/Src/sysmem.o
 .debug_frame   0x0000000000000780       0x58 ./Core/Src/system_stm32f1xx.o
 .debug_frame   0x00000000000007d8      0x334 ./Drivers/STM32F1xx_HAL_Driver/Src/stm32f1xx_hal.o
 .debug_frame   0x0000000000000b0c      0x428 ./Drivers/STM32F1xx_HAL_Driver/Src/stm32f1xx_hal_cortex.o
 .debug_frame   0x0000000000000f34      0x14c ./Drivers/STM32F1xx_HAL_Driver/Src/stm32f1xx_hal_gpio.o
 .debug_frame   0x0000000000001080      0xc84 ./Drivers/STM32F1xx_HAL_Driver/Src/stm32f1xx_hal_i2c.o
 .debug_frame   0x0000000000001d04      0x218 ./Drivers/STM32F1xx_HAL_Driver/Src/stm32f1xx_hal_rcc.o
 .debug_frame   0x0000000000001f1c     0x11b8 ./Drivers/STM32F1xx_HAL_Driver/Src/stm32f1xx_hal_tim.o
 .debug_frame   0x00000000000030d4      0x638 ./Drivers/STM32F1xx_HAL_Driver/Src/stm32f1xx_hal_tim_ex.o
 .debug_frame   0x000000000000370c       0x20 c:/st/stm32cubeide_1.7.0/stm32cubeide/plugins/com.st.stm32cube.ide.mcu.externaltools.gnu-tools-for-stm32.9-2020-q2-update.win32_2.0.0.202105311346/tools/bin/../lib/gcc/arm-none-eabi/9.3.1/../../../../arm-none-eabi/lib/thumb/v7-m/nofp\libc_nano.a(lib_a-errno.o)
 .debug_frame   0x000000000000372c       0x2c c:/st/stm32cubeide_1.7.0/stm32cubeide/plugins/com.st.stm32cube.ide.mcu.externaltools.gnu-tools-for-stm32.9-2020-q2-update.win32_2.0.0.202105311346/tools/bin/../lib/gcc/arm-none-eabi/9.3.1/../../../../arm-none-eabi/lib/thumb/v7-m/nofp\libc_nano.a(lib_a-init.o)
 .debug_frame   0x0000000000003758       0x20 c:/st/stm32cubeide_1.7.0/stm32cubeide/plugins/com.st.stm32cube.ide.mcu.externaltools.gnu-tools-for-stm32.9-2020-q2-update.win32_2.0.0.202105311346/tools/bin/../lib/gcc/arm-none-eabi/9.3.1/../../../../arm-none-eabi/lib/thumb/v7-m/nofp\libc_nano.a(lib_a-memset.o)
 .debug_frame   0x0000000000003778       0x6c c:/st/stm32cubeide_1.7.0/stm32cubeide/plugins/com.st.stm32cube.ide.mcu.externaltools.gnu-tools-for-stm32.9-2020-q2-update.win32_2.0.0.202105311346/tools/bin/../lib/gcc/arm-none-eabi/9.3.1/../../../../arm-none-eabi/lib/thumb/v7-m/nofp\libc_nano.a(lib_a-sprintf.o)
 .debug_frame   0x00000000000037e4       0x90 c:/st/stm32cubeide_1.7.0/stm32cubeide/plugins/com.st.stm32cube.ide.mcu.externaltools.gnu-tools-for-stm32.9-2020-q2-update.win32_2.0.0.202105311346/tools/bin/../lib/gcc/arm-none-eabi/9.3.1/../../../../arm-none-eabi/lib/thumb/v7-m/nofp\libc_nano.a(lib_a-nano-svfprintf.o)
 .debug_frame   0x0000000000003874       0x60 c:/st/stm32cubeide_1.7.0/stm32cubeide/plugins/com.st.stm32cube.ide.mcu.externaltools.gnu-tools-for-stm32.9-2020-q2-update.win32_2.0.0.202105311346/tools/bin/../lib/gcc/arm-none-eabi/9.3.1/../../../../arm-none-eabi/lib/thumb/v7-m/nofp\libc_nano.a(lib_a-nano-vfprintf_i.o)
 .debug_frame   0x00000000000038d4       0x28 c:/st/stm32cubeide_1.7.0/stm32cubeide/plugins/com.st.stm32cube.ide.mcu.externaltools.gnu-tools-for-stm32.9-2020-q2-update.win32_2.0.0.202105311346/tools/bin/../lib/gcc/arm-none-eabi/9.3.1/../../../../arm-none-eabi/lib/thumb/v7-m/nofp\libc_nano.a(lib_a-memchr-stub.o)
 .debug_frame   0x00000000000038fc       0x28 c:/st/stm32cubeide_1.7.0/stm32cubeide/plugins/com.st.stm32cube.ide.mcu.externaltools.gnu-tools-for-stm32.9-2020-q2-update.win32_2.0.0.202105311346/tools/bin/../lib/gcc/arm-none-eabi/9.3.1/../../../../arm-none-eabi/lib/thumb/v7-m/nofp\libc_nano.a(lib_a-memcpy-stub.o)
 .debug_frame   0x0000000000003924       0x28 c:/st/stm32cubeide_1.7.0/stm32cubeide/plugins/com.st.stm32cube.ide.mcu.externaltools.gnu-tools-for-stm32.9-2020-q2-update.win32_2.0.0.202105311346/tools/bin/../lib/gcc/arm-none-eabi/9.3.1/../../../../arm-none-eabi/lib/thumb/v7-m/nofp\libc_nano.a(lib_a-memmove.o)
 .debug_frame   0x000000000000394c       0x38 c:/st/stm32cubeide_1.7.0/stm32cubeide/plugins/com.st.stm32cube.ide.mcu.externaltools.gnu-tools-for-stm32.9-2020-q2-update.win32_2.0.0.202105311346/tools/bin/../lib/gcc/arm-none-eabi/9.3.1/../../../../arm-none-eabi/lib/thumb/v7-m/nofp\libc_nano.a(lib_a-nano-freer.o)
 .debug_frame   0x0000000000003984       0x30 c:/st/stm32cubeide_1.7.0/stm32cubeide/plugins/com.st.stm32cube.ide.mcu.externaltools.gnu-tools-for-stm32.9-2020-q2-update.win32_2.0.0.202105311346/tools/bin/../lib/gcc/arm-none-eabi/9.3.1/../../../../arm-none-eabi/lib/thumb/v7-m/nofp\libc_nano.a(lib_a-nano-mallocr.o)
 .debug_frame   0x00000000000039b4       0x3c c:/st/stm32cubeide_1.7.0/stm32cubeide/plugins/com.st.stm32cube.ide.mcu.externaltools.gnu-tools-for-stm32.9-2020-q2-update.win32_2.0.0.202105311346/tools/bin/../lib/gcc/arm-none-eabi/9.3.1/../../../../arm-none-eabi/lib/thumb/v7-m/nofp\libc_nano.a(lib_a-nano-reallocr.o)
 .debug_frame   0x00000000000039f0       0x2c c:/st/stm32cubeide_1.7.0/stm32cubeide/plugins/com.st.stm32cube.ide.mcu.externaltools.gnu-tools-for-stm32.9-2020-q2-update.win32_2.0.0.202105311346/tools/bin/../lib/gcc/arm-none-eabi/9.3.1/../../../../arm-none-eabi/lib/thumb/v7-m/nofp\libc_nano.a(lib_a-sbrkr.o)
 .debug_frame   0x0000000000003a1c       0x30 c:/st/stm32cubeide_1.7.0/stm32cubeide/plugins/com.st.stm32cube.ide.mcu.externaltools.gnu-tools-for-stm32.9-2020-q2-update.win32_2.0.0.202105311346/tools/bin/../lib/gcc/arm-none-eabi/9.3.1/../../../../arm-none-eabi/lib/thumb/v7-m/nofp\libc_nano.a(lib_a-mlock.o)
 .debug_frame   0x0000000000003a4c       0x20 c:/st/stm32cubeide_1.7.0/stm32cubeide/plugins/com.st.stm32cube.ide.mcu.externaltools.gnu-tools-for-stm32.9-2020-q2-update.win32_2.0.0.202105311346/tools/bin/../lib/gcc/arm-none-eabi/9.3.1/../../../../arm-none-eabi/lib/thumb/v7-m/nofp\libc_nano.a(lib_a-nano-msizer.o)
 .debug_frame   0x0000000000003a6c       0x5c c:/st/stm32cubeide_1.7.0/stm32cubeide/plugins/com.st.stm32cube.ide.mcu.externaltools.gnu-tools-for-stm32.9-2020-q2-update.win32_2.0.0.202105311346/tools/bin/../lib/gcc/arm-none-eabi/9.3.1/../../../../arm-none-eabi/lib/thumb/v7-m/nofp\libc_nano.a(lib_a-reent.o)
 .debug_frame   0x0000000000003ac8       0xb0 c:/st/stm32cubeide_1.7.0/stm32cubeide/plugins/com.st.stm32cube.ide.mcu.externaltools.gnu-tools-for-stm32.9-2020-q2-update.win32_2.0.0.202105311346/tools/bin/../lib/gcc/arm-none-eabi/9.3.1/../../../../arm-none-eabi/lib/thumb/v7-m/nofp\libc_nano.a(lib_a-lock.o)
